[alibaba] al_mubarak_usd_trade_fund_H1-2022_p06.png: 12.5s, 1290 chars, provider=Alibaba, finish=stop
[alibaba] alahli_global_trade_fund_H1-2023_p05.png: 9.8s, 1263 chars, provider=Alibaba, finish=stop
[alibaba] al_rajhi_FY2024_p09.png: 22.8s, 2261 chars, provider=Alibaba, finish=stop
[alibaba] al_khodari_FY2018_p11.png: 29.5s, 3329 chars, provider=Alibaba, finish=stop
[alibaba] alinma_tokio_marine_FY2022_p10.png: 9.3s, 1059 chars, provider=Alibaba, finish=stop
[alibaba] alif_meem_yaa_FY2023_p09.png: 19.0s, 2238 chars, provider=Alibaba, finish=stop
[alibaba] almarai_FY2024_p10.png: 14.2s, 1588 chars, provider=Alibaba, finish=stop
[alibaba] blom_saudi_fund_FY2022_p06.png: 8.8s, 1102 chars, provider=Alibaba, finish=stop
[alibaba] bahri_FY2024_p10.png: 28.7s, 3054 chars, provider=Alibaba, finish=stop
[alibaba] cenomi_retail_FY2024_p14.png: 14.5s, 1202 chars, provider=Alibaba, finish=stop
[alibaba] cenomi_retail_FY2024_p13.png: 24.2s, 2915 chars, provider=Alibaba, finish=stop
[alibaba] halwani_FY2024_p09.png: 13.2s, 1114 chars, provider=Alibaba, finish=stop
[alibaba] halwani_FY2024_p08.png: 18.2s, 1719 chars, provider=Alibaba, finish=stop
[alibaba] herfy_FY2024_p08.png: 14.3s, 1601 chars, provider=Alibaba, finish=stop
[alibaba] kingdom_holding_FY2024_p09.png: 12.0s, 1378 chars, provider=Alibaba, finish=stop
[alibaba] liva_FY2024_p08.png: 16.9s, 1580 chars, provider=Alibaba, finish=stop
[alibaba] maadaniyah_Q1-2025_p04.png: 22.0s, 2501 chars, provider=Alibaba, finish=stop
[alibaba] othaim_FY2024_p09.png: 13.0s, 1302 chars, provider=Alibaba, finish=stop
[alibaba] riyad_aliemar_fund_FY2023_p07.png: 10.0s, 980 chars, provider=Alibaba, finish=stop
[alibaba] nama_FY2024_p10.png: 26.2s, 2779 chars, provider=Alibaba, finish=stop
[alibaba] saudi_re_FY2024_p10.png: 8.4s, 996 chars, provider=Alibaba, finish=stop
[alibaba] sedco_capital_reit_FY2022_p07.png: 16.3s, 1668 chars, provider=Alibaba, finish=stop
[alibaba] snb_FY2024_p12.png: 25.4s, 2431 chars, provider=Alibaba, finish=stop
[alibaba] taiba_FY2024_p14.png: 24.8s, 2834 chars, provider=Alibaba, finish=stop
[alibaba] DONE
