[parasail] al_mubarak_usd_trade_fund_H1-2022_p06.png: 9.3s, 1256 chars, provider=Parasail, finish=stop
[parasail] al_rajhi_FY2024_p09.png: 13.8s, 2324 chars, provider=Parasail, finish=stop
[parasail] alahli_global_trade_fund_H1-2023_p05.png: 7.6s, 1244 chars, provider=Parasail, finish=stop
[parasail] al_khodari_FY2018_p11.png: 19.0s, 3311 chars, provider=Parasail, finish=stop
[parasail] alinma_tokio_marine_FY2022_p10.png: 9.3s, 1056 chars, provider=Parasail, finish=stop
[parasail] alif_meem_yaa_FY2023_p09.png: 13.1s, 2375 chars, provider=Parasail, finish=stop
[parasail] blom_saudi_fund_FY2022_p06.png: 6.6s, 1100 chars, provider=Parasail, finish=stop
[parasail] bahri_FY2024_p10.png: 22.9s, 3165 chars, provider=Parasail, finish=stop
[parasail] cenomi_retail_FY2024_p13.png: 21.7s, 2733 chars, provider=Parasail, finish=stop
[parasail] cenomi_retail_FY2024_p14.png: 11.7s, 1160 chars, provider=Parasail, finish=stop
[parasail] halwani_FY2024_p09.png: 9.4s, 1151 chars, provider=Parasail, finish=stop
[parasail] halwani_FY2024_p08.png: 18.8s, 1761 chars, provider=Parasail, finish=stop
[parasail] herfy_FY2024_p08.png: 13.9s, 1595 chars, provider=Parasail, finish=stop
[parasail] kingdom_holding_FY2024_p09.png: 11.2s, 1397 chars, provider=Parasail, finish=stop
[parasail] liva_FY2024_p08.png: 11.0s, 1595 chars, provider=Parasail, finish=stop
[parasail] almarai_FY2024_p10.png: 86.1s, 13237 chars, provider=Parasail, finish=stop
[parasail] maadaniyah_Q1-2025_p04.png: 20.1s, 2514 chars, provider=Parasail, finish=stop
[parasail] riyad_aliemar_fund_FY2023_p07.png: 8.2s, 907 chars, provider=Parasail, finish=stop
[parasail] othaim_FY2024_p09.png: 12.0s, 1312 chars, provider=Parasail, finish=stop
[parasail] saudi_re_FY2024_p10.png: 7.7s, 992 chars, provider=Parasail, finish=stop
[parasail] nama_FY2024_p10.png: 27.0s, 2656 chars, provider=Parasail, finish=stop
[parasail] sedco_capital_reit_FY2022_p07.png: 13.3s, 1752 chars, provider=Parasail, finish=stop
[parasail] taiba_FY2024_p14.png: 18.3s, 2785 chars, provider=Parasail, finish=stop
[parasail] snb_FY2024_p12.png: 19.1s, 2478 chars, provider=Parasail, finish=stop
[parasail] DONE
