[deepinfra] al_mubarak_usd_trade_fund_H1-2022_p06.png: 24.9s, 1287 chars, provider=DeepInfra, finish=stop
[deepinfra] al_rajhi_FY2024_p09.png: 33.5s, 2323 chars, provider=DeepInfra, finish=stop
[deepinfra] alahli_global_trade_fund_H1-2023_p05.png: 12.3s, 1253 chars, provider=DeepInfra, finish=stop
[deepinfra] al_khodari_FY2018_p11.png: 44.2s, 3299 chars, provider=DeepInfra, finish=stop
[deepinfra] alinma_tokio_marine_FY2022_p10.png: 13.6s, 1079 chars, provider=DeepInfra, finish=stop
[deepinfra] alif_meem_yaa_FY2023_p09.png: 33.0s, 2298 chars, provider=DeepInfra, finish=stop
[deepinfra] blom_saudi_fund_FY2022_p06.png: 10.9s, 1101 chars, provider=DeepInfra, finish=stop
[deepinfra] bahri_FY2024_p10.png: 36.3s, 3012 chars, provider=DeepInfra, finish=stop
[deepinfra] cenomi_retail_FY2024_p14.png: 15.0s, 1194 chars, provider=DeepInfra, finish=stop
[deepinfra] cenomi_retail_FY2024_p13.png: 32.5s, 2727 chars, provider=DeepInfra, finish=stop
[deepinfra] halwani_FY2024_p08.png: 21.3s, 1744 chars, provider=DeepInfra, finish=stop
[deepinfra] halwani_FY2024_p09.png: 13.8s, 1199 chars, provider=DeepInfra, finish=stop
[deepinfra] kingdom_holding_FY2024_p09.png: 14.7s, 1343 chars, provider=DeepInfra, finish=stop
[deepinfra] herfy_FY2024_p08.png: 21.7s, 1611 chars, provider=DeepInfra, finish=stop
[deepinfra] liva_FY2024_p08.png: 18.7s, 1589 chars, provider=DeepInfra, finish=stop
[deepinfra] maadaniyah_Q1-2025_p04.png: 27.3s, 2388 chars, provider=DeepInfra, finish=stop
[deepinfra] nama_FY2024_p10.png: 27.1s, 2635 chars, provider=DeepInfra, finish=stop
[deepinfra] riyad_aliemar_fund_FY2023_p07.png: 9.4s, 903 chars, provider=DeepInfra, finish=stop
[deepinfra] saudi_re_FY2024_p10.png: 9.8s, 1007 chars, provider=DeepInfra, finish=stop
[deepinfra] sedco_capital_reit_FY2022_p07.png: 18.7s, 1681 chars, provider=DeepInfra, finish=stop
[deepinfra] almarai_FY2024_p10.png: 179.6s, 13533 chars, provider=DeepInfra, finish=length
[deepinfra] snb_FY2024_p12.png: 34.5s, 2478 chars, provider=DeepInfra, finish=stop
[deepinfra] taiba_FY2024_p14.png: 33.7s, 2781 chars, provider=DeepInfra, finish=stop
[deepinfra] othaim_FY2024_p09.png: 174.0s, 13883 chars, provider=DeepInfra, finish=length
[deepinfra] DONE
