[reka] al_mubarak_usd_trade_fund_H1-2022_p06.png: 12.2s, 1257 chars, provider=Reka, finish=stop
[reka] al_rajhi_FY2024_p09.png: 18.2s, 2323 chars, provider=Reka, finish=stop
[reka] alahli_global_trade_fund_H1-2023_p05.png: 10.2s, 1263 chars, provider=Reka, finish=stop
[reka] al_khodari_FY2018_p11.png: 22.8s, 3295 chars, provider=Reka, finish=stop
[reka] alinma_tokio_marine_FY2022_p10.png: 7.6s, 1056 chars, provider=Reka, finish=stop
[reka] almarai_FY2024_p10.png: 9.5s, 1566 chars, provider=Reka, finish=stop
[reka] alif_meem_yaa_FY2023_p09.png: 16.8s, 2375 chars, provider=Reka, finish=stop
[reka] blom_saudi_fund_FY2022_p06.png: 7.2s, 1100 chars, provider=Reka, finish=stop
[reka] cenomi_retail_FY2024_p14.png: 8.6s, 1184 chars, provider=Reka, finish=stop
[reka] bahri_FY2024_p10.png: 22.8s, 3166 chars, provider=Reka, finish=stop
[reka] cenomi_retail_FY2024_p13.png: 20.1s, 2759 chars, provider=Reka, finish=stop
[reka] halwani_FY2024_p09.png: 8.2s, 1153 chars, provider=Reka, finish=stop
[reka] halwani_FY2024_p08.png: 13.8s, 1762 chars, provider=Reka, finish=stop
[reka] herfy_FY2024_p08.png: 12.5s, 1595 chars, provider=Reka, finish=stop
[reka] kingdom_holding_FY2024_p09.png: 9.0s, 1327 chars, provider=Reka, finish=stop
[reka] liva_FY2024_p08.png: 11.3s, 1552 chars, provider=Reka, finish=stop
[reka] othaim_FY2024_p09.png: 8.8s, 1322 chars, provider=Reka, finish=stop
[reka] maadaniyah_Q1-2025_p04.png: 18.1s, 2477 chars, provider=Reka, finish=stop
[reka] nama_FY2024_p10.png: 19.4s, 2838 chars, provider=Reka, finish=stop
[reka] riyad_aliemar_fund_FY2023_p07.png: 7.8s, 949 chars, provider=Reka, finish=stop
[reka] saudi_re_FY2024_p10.png: 6.6s, 995 chars, provider=Reka, finish=stop
[reka] sedco_capital_reit_FY2022_p07.png: 14.6s, 1752 chars, provider=Reka, finish=stop
[reka] snb_FY2024_p12.png: 18.3s, 2459 chars, provider=Reka, finish=stop
[reka] taiba_FY2024_p14.png: 18.5s, 2785 chars, provider=Reka, finish=stop
[reka] DONE
