[darkbloom] al_mubarak_usd_trade_fund_H1-2022_p06.png: 27.4s, 1281 chars, provider=Darkbloom, finish=stop
[darkbloom] al_rajhi_FY2024_p09.png: 39.9s, 2171 chars, provider=Darkbloom, finish=stop
[darkbloom] alahli_global_trade_fund_H1-2023_p05.png: 19.4s, 1255 chars, provider=Darkbloom, finish=stop
[darkbloom] al_khodari_FY2018_p11.png: 59.3s, 3228 chars, provider=Darkbloom, finish=stop
[darkbloom] alif_meem_yaa_FY2023_p09.png: 31.8s, 2296 chars, provider=Darkbloom, finish=stop
[darkbloom] alinma_tokio_marine_FY2022_p10.png: 29.6s, 1102 chars, provider=Darkbloom, finish=stop
[darkbloom] almarai_FY2024_p10.png: 24.1s, 1520 chars, provider=Darkbloom, finish=stop
[darkbloom] blom_saudi_fund_FY2022_p06.png: 25.4s, 1107 chars, provider=Darkbloom, finish=stop
[darkbloom] bahri_FY2024_p10.png: 38.2s, 3146 chars, provider=Darkbloom, finish=stop
[darkbloom] cenomi_retail_FY2024_p14.png: 22.0s, 1199 chars, provider=Darkbloom, finish=stop
[darkbloom] halwani_FY2024_p08.png: 24.5s, 1867 chars, provider=Darkbloom, finish=stop
[darkbloom] cenomi_retail_FY2024_p13.png: 55.6s, 2820 chars, provider=Darkbloom, finish=stop
[darkbloom] halwani_FY2024_p09.png: 22.5s, 1221 chars, provider=Darkbloom, finish=stop
[darkbloom] kingdom_holding_FY2024_p09.png: 22.3s, 1146 chars, provider=Darkbloom, finish=stop
[darkbloom] herfy_FY2024_p08.png: 29.4s, 1670 chars, provider=Darkbloom, finish=stop
[darkbloom] liva_FY2024_p08.png: 25.2s, 1502 chars, provider=Darkbloom, finish=stop
[darkbloom] othaim_FY2024_p09.png: 20.2s, 1143 chars, provider=Darkbloom, finish=stop
[darkbloom] riyad_aliemar_fund_FY2023_p07.png: 16.2s, 900 chars, provider=Darkbloom, finish=stop
[darkbloom] maadaniyah_Q1-2025_p04.png: 54.9s, 2353 chars, provider=Darkbloom, finish=stop
[darkbloom] saudi_re_FY2024_p10.png: 13.9s, 864 chars, provider=Darkbloom, finish=stop
[darkbloom] nama_FY2024_p10.png: 63.0s, 2650 chars, provider=Darkbloom, finish=stop
[darkbloom] sedco_capital_reit_FY2022_p07.png: 25.8s, 1909 chars, provider=Darkbloom, finish=stop
[darkbloom] snb_FY2024_p12.png: 42.3s, 2352 chars, provider=Darkbloom, finish=stop
[darkbloom] taiba_FY2024_p14.png: 60.0s, 1548 chars, provider=Darkbloom, finish=stop
[darkbloom] DONE
