[transformers] `standardize_rope_params` was called but no RoPE parameters were found.
[transformers] `standardize_rope_params` was called but no RoPE parameters were found.
[transformers] `standardize_rope_params` was called but no RoPE parameters were found.
[transformers] `standardize_rope_params` was called but no RoPE parameters were found.
[transformers] `standardize_rope_params` was called but no RoPE parameters were found.
[transformers] `standardize_rope_params` was called but no RoPE parameters were found.
[transformers] `standardize_rope_params` was called but no RoPE parameters were found.
[transformers] `standardize_rope_params` was called but no RoPE parameters were found.
[transformers] `standardize_rope_params` was called but no RoPE parameters were found.
[transformers] `standardize_rope_params` was called but no RoPE parameters were found.
[transformers] `standardize_rope_params` was called but no RoPE parameters were found.
[transformers] `standardize_rope_params` was called but no RoPE parameters were found.
Loading weights:   0%|          | 0/577 [00:00<?, ?it/s]Loading weights: 100%|██████████| 577/577 [00:00<00:00, 11188.74it/s]
[north_micro] 158 pages (158 to run), batch 16, cuda
[transformers] `standardize_rope_params` was called but no RoPE parameters were found.
[transformers] `standardize_rope_params` was called but no RoPE parameters were found.
[transformers] `standardize_rope_params` was called but no RoPE parameters were found.
[north_micro] batch 1: 16 pages in 76s
[transformers] `standardize_rope_params` was called but no RoPE parameters were found.
[transformers] `standardize_rope_params` was called but no RoPE parameters were found.
[transformers] `standardize_rope_params` was called but no RoPE parameters were found.
[north_micro] batch 2: 16 pages in 61s
[transformers] `standardize_rope_params` was called but no RoPE parameters were found.
[transformers] `standardize_rope_params` was called but no RoPE parameters were found.
[transformers] `standardize_rope_params` was called but no RoPE parameters were found.
[north_micro] batch 3: 16 pages in 46s
[transformers] `standardize_rope_params` was called but no RoPE parameters were found.
[transformers] `standardize_rope_params` was called but no RoPE parameters were found.
[transformers] `standardize_rope_params` was called but no RoPE parameters were found.
[north_micro] batch 4: 16 pages in 34s
[transformers] `standardize_rope_params` was called but no RoPE parameters were found.
[transformers] `standardize_rope_params` was called but no RoPE parameters were found.
[transformers] `standardize_rope_params` was called but no RoPE parameters were found.
[north_micro] batch 5: 16 pages in 29s
[transformers] `standardize_rope_params` was called but no RoPE parameters were found.
[transformers] `standardize_rope_params` was called but no RoPE parameters were found.
[transformers] `standardize_rope_params` was called but no RoPE parameters were found.
[north_micro] batch 6: 16 pages in 39s
[transformers] `standardize_rope_params` was called but no RoPE parameters were found.
[transformers] `standardize_rope_params` was called but no RoPE parameters were found.
[transformers] `standardize_rope_params` was called but no RoPE parameters were found.
[north_micro] batch 7: 16 pages in 39s
[transformers] `standardize_rope_params` was called but no RoPE parameters were found.
[transformers] `standardize_rope_params` was called but no RoPE parameters were found.
[transformers] `standardize_rope_params` was called but no RoPE parameters were found.
[north_micro] batch 8: 16 pages in 39s
[transformers] `standardize_rope_params` was called but no RoPE parameters were found.
[transformers] `standardize_rope_params` was called but no RoPE parameters were found.
[transformers] `standardize_rope_params` was called but no RoPE parameters were found.
[north_micro] batch 9: 16 pages in 34s
[transformers] `standardize_rope_params` was called but no RoPE parameters were found.
[transformers] `standardize_rope_params` was called but no RoPE parameters were found.
[transformers] `standardize_rope_params` was called but no RoPE parameters were found.
[north_micro] batch 10: 14 pages in 65s
[north_micro] DONE in 464s
