[qwen36_27b] arabian_drilling_FY2024_p12.png: 57.8s, 2268 chars, 1751 tok, finish=stop, $0.0068
[qwen36_27b] arabian_drilling_FY2024_p13.png: 63.9s, 996 chars, 772 tok, finish=stop, $0.0038
[qwen36_27b] aramco_FY2023_p12.png: 152.4s, 9154 chars, 3954 tok, finish=stop, $0.0118
[qwen36_27b] aramco_FY2023_p13.png: 37.3s, 1837 chars, 891 tok, finish=stop, $0.0040
[qwen36_27b] aramco_FY2023_p14.png: 284.0s, 14407 chars, 8192 tok, finish=length, $0.0273
[qwen36_27b] aramco_FY2023_p15.png: 47.0s, 3532 chars, 1811 tok, finish=stop, $0.0060
[qwen36_27b] aramco_FY2023_p16.png: 279.0s, 19175 chars, 7987 tok, finish=stop, $0.0267
[qwen36_27b] aramco_FY2024_p12.png: 39.1s, 2281 chars, 1283 tok, finish=stop, $0.0053
[qwen36_27b] aramco_FY2024_p13.png: 243.1s, 14406 chars, 8192 tok, finish=length, $0.0274
[qwen36_27b] aramco_FY2024_p14.png: 249.8s, 14631 chars, 8192 tok, finish=length, $0.0273
[qwen36_27b] aramco_FY2024_p15.png: 104.9s, 16424 chars, 8192 tok, finish=length, $0.0274
[qwen36_27b] aramco_FY2024_p16.png: 97.8s, 14804 chars, 8192 tok, finish=length, $0.0233
[qwen36_27b] ashmore_saudi_equity_fund_H1-2020_p07.png: 102.2s, 13717 chars, 8192 tok, finish=length, $0.0279
[qwen36_27b] ashmore_saudi_equity_fund_H1-2020_p08.png: 13.9s, 937 chars, 491 tok, finish=stop, $0.0025
[qwen36_27b] ashmore_saudi_equity_fund_H1-2020_p09.png: 95.0s, 908 chars, 407 tok, finish=stop, $0.0026
[qwen36_27b] ashmore_saudi_equity_fund_H1-2020_p10.png: 19.6s, 1356 chars, 607 tok, finish=stop, $0.0028
[qwen36_27b] bahri_FY2024_p07.png: 133.6s, 1899 chars, 1624 tok, finish=stop, $0.0065
[qwen36_27b] bahri_FY2024_p08.png: 20.2s, 1340 chars, 956 tok, finish=stop, $0.0037
[qwen36_27b] bahri_FY2024_p09.png: 37.5s, 1101 chars, 574 tok, finish=stop, $0.0031
[qwen36_27b] bahri_FY2024_p10.png: 47.8s, 3041 chars, 1978 tok, finish=stop, $0.0075
[qwen36_27b] bahri_FY2024_p11.png: 17.5s, 2151 chars, 1641 tok, finish=stop, $0.0057
[qwen36_27b] bank_aljazira_FY2024_p07.png: 35.0s, 1970 chars, 1465 tok, finish=stop, $0.0058
[qwen36_27b] bank_aljazira_FY2024_p08.png: 35.5s, 2185 chars, 1447 tok, finish=stop, $0.0058
[qwen36_27b] bank_aljazira_FY2024_p09.png: 18.8s, 1305 chars, 650 tok, finish=stop, $0.0029
[qwen36_27b] bank_aljazira_FY2024_p10.png: 57.5s, 3018 chars, 2028 tok, finish=stop, $0.0078
[qwen36_27b] bank_aljazira_FY2024_p11.png: 19.8s, 2926 chars, 1797 tok, finish=stop, $0.0061
[qwen36_27b] bank_aljazira_FY2024_p12.png: 19.3s, 1261 chars, 713 tok, finish=stop, $0.0031
[qwen36_27b] bishah_FY2016_p04.png: 32.0s, 1954 chars, 1082 tok, finish=stop, $0.0048
[qwen36_27b] bishah_FY2016_p05.png: 6.5s, 946 chars, 490 tok, finish=stop, $0.0025
[qwen36_27b] bishah_FY2016_p06.png: 44.0s, 1775 chars, 853 tok, finish=stop, $0.0040
[qwen36_27b] bishah_FY2016_p07.png: 18.5s, 1264 chars, 747 tok, finish=stop, $0.0032
[qwen36_27b] blom_saudi_fund_FY2022_p04.png: 22.3s, 992 chars, 679 tok, finish=stop, $0.0025
[qwen36_27b] blom_saudi_fund_FY2022_p05.png: 216.4s, 13135 chars, 8192 tok, finish=length, $0.0279
[qwen36_27b] blom_saudi_fund_FY2022_p06.png: 24.1s, 1099 chars, 657 tok, finish=stop, $0.0034
[qwen36_27b] blom_saudi_fund_FY2022_p07.png: 42.8s, 1641 chars, 1219 tok, finish=stop, $0.0052
[qwen36_27b] buruj_FY2024_p08.png: 23.9s, 1879 chars, 1521 tok, finish=stop, $0.0053
[qwen36_27b] buruj_FY2024_p09.png: 35.3s, 1797 chars, 1254 tok, finish=stop, $0.0052
[qwen36_27b] DONE
