[cmda_vision] buruj_FY2024_p12.png: 28.1s, 2612 chars, 1277 tok, finish=COMPLETE
[cmda_vision] cenomi_retail_FY2024_p09.png: 22.3s, 3442 chars, 987 tok, finish=COMPLETE
[cmda_vision] cenomi_retail_FY2024_p10.png: 170.6s, 14828 chars, 8192 tok, finish=MAX_TOKENS
[cmda_vision] cenomi_retail_FY2024_p11.png: 18.6s, 2814 chars, 802 tok, finish=COMPLETE
[cmda_vision] cenomi_retail_FY2024_p12.png: 22.4s, 1727 chars, 1008 tok, finish=COMPLETE
[cmda_vision] cenomi_retail_FY2024_p13.png: 171.4s, 11920 chars, 8192 tok, finish=MAX_TOKENS
[cmda_vision] cenomi_retail_FY2024_p14.png: 16.0s, 2881 chars, 693 tok, finish=COMPLETE
[cmda_vision] halwani_FY2024_p07.png: 34.7s, 4931 chars, 1586 tok, finish=COMPLETE
[cmda_vision] halwani_FY2024_p08.png: 12.9s, 2763 chars, 550 tok, finish=COMPLETE
[cmda_vision] halwani_FY2024_p09.png: 16.6s, 2173 chars, 741 tok, finish=COMPLETE
[cmda_vision] halwani_FY2024_p10.png: 15.9s, 2704 chars, 655 tok, finish=COMPLETE
[cmda_vision] halwani_FY2024_p11.png: 16.6s, 2534 chars, 706 tok, finish=COMPLETE
[cmda_vision] halwani_FY2024_p12.png: 15.3s, 2031 chars, 672 tok, finish=COMPLETE
[cmda_vision] halwani_FY2024_p13.png: 23.3s, 2568 chars, 1046 tok, finish=COMPLETE
[cmda_vision] herfy_FY2024_p07.png: 171.9s, 25594 chars, 8192 tok, finish=MAX_TOKENS
[cmda_vision] herfy_FY2024_p08.png: 13.8s, 1428 chars, 582 tok, finish=COMPLETE
[cmda_vision] herfy_FY2024_p09.png: 12.4s, 1025 chars, 528 tok, finish=COMPLETE
[cmda_vision] herfy_FY2024_p10.png: 172.1s, 19884 chars, 8192 tok, finish=MAX_TOKENS
[cmda_vision] kingdom_holding_FY2024_p07.png: 16.8s, 1611 chars, 689 tok, finish=COMPLETE
[cmda_vision] kingdom_holding_FY2024_p08.png: 26.8s, 3342 chars, 1224 tok, finish=COMPLETE
[cmda_vision] kingdom_holding_FY2024_p09.png: 10.1s, 1004 chars, 414 tok, finish=COMPLETE
[cmda_vision] kingdom_holding_FY2024_p10.png: 10.4s, 917 chars, 402 tok, finish=COMPLETE
[cmda_vision] kingdom_holding_FY2024_p11.png: 81.9s, 7560 chars, 3914 tok, finish=COMPLETE
[cmda_vision] liva_FY2024_p07.png: 12.1s, 1151 chars, 521 tok, finish=COMPLETE
[cmda_vision] liva_FY2024_p08.png: 13.1s, 2199 chars, 571 tok, finish=COMPLETE
[cmda_vision] liva_FY2024_p09.png: 8.6s, 873 chars, 358 tok, finish=COMPLETE
[cmda_vision] liva_FY2024_p10.png: 19.0s, 2030 chars, 864 tok, finish=COMPLETE
[cmda_vision] liva_FY2024_p11.png: 24.6s, 3397 chars, 1131 tok, finish=COMPLETE
[cmda_vision] maadaniyah_Q1-2025_p04.png: 28.2s, 3066 chars, 1305 tok, finish=COMPLETE
[cmda_vision] maadaniyah_Q1-2025_p05.png: 19.2s, 3109 chars, 856 tok, finish=COMPLETE
[cmda_vision] maadaniyah_Q1-2025_p06.png: 16.2s, 1607 chars, 693 tok, finish=COMPLETE
[cmda_vision] maadaniyah_Q1-2025_p07.png: 15.8s, 1551 chars, 679 tok, finish=COMPLETE
[cmda_vision] maaden_FY2024_p11.png: 33.5s, 4525 chars, 1535 tok, finish=COMPLETE
[cmda_vision] maaden_FY2024_p12.png: 20.6s, 2813 chars, 916 tok, finish=COMPLETE
[cmda_vision] maaden_FY2024_p13.png: 16.4s, 2528 chars, 712 tok, finish=COMPLETE
[cmda_vision] maaden_FY2024_p14.png: 34.2s, 3210 chars, 1581 tok, finish=COMPLETE
[cmda_vision] maaden_FY2024_p15.png: 169.8s, 9424 chars, 8192 tok, finish=MAX_TOKENS
[cmda_vision] maaden_FY2024_p16.png: 27.7s, 3951 chars, 1244 tok, finish=COMPLETE
[cmda_vision] mesc_H1-2023_p04.png: 26.1s, 2867 chars, 1178 tok, finish=COMPLETE
[cmda_vision] mesc_H1-2023_p05.png: 35.2s, 3385 chars, 1659 tok, finish=COMPLETE
[cmda_vision] mesc_H1-2023_p06.png: 10.3s, 1078 chars, 427 tok, finish=COMPLETE
[cmda_vision] DONE
