[cohere_parse] 158 pages (158 to run), 4 in flight
[cohere_parse] al_khodari_FY2018_p09.png: 21.3s, 3507 chars, finish=None
[cohere_parse] al_khodari_FY2018_p10.png: 24.3s, 4486 chars, finish=None
[cohere_parse] al_khodari_FY2018_p11.png: 26.5s, 5343 chars, finish=None
[cohere_parse] al_mubarak_usd_trade_fund_H1-2022_p03.png: 9.6s, 1639 chars, finish=None
[cohere_parse] al_mubarak_usd_trade_fund_H1-2022_p04.png: 7.0s, 1176 chars, finish=None
[cohere_parse] al_mubarak_usd_trade_fund_H1-2022_p05.png: 10.6s, 1727 chars, finish=None
[cohere_parse] al_khodari_FY2018_p08.png: 37.5s, 5494 chars, finish=None
[cohere_parse] al_mubarak_usd_trade_fund_H1-2022_p06.png: 11.2s, 2034 chars, finish=None
[cohere_parse] al_rajhi_FY2024_p11.png: 11.7s, 2408 chars, finish=None
[cohere_parse] al_rajhi_FY2024_p09.png: 20.1s, 4123 chars, finish=None
[cohere_parse] al_rajhi_FY2024_p10.png: 17.3s, 3545 chars, finish=None
[cohere_parse] al_rajhi_FY2024_p15.png: 6.3s, 839 chars, finish=None
[cohere_parse] al_rajhi_FY2024_p12.png: 22.3s, 4173 chars, finish=None
[cohere_parse] al_rajhi_FY2024_p13.png: 18.2s, 3731 chars, finish=None
[cohere_parse] alahli_global_trade_fund_H1-2023_p03.png: 7.6s, 1241 chars, finish=None
[cohere_parse] al_rajhi_FY2024_p14.png: 18.8s, 4119 chars, finish=None
[cohere_parse] alahli_global_trade_fund_H1-2023_p04.png: 10.4s, 1752 chars, finish=None
[cohere_parse] alahli_global_trade_fund_H1-2023_p05.png: 10.6s, 1848 chars, finish=None
[cohere_parse] alahli_global_trade_fund_H1-2023_p06.png: 9.9s, 1917 chars, finish=None
[cohere_parse] alif_meem_yaa_FY2023_p07.png: 14.0s, 2386 chars, finish=None
[cohere_parse] alif_meem_yaa_FY2023_p06.png: 19.5s, 3317 chars, finish=None
[cohere_parse] alif_meem_yaa_FY2023_p08.png: 13.0s, 2464 chars, finish=None
[cohere_parse] alinma_tokio_marine_FY2022_p09.png: 8.5s, 1267 chars, finish=None
[cohere_parse] alif_meem_yaa_FY2023_p09.png: 21.9s, 3858 chars, finish=None
[cohere_parse] alinma_tokio_marine_FY2022_p10.png: 10.4s, 1873 chars, finish=None
[cohere_parse] alinma_tokio_marine_FY2022_p07.png: 21.5s, 4207 chars, finish=None
[cohere_parse] alinma_tokio_marine_FY2022_p08.png: 28.8s, 4822 chars, finish=None
[cohere_parse] almarai_FY2024_p09.png: 13.9s, 2771 chars, finish=None
[cohere_parse] alinma_tokio_marine_FY2022_p11.png: 27.2s, 5462 chars, finish=None
[cohere_parse] almarai_FY2024_p10.png: 12.2s, 2427 chars, finish=None
[cohere_parse] almarai_FY2024_p08.png: 24.5s, 5040 chars, finish=None
[cohere_parse] almarai_FY2024_p13.png: 13.0s, 2648 chars, finish=None
[cohere_parse] almarai_FY2024_p12.png: 22.6s, 3996 chars, finish=None
[cohere_parse] arabian_drilling_FY2024_p09.png: 9.1s, 1443 chars, finish=None
[cohere_parse] arabian_drilling_FY2024_p08.png: 21.5s, 3541 chars, finish=None
[cohere_parse] almarai_FY2024_p11.png: 33.6s, 5468 chars, finish=None
[cohere_parse] arabian_drilling_FY2024_p11.png: 12.3s, 2348 chars, finish=None
[cohere_parse] arabian_drilling_FY2024_p10.png: 17.4s, 2877 chars, finish=None
[cohere_parse] arabian_drilling_FY2024_p13.png: 13.2s, 2022 chars, finish=None
[cohere_parse] arabian_drilling_FY2024_p12.png: 20.3s, 3537 chars, finish=None
[cohere_parse] aramco_FY2023_p13.png: 15.4s, 3262 chars, finish=None
[cohere_parse] aramco_FY2023_p12.png: 19.3s, 3865 chars, finish=None
[cohere_parse] aramco_FY2024_p12.png: 19.1s, 3755 chars, finish=None
[cohere_parse] aramco_FY2023_p15.png: 28.0s, 5784 chars, finish=None
[cohere_parse] aramco_FY2023_p14.png: 40.0s, 7909 chars, finish=None
[cohere_parse] aramco_FY2024_p13.png: 15.6s, 3396 chars, finish=None
[cohere_parse] aramco_FY2023_p16.png: 37.0s, 7061 chars, finish=None
[cohere_parse] ashmore_saudi_equity_fund_H1-2020_p07.png: 8.9s, 1791 chars, finish=None
[cohere_parse] ashmore_saudi_equity_fund_H1-2020_p08.png: 8.5s, 1440 chars, finish=None
[cohere_parse] aramco_FY2024_p15.png: 26.9s, 5862 chars, finish=None
[cohere_parse] aramco_FY2024_p14.png: 37.6s, 6967 chars, finish=None
[cohere_parse] ashmore_saudi_equity_fund_H1-2020_p09.png: 6.6s, 1254 chars, finish=None
[cohere_parse] ashmore_saudi_equity_fund_H1-2020_p10.png: 9.8s, 1925 chars, finish=None
[cohere_parse] aramco_FY2024_p16.png: 36.1s, 7041 chars, finish=None
[cohere_parse] bahri_FY2024_p09.png: 10.5s, 1772 chars, finish=None
[cohere_parse] bahri_FY2024_p08.png: 14.6s, 2401 chars, finish=None
[cohere_parse] bahri_FY2024_p07.png: 24.3s, 4370 chars, finish=None
[cohere_parse] bahri_FY2024_p11.png: 16.4s, 3216 chars, finish=None
[cohere_parse] bank_aljazira_FY2024_p07.png: 20.9s, 3575 chars, finish=None
[cohere_parse] bank_aljazira_FY2024_p09.png: 11.6s, 2227 chars, finish=None
[cohere_parse] bahri_FY2024_p10.png: 31.5s, 5486 chars, finish=None
[cohere_parse] bank_aljazira_FY2024_p08.png: 20.4s, 3466 chars, finish=None
[cohere_parse] bank_aljazira_FY2024_p12.png: 13.9s, 2709 chars, finish=None
[cohere_parse] bank_aljazira_FY2024_p10.png: 26.4s, 4525 chars, finish=None
[cohere_parse] bishah_FY2016_p04.png: 20.0s, 3432 chars, finish=None
[cohere_parse] bishah_FY2016_p05.png: 10.7s, 1493 chars, finish=None
[cohere_parse] bank_aljazira_FY2024_p11.png: 25.4s, 4580 chars, finish=None
[cohere_parse] bishah_FY2016_p07.png: 13.9s, 2156 chars, finish=None
[cohere_parse] blom_saudi_fund_FY2022_p05.png: 9.5s, 1691 chars, finish=None
[cohere_parse] blom_saudi_fund_FY2022_p04.png: 10.2s, 1817 chars, finish=None
[cohere_parse] bishah_FY2016_p06.png: 15.8s, 2791 chars, finish=None
[cohere_parse] blom_saudi_fund_FY2022_p06.png: 10.1s, 1593 chars, finish=None
[cohere_parse] blom_saudi_fund_FY2022_p07.png: 12.0s, 2295 chars, finish=None
[cohere_parse] buruj_FY2024_p10.png: 7.0s, 1140 chars, finish=None
[cohere_parse] buruj_FY2024_p09.png: 17.5s, 2971 chars, finish=None
[cohere_parse] buruj_FY2024_p08.png: 20.0s, 3312 chars, finish=None
[cohere_parse] buruj_FY2024_p11.png: 19.1s, 3551 chars, finish=None
[cohere_parse] cenomi_retail_FY2024_p09.png: 17.4s, 2729 chars, finish=None
[cohere_parse] buruj_FY2024_p12.png: 20.6s, 4121 chars, finish=None
[cohere_parse] cenomi_retail_FY2024_p11.png: 9.5s, 1933 chars, finish=None
[cohere_parse] cenomi_retail_FY2024_p10.png: 22.7s, 3706 chars, finish=None
[cohere_parse] cenomi_retail_FY2024_p14.png: 10.1s, 1921 chars, finish=None
[cohere_parse] cenomi_retail_FY2024_p12.png: 16.2s, 2967 chars, finish=None
[cohere_parse] cenomi_retail_FY2024_p13.png: 22.6s, 4687 chars, finish=None
[cohere_parse] halwani_FY2024_p09.png: 10.1s, 1640 chars, finish=None
[cohere_parse] halwani_FY2024_p07.png: 20.3s, 3304 chars, finish=None
[cohere_parse] halwani_FY2024_p10.png: 8.5s, 1232 chars, finish=None
[cohere_parse] halwani_FY2024_p08.png: 18.0s, 3172 chars, finish=None
[cohere_parse] halwani_FY2024_p11.png: 8.1s, 1406 chars, finish=None
[cohere_parse] halwani_FY2024_p12.png: 17.6s, 2997 chars, finish=None
[cohere_parse] herfy_FY2024_p08.png: 14.2s, 2766 chars, finish=None
[cohere_parse] herfy_FY2024_p07.png: 21.1s, 3862 chars, finish=None
[cohere_parse] halwani_FY2024_p13.png: 21.7s, 3647 chars, finish=None
[cohere_parse] herfy_FY2024_p09.png: 13.3s, 2227 chars, finish=None
[cohere_parse] kingdom_holding_FY2024_p08.png: 14.9s, 2854 chars, finish=None
[cohere_parse] kingdom_holding_FY2024_p09.png: 13.0s, 2199 chars, finish=None
[cohere_parse] herfy_FY2024_p10.png: 24.3s, 4956 chars, finish=None
[cohere_parse] kingdom_holding_FY2024_p07.png: 33.3s, 5516 chars, finish=None
[cohere_parse] kingdom_holding_FY2024_p10.png: 24.4s, 4300 chars, finish=None
[cohere_parse] liva_FY2024_p07.png: 23.1s, 3950 chars, finish=None
[cohere_parse] kingdom_holding_FY2024_p11.png: 27.6s, 5633 chars, finish=None
[cohere_parse] liva_FY2024_p09.png: 7.0s, 1161 chars, finish=None
[cohere_parse] liva_FY2024_p08.png: 13.8s, 2322 chars, finish=None
[cohere_parse] liva_FY2024_p10.png: 16.1s, 2733 chars, finish=None
[cohere_parse] liva_FY2024_p11.png: 18.1s, 3466 chars, finish=None
[cohere_parse] maadaniyah_Q1-2025_p05.png: 16.7s, 2984 chars, finish=None
[cohere_parse] maadaniyah_Q1-2025_p04.png: 18.0s, 2860 chars, finish=None
[cohere_parse] maadaniyah_Q1-2025_p06.png: 8.3s, 1530 chars, finish=None
[cohere_parse] maaden_FY2024_p12.png: 13.8s, 2475 chars, finish=None
[cohere_parse] maaden_FY2024_p11.png: 21.0s, 3221 chars, finish=None
[cohere_parse] maadaniyah_Q1-2025_p07.png: 24.7s, 4362 chars, finish=None
[cohere_parse] maaden_FY2024_p13.png: 39.4s, 5944 chars, finish=None
[cohere_parse] maaden_FY2024_p14.png: 32.6s, 5003 chars, finish=None
[cohere_parse] maaden_FY2024_p15.png: 29.4s, 4628 chars, finish=None
[cohere_parse] mesc_H1-2023_p06.png: 12.6s, 2169 chars, finish=None
[cohere_parse] mesc_H1-2023_p04.png: 21.6s, 4607 chars, finish=None
[cohere_parse] maaden_FY2024_p16.png: 39.3s, 5799 chars, finish=None
[cohere_parse] mesc_H1-2023_p05.png: 23.8s, 4295 chars, finish=None
[cohere_parse] musharaka_reit_FY2019_p08.png: 3.8s, 808 chars, finish=None
[cohere_parse] musharaka_reit_FY2019_p07.png: 12.3s, 2106 chars, finish=None
[cohere_parse] musharaka_reit_FY2019_p06.png: 13.2s, 2304 chars, finish=None
[cohere_parse] musharaka_reit_FY2019_p10.png: 11.6s, 2291 chars, finish=None
[cohere_parse] mesc_H1-2023_p07.png: 25.0s, 4719 chars, finish=None
[cohere_parse] musharaka_reit_FY2019_p09.png: 15.1s, 2304 chars, finish=None
[cohere_parse] nama_FY2024_p07.png: 19.6s, 3812 chars, finish=None
[cohere_parse] nama_FY2024_p09.png: 12.1s, 2097 chars, finish=None
[cohere_parse] nama_FY2024_p08.png: 14.2s, 2394 chars, finish=None
[cohere_parse] othaim_FY2024_p09.png: 11.6s, 2054 chars, finish=None
[cohere_parse] nama_FY2024_p10.png: 23.8s, 4646 chars, finish=None
[cohere_parse] othaim_FY2024_p08.png: 19.9s, 3055 chars, finish=None
[cohere_parse] othaim_FY2024_p07.png: 33.0s, 6383 chars, finish=None
[cohere_parse] othaim_FY2024_p12.png: 12.9s, 2300 chars, finish=None
[cohere_parse] othaim_FY2024_p11.png: 19.3s, 3845 chars, finish=None
[cohere_parse] riyad_aliemar_fund_FY2023_p06.png: 8.6s, 1411 chars, finish=None
[cohere_parse] othaim_FY2024_p10.png: 25.0s, 4631 chars, finish=None
[cohere_parse] riyad_aliemar_fund_FY2023_p08.png: 6.5s, 1087 chars, finish=None
[cohere_parse] riyad_aliemar_fund_FY2023_p07.png: 8.5s, 1502 chars, finish=None
[cohere_parse] riyad_aliemar_fund_FY2023_p09.png: 10.8s, 2296 chars, finish=None
[cohere_parse] saudi_re_FY2024_p10.png: 9.3s, 1629 chars, finish=None
[cohere_parse] saudi_re_FY2024_p09.png: 15.1s, 3157 chars, finish=None
[cohere_parse] saudi_re_FY2024_p08.png: 22.0s, 3946 chars, finish=None
[cohere_parse] sedco_capital_reit_FY2022_p07.png: 15.3s, 2807 chars, finish=None
[cohere_parse] sedco_capital_reit_FY2022_p08.png: 12.8s, 2183 chars, finish=None
[cohere_parse] sedco_capital_reit_FY2022_p09.png: 7.0s, 956 chars, finish=None
[cohere_parse] saudi_re_FY2024_p12.png: 26.4s, 5778 chars, finish=None
[cohere_parse] saudi_re_FY2024_p11.png: 31.6s, 5902 chars, finish=None
[cohere_parse] snb_FY2024_p14.png: 10.9s, 2292 chars, finish=None
[cohere_parse] sedco_capital_reit_FY2022_p10.png: 20.4s, 3711 chars, finish=None
[cohere_parse] snb_FY2024_p13.png: 21.5s, 4029 chars, finish=None
[cohere_parse] snb_FY2024_p12.png: 25.2s, 5323 chars, finish=None
[cohere_parse] taiba_FY2024_p10.png: 17.9s, 3167 chars, finish=None
[cohere_parse] snb_FY2024_p16.png: 34.6s, 7177 chars, finish=None
[cohere_parse] taiba_FY2024_p11.png: 13.0s, 2328 chars, finish=None
[cohere_parse] taiba_FY2024_p09.png: 38.0s, 6025 chars, finish=None
[cohere_parse] taiba_FY2024_p12.png: 27.7s, 4329 chars, finish=None
[cohere_parse] taiba_FY2024_p13.png: 24.9s, 4182 chars, finish=None
[cohere_parse] snb_FY2024_p15.png: 71.0s, 11521 chars, finish=None
[cohere_parse] taiba_FY2024_p14.png: 27.5s, 4655 chars, finish=None
[cohere_parse] DONE in 739s
