[qwen36_27b] al_mubarak_usd_trade_fund_H1-2022_p04.png: 12.3s, 727 chars, 434 tok, finish=stop, $0.0023
[qwen36_27b] al_mubarak_usd_trade_fund_H1-2022_p05.png: 28.6s, 1187 chars, 699 tok, finish=stop, $0.0030
[qwen36_27b] al_mubarak_usd_trade_fund_H1-2022_p06.png: 22.1s, 1266 chars, 805 tok, finish=stop, $0.0033
[qwen36_27b] al_rajhi_FY2024_p09.png: 49.7s, 2313 chars, 1245 tok, finish=stop, $0.0051
[qwen36_27b] al_rajhi_FY2024_p10.png: 23.4s, 1680 chars, 884 tok, finish=stop, $0.0035
[qwen36_27b] al_rajhi_FY2024_p11.png: 25.1s, 1777 chars, 754 tok, finish=stop, $0.0032
[qwen36_27b] al_rajhi_FY2024_p12.png: 73.6s, 2833 chars, 1562 tok, finish=stop, $0.0061
[qwen36_27b] al_rajhi_FY2024_p13.png: 43.8s, 2371 chars, 1194 tok, finish=stop, $0.0044
[qwen36_27b] al_rajhi_FY2024_p14.png: 44.4s, 2407 chars, 1153 tok, finish=stop, $0.0043
[qwen36_27b] al_rajhi_FY2024_p15.png: 24.4s, 2505 chars, 1189 tok, finish=stop, $0.0044
[qwen36_27b] alahli_global_trade_fund_H1-2023_p03.png: 26.3s, 761 chars, 458 tok, finish=stop, $0.0027
[qwen36_27b] alahli_global_trade_fund_H1-2023_p04.png: 28.3s, 1035 chars, 551 tok, finish=stop, $0.0029
[qwen36_27b] alahli_global_trade_fund_H1-2023_p05.png: 21.2s, 1282 chars, 703 tok, finish=stop, $0.0035
[qwen36_27b] alahli_global_trade_fund_H1-2023_p06.png: 29.0s, 1068 chars, 597 tok, finish=stop, $0.0032
[qwen36_27b] alif_meem_yaa_FY2023_p06.png: 57.5s, 2011 chars, 1550 tok, finish=stop, $0.0061
[qwen36_27b] alif_meem_yaa_FY2023_p07.png: 39.5s, 1602 chars, 1142 tok, finish=stop, $0.0034
[qwen36_27b] alif_meem_yaa_FY2023_p08.png: 35.4s, 1714 chars, 1265 tok, finish=stop, $0.0052
[qwen36_27b] alif_meem_yaa_FY2023_p09.png: 37.6s, 2237 chars, 1251 tok, finish=stop, $0.0053
[qwen36_27b] alinma_tokio_marine_FY2022_p07.png: 57.8s, 2325 chars, 1566 tok, finish=stop, $0.0063
[qwen36_27b] alinma_tokio_marine_FY2022_p08.png: 60.4s, 2440 chars, 1688 tok, finish=stop, $0.0045
[qwen36_27b] alinma_tokio_marine_FY2022_p09.png: 12.3s, 828 chars, 412 tok, finish=stop, $0.0025
[qwen36_27b] alinma_tokio_marine_FY2022_p10.png: 9.2s, 1100 chars, 689 tok, finish=stop, $0.0031
[qwen36_27b] alinma_tokio_marine_FY2022_p11.png: 43.9s, 3213 chars, 1994 tok, finish=stop, $0.0065
[qwen36_27b] almarai_FY2024_p08.png: 56.7s, 2860 chars, 2076 tok, finish=stop, $0.0078
[qwen36_27b] almarai_FY2024_p09.png: 132.8s, 12655 chars, 8192 tok, finish=length, $0.0233
[qwen36_27b] almarai_FY2024_p10.png: 34.7s, 1617 chars, 929 tok, finish=stop, $0.0037
[qwen36_27b] almarai_FY2024_p11.png: 278.9s, 14696 chars, 8192 tok, finish=length, $0.0233
[qwen36_27b] almarai_FY2024_p12.png: 27.5s, 2334 chars, 1260 tok, finish=stop, $0.0052
[qwen36_27b] almarai_FY2024_p13.png: 144.0s, 13186 chars, 8192 tok, finish=length, $0.0274
[qwen36_27b] arabian_drilling_FY2024_p08.png: 42.1s, 1776 chars, 1597 tok, finish=stop, $0.0063
[qwen36_27b] arabian_drilling_FY2024_p09.png: 99.8s, 12822 chars, 8192 tok, finish=length, $0.0274
[qwen36_27b] arabian_drilling_FY2024_p10.png: 16.8s, 1753 chars, 1333 tok, finish=stop, $0.0055
[qwen36_27b] arabian_drilling_FY2024_p11.png: 21.5s, 1476 chars, 1261 tok, finish=stop, $0.0046
[qwen36_27b] DONE
