[nace_medium] 158 pages, 158 to run
[nace_medium] al_khodari_FY2018_p09.png: 8.2s, 3258 chars, 1 credits, succeeded
[nace_medium] al_khodari_FY2018_p11.png: 8.6s, 4708 chars, 1 credits, succeeded
[nace_medium] al_khodari_FY2018_p10.png: 10.1s, 4147 chars, 1 credits, succeeded
[nace_medium] al_khodari_FY2018_p08.png: 10.4s, 5270 chars, 1 credits, succeeded
[nace_medium] al_mubarak_usd_trade_fund_H1-2022_p04.png: 5.8s, 782 chars, 1 credits, succeeded
[nace_medium] al_mubarak_usd_trade_fund_H1-2022_p03.png: 7.2s, 1566 chars, 1 credits, succeeded
[nace_medium] al_mubarak_usd_trade_fund_H1-2022_p06.png: 8.2s, 1874 chars, 1 credits, succeeded
[nace_medium] al_mubarak_usd_trade_fund_H1-2022_p05.png: 9.8s, 1666 chars, 1 credits, succeeded
[nace_medium] al_rajhi_FY2024_p10.png: 9.9s, 2978 chars, 1 credits, succeeded
[nace_medium] al_rajhi_FY2024_p09.png: 10.9s, 3754 chars, 1 credits, succeeded
[nace_medium] al_rajhi_FY2024_p11.png: 9.4s, 2349 chars, 1 credits, succeeded
[nace_medium] al_rajhi_FY2024_p12.png: 9.8s, 4676 chars, 1 credits, succeeded
[nace_medium] al_rajhi_FY2024_p14.png: 10.3s, 3437 chars, 1 credits, succeeded
[nace_medium] al_rajhi_FY2024_p13.png: 11.5s, 3473 chars, 1 credits, succeeded
[nace_medium] alahli_global_trade_fund_H1-2023_p03.png: 7.3s, 1249 chars, 1 credits, succeeded
[nace_medium] al_rajhi_FY2024_p15.png: 9.4s, 3704 chars, 1 credits, succeeded
[nace_medium] alahli_global_trade_fund_H1-2023_p04.png: 6.4s, 1482 chars, 1 credits, succeeded
[nace_medium] alahli_global_trade_fund_H1-2023_p06.png: 6.1s, 1562 chars, 1 credits, succeeded
[nace_medium] alahli_global_trade_fund_H1-2023_p05.png: 6.6s, 1757 chars, 1 credits, succeeded
[nace_medium] alif_meem_yaa_FY2023_p06.png: 8.4s, 2908 chars, 1 credits, succeeded
[nace_medium] alif_meem_yaa_FY2023_p07.png: 6.7s, 1931 chars, 1 credits, succeeded
[nace_medium] alif_meem_yaa_FY2023_p08.png: 6.5s, 2424 chars, 1 credits, succeeded
[nace_medium] alif_meem_yaa_FY2023_p09.png: 7.9s, 3833 chars, 1 credits, succeeded
[nace_medium] alinma_tokio_marine_FY2022_p07.png: 8.2s, 3506 chars, 1 credits, succeeded
[nace_medium] alinma_tokio_marine_FY2022_p09.png: 5.8s, 973 chars, 1 credits, succeeded
[nace_medium] alinma_tokio_marine_FY2022_p10.png: 6.1s, 1198 chars, 1 credits, succeeded
[nace_medium] alinma_tokio_marine_FY2022_p08.png: 15.0s, 6055 chars, 1 credits, succeeded
[nace_medium] alinma_tokio_marine_FY2022_p11.png: 10.0s, 5084 chars, 1 credits, succeeded
[nace_medium] almarai_FY2024_p08.png: 9.0s, 4752 chars, 1 credits, succeeded
[nace_medium] almarai_FY2024_p09.png: 7.1s, 1602 chars, 1 credits, succeeded
[nace_medium] almarai_FY2024_p10.png: 7.2s, 2130 chars, 1 credits, succeeded
[nace_medium] almarai_FY2024_p12.png: 7.6s, 3941 chars, 1 credits, succeeded
[nace_medium] almarai_FY2024_p13.png: 7.3s, 2258 chars, 1 credits, succeeded
[nace_medium] almarai_FY2024_p11.png: 9.4s, 4169 chars, 1 credits, succeeded
[nace_medium] arabian_drilling_FY2024_p08.png: 6.8s, 1731 chars, 1 credits, succeeded
[nace_medium] arabian_drilling_FY2024_p09.png: 6.3s, 867 chars, 1 credits, succeeded
[nace_medium] arabian_drilling_FY2024_p11.png: 7.9s, 1950 chars, 1 credits, succeeded
[nace_medium] arabian_drilling_FY2024_p10.png: 9.7s, 3332 chars, 1 credits, succeeded
[nace_medium] arabian_drilling_FY2024_p13.png: 6.9s, 1675 chars, 1 credits, succeeded
[nace_medium] arabian_drilling_FY2024_p12.png: 7.9s, 2939 chars, 1 credits, succeeded
[nace_medium] aramco_FY2023_p13.png: 6.3s, 2610 chars, 1 credits, succeeded
[nace_medium] aramco_FY2023_p12.png: 7.4s, 4018 chars, 1 credits, succeeded
[nace_medium] aramco_FY2023_p15.png: 7.5s, 4020 chars, 1 credits, succeeded
[nace_medium] aramco_FY2023_p14.png: 8.8s, 6698 chars, 1 credits, succeeded
[nace_medium] aramco_FY2023_p16.png: 9.2s, 6657 chars, 1 credits, succeeded
[nace_medium] aramco_FY2024_p12.png: 8.4s, 4159 chars, 1 credits, succeeded
[nace_medium] aramco_FY2024_p13.png: 7.6s, 2759 chars, 1 credits, succeeded
[nace_medium] aramco_FY2024_p14.png: 9.1s, 7351 chars, 1 credits, succeeded
[nace_medium] aramco_FY2024_p15.png: 9.1s, 4818 chars, 1 credits, succeeded
[nace_medium] aramco_FY2024_p16.png: 9.8s, 6637 chars, 1 credits, succeeded
[nace_medium] ashmore_saudi_equity_fund_H1-2020_p07.png: 6.9s, 1523 chars, 1 credits, succeeded
[nace_medium] ashmore_saudi_equity_fund_H1-2020_p08.png: 8.9s, 1492 chars, 1 credits, succeeded
[nace_medium] ashmore_saudi_equity_fund_H1-2020_p09.png: 6.7s, 969 chars, 1 credits, succeeded
[nace_medium] ashmore_saudi_equity_fund_H1-2020_p10.png: 7.0s, 1923 chars, 1 credits, succeeded
[nace_medium] bahri_FY2024_p07.png: 8.9s, 4306 chars, 1 credits, succeeded
[nace_medium] bahri_FY2024_p08.png: 7.1s, 2092 chars, 1 credits, succeeded
[nace_medium] bahri_FY2024_p09.png: 6.9s, 1528 chars, 1 credits, succeeded
[nace_medium] bahri_FY2024_p10.png: 9.6s, 5016 chars, 1 credits, succeeded
[nace_medium] bahri_FY2024_p11.png: 7.0s, 2409 chars, 1 credits, succeeded
[nace_medium] bank_aljazira_FY2024_p07.png: 7.1s, 1948 chars, 1 credits, succeeded
[nace_medium] bank_aljazira_FY2024_p08.png: 7.5s, 3195 chars, 1 credits, succeeded
[nace_medium] bank_aljazira_FY2024_p09.png: 6.7s, 1841 chars, 1 credits, succeeded
[nace_medium] bank_aljazira_FY2024_p10.png: 9.0s, 4183 chars, 1 credits, succeeded
[nace_medium] bank_aljazira_FY2024_p12.png: 6.9s, 1370 chars, 1 credits, succeeded
[nace_medium] bank_aljazira_FY2024_p11.png: 9.5s, 4341 chars, 1 credits, succeeded
[nace_medium] bishah_FY2016_p05.png: 8.3s, 1311 chars, 1 credits, succeeded
[nace_medium] bishah_FY2016_p06.png: 10.6s, 2582 chars, 1 credits, succeeded
[nace_medium] bishah_FY2016_p07.png: 10.4s, 1941 chars, 1 credits, succeeded
[nace_medium] blom_saudi_fund_FY2022_p04.png: 6.2s, 1675 chars, 1 credits, succeeded
[nace_medium] bishah_FY2016_p04.png: 18.3s, 3808 chars, 1 credits, succeeded
[nace_medium] blom_saudi_fund_FY2022_p05.png: 5.9s, 908 chars, 1 credits, succeeded
[nace_medium] blom_saudi_fund_FY2022_p06.png: 6.0s, 1552 chars, 1 credits, succeeded
[nace_medium] blom_saudi_fund_FY2022_p07.png: 6.3s, 1923 chars, 1 credits, succeeded
[nace_medium] buruj_FY2024_p08.png: 6.6s, 1514 chars, 1 credits, succeeded
[nace_medium] buruj_FY2024_p10.png: 6.1s, 1078 chars, 1 credits, succeeded
[nace_medium] buruj_FY2024_p09.png: 8.0s, 1143 chars, 1 credits, succeeded
[nace_medium] buruj_FY2024_p11.png: 9.8s, 2993 chars, 1 credits, succeeded
[nace_medium] buruj_FY2024_p12.png: 8.3s, 3320 chars, 1 credits, succeeded
[nace_medium] cenomi_retail_FY2024_p10.png: 7.4s, 3279 chars, 1 credits, succeeded
[nace_medium] cenomi_retail_FY2024_p09.png: 9.1s, 4330 chars, 1 credits, succeeded
[nace_medium] cenomi_retail_FY2024_p11.png: 8.7s, 1627 chars, 1 credits, succeeded
[nace_medium] cenomi_retail_FY2024_p12.png: 8.5s, 2312 chars, 1 credits, succeeded
[nace_medium] cenomi_retail_FY2024_p14.png: 8.1s, 1643 chars, 1 credits, succeeded
[nace_medium] cenomi_retail_FY2024_p13.png: 9.4s, 4171 chars, 1 credits, succeeded
[nace_medium] halwani_FY2024_p07.png: 7.3s, 1454 chars, 1 credits, succeeded
[nace_medium] halwani_FY2024_p08.png: 7.5s, 2726 chars, 1 credits, succeeded
[nace_medium] halwani_FY2024_p10.png: 6.6s, 1168 chars, 1 credits, succeeded
[nace_medium] halwani_FY2024_p09.png: 7.1s, 1621 chars, 1 credits, succeeded
[nace_medium] halwani_FY2024_p11.png: 6.4s, 789 chars, 1 credits, succeeded
[nace_medium] halwani_FY2024_p12.png: 8.4s, 2878 chars, 1 credits, succeeded
[nace_medium] halwani_FY2024_p13.png: 8.0s, 3553 chars, 1 credits, succeeded
[nace_medium] herfy_FY2024_p07.png: 8.1s, 2105 chars, 1 credits, succeeded
[nace_medium] herfy_FY2024_p08.png: 7.3s, 1153 chars, 1 credits, succeeded
[nace_medium] herfy_FY2024_p09.png: 7.5s, 1538 chars, 1 credits, succeeded
[nace_medium] kingdom_holding_FY2024_p07.png: 11.9s, 4973 chars, 1 credits, succeeded
[nace_medium] kingdom_holding_FY2024_p08.png: 11.2s, 2466 chars, 1 credits, succeeded
[nace_medium] kingdom_holding_FY2024_p09.png: 11.7s, 1913 chars, 1 credits, succeeded
[nace_medium] herfy_FY2024_p10.png: 20.3s, 13230 chars, 1 credits, succeeded
[nace_medium] kingdom_holding_FY2024_p10.png: 10.5s, 3736 chars, 1 credits, succeeded
[nace_medium] liva_FY2024_p07.png: 9.9s, 3671 chars, 1 credits, succeeded
[nace_medium] kingdom_holding_FY2024_p11.png: 14.3s, 5489 chars, 1 credits, succeeded
[nace_medium] liva_FY2024_p08.png: 8.4s, 2271 chars, 1 credits, succeeded
[nace_medium] liva_FY2024_p09.png: 6.7s, 1125 chars, 1 credits, succeeded
[nace_medium] liva_FY2024_p10.png: 7.2s, 1458 chars, 1 credits, succeeded
[nace_medium] liva_FY2024_p11.png: 8.1s, 2785 chars, 1 credits, succeeded
[nace_medium] maadaniyah_Q1-2025_p05.png: 7.3s, 1520 chars, 1 credits, succeeded
[nace_medium] maadaniyah_Q1-2025_p04.png: 9.9s, 4158 chars, 1 credits, succeeded
[nace_medium] maadaniyah_Q1-2025_p06.png: 7.5s, 1021 chars, 1 credits, succeeded
[nace_medium] maaden_FY2024_p11.png: 9.1s, 2544 chars, 1 credits, succeeded
[nace_medium] maadaniyah_Q1-2025_p07.png: 10.6s, 3872 chars, 1 credits, succeeded
[nace_medium] maaden_FY2024_p12.png: 9.7s, 1742 chars, 1 credits, succeeded
[nace_medium] maaden_FY2024_p13.png: 10.5s, 5855 chars, 1 credits, succeeded
[nace_medium] maaden_FY2024_p14.png: 9.3s, 4802 chars, 1 credits, succeeded
[nace_medium] maaden_FY2024_p15.png: 9.2s, 3988 chars, 1 credits, succeeded
[nace_medium] mesc_H1-2023_p04.png: 7.7s, 4232 chars, 1 credits, succeeded
[nace_medium] mesc_H1-2023_p06.png: 7.2s, 1380 chars, 1 credits, succeeded
[nace_medium] mesc_H1-2023_p05.png: 9.3s, 3204 chars, 1 credits, succeeded
[nace_medium] maaden_FY2024_p16.png: 17.2s, 7728 chars, 1 credits, succeeded
[nace_medium] mesc_H1-2023_p07.png: 9.9s, 3916 chars, 1 credits, succeeded
[nace_medium] musharaka_reit_FY2019_p06.png: 7.0s, 2245 chars, 1 credits, succeeded
[nace_medium] musharaka_reit_FY2019_p08.png: 8.6s, 825 chars, 1 credits, succeeded
[nace_medium] musharaka_reit_FY2019_p07.png: 9.3s, 2030 chars, 1 credits, succeeded
[nace_medium] musharaka_reit_FY2019_p09.png: 7.7s, 2322 chars, 1 credits, succeeded
[nace_medium] musharaka_reit_FY2019_p10.png: 7.4s, 2038 chars, 1 credits, succeeded
[nace_medium] nama_FY2024_p08.png: 7.6s, 2287 chars, 1 credits, succeeded
[nace_medium] nama_FY2024_p07.png: 7.7s, 3486 chars, 1 credits, succeeded
[nace_medium] nama_FY2024_p09.png: 7.2s, 1763 chars, 1 credits, succeeded
[nace_medium] nama_FY2024_p10.png: 8.2s, 2170 chars, 1 credits, succeeded
[nace_medium] othaim_FY2024_p08.png: 7.5s, 2733 chars, 1 credits, succeeded
[nace_medium] othaim_FY2024_p09.png: 6.3s, 1839 chars, 1 credits, succeeded
[nace_medium] othaim_FY2024_p07.png: 9.5s, 5735 chars, 1 credits, succeeded
[nace_medium] riyad_aliemar_fund_FY2023_p06.png: 6.2s, 1428 chars, 1 credits, succeeded
[nace_medium] othaim_FY2024_p11.png: 8.8s, 3410 chars, 1 credits, succeeded
[nace_medium] othaim_FY2024_p12.png: 8.6s, 2939 chars, 1 credits, succeeded
[nace_medium] riyad_aliemar_fund_FY2023_p07.png: 5.6s, 904 chars, 1 credits, succeeded
[nace_medium] riyad_aliemar_fund_FY2023_p08.png: 5.7s, 943 chars, 1 credits, succeeded
[nace_medium] riyad_aliemar_fund_FY2023_p09.png: 5.5s, 1255 chars, 1 credits, succeeded
[nace_medium] othaim_FY2024_p10.png: 19.6s, 9852 chars, 1 credits, succeeded
[nace_medium] saudi_re_FY2024_p08.png: 7.0s, 2555 chars, 1 credits, succeeded
[nace_medium] saudi_re_FY2024_p09.png: 6.5s, 2816 chars, 1 credits, succeeded
[nace_medium] saudi_re_FY2024_p10.png: 5.9s, 1336 chars, 1 credits, succeeded
[nace_medium] saudi_re_FY2024_p11.png: 7.8s, 4840 chars, 1 credits, succeeded
[nace_medium] sedco_capital_reit_FY2022_p08.png: 6.7s, 1558 chars, 1 credits, succeeded
[nace_medium] sedco_capital_reit_FY2022_p09.png: 7.5s, 847 chars, 1 credits, succeeded
[nace_medium] sedco_capital_reit_FY2022_p07.png: 10.8s, 2785 chars, 1 credits, succeeded
[nace_medium] saudi_re_FY2024_p12.png: 12.4s, 6115 chars, 1 credits, succeeded
[nace_medium] sedco_capital_reit_FY2022_p10.png: 10.5s, 3636 chars, 1 credits, succeeded
[nace_medium] snb_FY2024_p14.png: 6.7s, 1831 chars, 1 credits, succeeded
[nace_medium] snb_FY2024_p12.png: 11.7s, 4384 chars, 1 credits, succeeded
[nace_medium] snb_FY2024_p13.png: 12.9s, 3427 chars, 1 credits, succeeded
[nace_medium] snb_FY2024_p16.png: 10.0s, 5881 chars, 1 credits, succeeded
[nace_medium] taiba_FY2024_p09.png: 12.2s, 4813 chars, 1 credits, succeeded
[nace_medium] snb_FY2024_p15.png: 21.8s, 41235 chars, 1 credits, succeeded
[nace_medium] taiba_FY2024_p11.png: 12.4s, 6876 chars, 1 credits, succeeded
[nace_medium] taiba_FY2024_p10.png: 20.3s, 23280 chars, 1 credits, succeeded
[nace_medium] taiba_FY2024_p13.png: 9.0s, 3941 chars, 1 credits, succeeded
[nace_medium] taiba_FY2024_p12.png: 14.7s, 3835 chars, 1 credits, succeeded
[nace_medium] taiba_FY2024_p14.png: 9.4s, 4331 chars, 1 credits, succeeded
[nace_medium] DONE in 351s
