[qwen38_27b] alahli_global_trade_fund_H1-2023_p04.png: 3.7s, 1020 chars, 540 tok, finish=stop, $0.0017
[qwen38_27b] alahli_global_trade_fund_H1-2023_p05.png: 9.4s, 1249 chars, 700 tok, finish=stop, $0.0025
[qwen38_27b] alahli_global_trade_fund_H1-2023_p06.png: 27.4s, 1158 chars, 501 tok, finish=stop, $0.0016
[qwen38_27b] alif_meem_yaa_FY2023_p06.png: 36.4s, 2028 chars, 1113 tok, finish=stop, $0.0025
[qwen38_27b] alif_meem_yaa_FY2023_p07.png: 11.6s, 1612 chars, 829 tok, finish=stop, $0.0023
[qwen38_27b] alif_meem_yaa_FY2023_p08.png: 10.7s, 1540 chars, 859 tok, finish=stop, $0.0024
[qwen38_27b] alif_meem_yaa_FY2023_p09.png: 39.7s, 2296 chars, 1221 tok, finish=stop, $0.0028
[qwen38_27b] alinma_tokio_marine_FY2022_p07.png: 38.9s, 2119 chars, 1095 tok, finish=stop, $0.0030
[qwen38_27b] alinma_tokio_marine_FY2022_p08.png: 46.0s, 2792 chars, 1421 tok, finish=stop, $0.0032
[qwen38_27b] alinma_tokio_marine_FY2022_p09.png: 2.8s, 799 chars, 336 tok, finish=stop, $0.0011
[qwen38_27b] alinma_tokio_marine_FY2022_p10.png: 32.6s, 1056 chars, 507 tok, finish=stop, $0.0016
[qwen38_27b] alinma_tokio_marine_FY2022_p11.png: 23.1s, 3297 chars, 1642 tok, finish=stop, $0.0046
[qwen38_27b] almarai_FY2024_p08.png: 35.4s, 2783 chars, 1562 tok, finish=stop, $0.0035
[qwen38_27b] almarai_FY2024_p09.png: 27.7s, 1627 chars, 838 tok, finish=stop, $0.0024
[qwen38_27b] almarai_FY2024_p10.png: 23.9s, 1520 chars, 660 tok, finish=stop, $0.0015
[qwen38_27b] almarai_FY2024_p11.png: 55.8s, 2920 chars, 1680 tok, finish=stop, $0.0038
[qwen38_27b] almarai_FY2024_p12.png: 33.0s, 2424 chars, 1282 tok, finish=stop, $0.0030
[qwen38_27b] almarai_FY2024_p13.png: 26.2s, 1498 chars, 698 tok, finish=stop, $0.0016
[qwen38_27b] arabian_drilling_FY2024_p08.png: 34.4s, 1411 chars, 948 tok, finish=stop, $0.0022
[qwen38_27b] arabian_drilling_FY2024_p09.png: 7.2s, 941 chars, 493 tok, finish=stop, $0.0020
[qwen38_27b] arabian_drilling_FY2024_p10.png: 30.3s, 1610 chars, 902 tok, finish=stop, $0.0021
[qwen38_27b] arabian_drilling_FY2024_p11.png: 5.2s, 1481 chars, 891 tok, finish=stop, $0.0025
[qwen38_27b] arabian_drilling_FY2024_p12.png: 62.7s, 2223 chars, 1735 tok, finish=stop, $0.0073
[qwen38_27b] arabian_drilling_FY2024_p13.png: 10.0s, 1266 chars, 648 tok, finish=stop, $0.0019
[qwen38_27b] aramco_FY2023_p12.png: 38.9s, 2080 chars, 1208 tok, finish=stop, $0.0027
[qwen38_27b] aramco_FY2023_p13.png: 27.8s, 1824 chars, 842 tok, finish=stop, $0.0019
[qwen38_27b] aramco_FY2023_p14.png: 10.2s, 3436 chars, 2126 tok, finish=stop, $0.0056
[qwen38_27b] aramco_FY2023_p15.png: 99.5s, 15149 chars, 8192 tok, finish=length, $0.0204
[qwen38_27b] aramco_FY2023_p16.png: 25.1s, 4025 chars, 2141 tok, finish=stop, $0.0056
[qwen38_27b] aramco_FY2024_p12.png: 42.0s, 2297 chars, 1289 tok, finish=stop, $0.0029
[qwen38_27b] aramco_FY2024_p13.png: 26.8s, 2125 chars, 967 tok, finish=stop, $0.0027
[qwen38_27b] aramco_FY2024_p14.png: 36.0s, 3501 chars, 2147 tok, finish=stop, $0.0061
[qwen38_27b] aramco_FY2024_p15.png: 19.6s, 15093 chars, 8192 tok, finish=length, $0.0208
[qwen38_27b] aramco_FY2024_p16.png: 319.6s, 14640 chars, 8192 tok, finish=length, $0.0208
[qwen38_27b] ashmore_saudi_equity_fund_H1-2020_p07.png: 11.9s, 1100 chars, 535 tok, finish=stop, $0.0016
[qwen38_27b] ashmore_saudi_equity_fund_H1-2020_p08.png: 4.1s, 986 chars, 504 tok, finish=stop, $0.0016
[qwen38_27b] ashmore_saudi_equity_fund_H1-2020_p09.png: 2.6s, 882 chars, 385 tok, finish=stop, $0.0013
[qwen38_27b] ashmore_saudi_equity_fund_H1-2020_p10.png: 19.5s, 1328 chars, 592 tok, finish=stop, $0.0036
[qwen38_27b] bahri_FY2024_p07.png: 14.2s, 2296 chars, 1235 tok, finish=stop, $0.0057
[qwen38_27b] bahri_FY2024_p08.png: 20.1s, 1335 chars, 705 tok, finish=stop, $0.0025
[qwen38_27b] bahri_FY2024_p09.png: 15.2s, 1146 chars, 486 tok, finish=stop, $0.0015
[qwen38_27b] bahri_FY2024_p10.png: 35.3s, 3007 chars, 1479 tok, finish=stop, $0.0033
[qwen38_27b] bahri_FY2024_p11.png: 26.8s, 2092 chars, 1172 tok, finish=stop, $0.0028
[qwen38_27b] bank_aljazira_FY2024_p07.png: 7.0s, 2001 chars, 1073 tok, finish=stop, $0.0030
[qwen38_27b] bank_aljazira_FY2024_p08.png: 28.7s, 2172 chars, 1111 tok, finish=stop, $0.0034
[qwen38_27b] bank_aljazira_FY2024_p09.png: 13.2s, 1340 chars, 554 tok, finish=stop, $0.0035
[qwen38_27b] bank_aljazira_FY2024_p10.png: 22.6s, 2561 chars, 1378 tok, finish=stop, $0.0052
[qwen38_27b] bank_aljazira_FY2024_p11.png: 12.9s, 2932 chars, 1409 tok, finish=stop, $0.0037
[qwen38_27b] bank_aljazira_FY2024_p12.png: 21.9s, 1247 chars, 562 tok, finish=stop, $0.0013
[qwen38_27b] bishah_FY2016_p04.png: 24.9s, 2055 chars, 1161 tok, finish=stop, $0.0032
[qwen38_27b] bishah_FY2016_p05.png: 26.7s, 964 chars, 529 tok, finish=stop, $0.0013
[qwen38_27b] bishah_FY2016_p06.png: 14.7s, 1836 chars, 892 tok, finish=stop, $0.0034
[qwen38_27b] bishah_FY2016_p07.png: 36.9s, 1319 chars, 775 tok, finish=stop, $0.0018
[qwen38_27b] blom_saudi_fund_FY2022_p04.png: 3.3s, 1031 chars, 503 tok, finish=stop, $0.0016
[qwen38_27b] blom_saudi_fund_FY2022_p05.png: 11.9s, 939 chars, 464 tok, finish=stop, $0.0014
[qwen38_27b] blom_saudi_fund_FY2022_p06.png: 2.9s, 1100 chars, 483 tok, finish=stop, $0.0015
[qwen38_27b] blom_saudi_fund_FY2022_p07.png: 17.8s, 1388 chars, 674 tok, finish=stop, $0.0024
[qwen38_27b] buruj_FY2024_p08.png: 23.5s, 1879 chars, 1068 tok, finish=stop, $0.0030
[qwen38_27b] buruj_FY2024_p09.png: 41.9s, 1779 chars, 907 tok, finish=stop, $0.0021
[qwen38_27b] buruj_FY2024_p10.png: 6.2s, 729 chars, 310 tok, finish=stop, $0.0016
[qwen38_27b] buruj_FY2024_p11.png: 38.2s, 2211 chars, 1157 tok, finish=stop, $0.0026
[qwen38_27b] buruj_FY2024_p12.png: 16.7s, 2667 chars, 1392 tok, finish=stop, $0.0042
[qwen38_27b] cenomi_retail_FY2024_p09.png: 8.4s, 2184 chars, 1439 tok, finish=stop, $0.0039
[qwen38_27b] cenomi_retail_FY2024_p10.png: 10.6s, 2314 chars, 1294 tok, finish=stop, $0.0034
[qwen38_27b] cenomi_retail_FY2024_p11.png: 21.2s, 1199 chars, 578 tok, finish=stop, $0.0014
[qwen38_27b] cenomi_retail_FY2024_p12.png: 6.4s, 1903 chars, 1138 tok, finish=stop, $0.0032
[qwen38_27b] DONE
