[persar2b] al_khodari_FY2018_p08.png: 2.3s, 190 lines
[persar2b] al_khodari_FY2018_p09.png: 0.9s, 107 lines
[persar2b] al_khodari_FY2018_p10.png: 1.5s, 163 lines
[persar2b] al_khodari_FY2018_p11.png: 1.4s, 139 lines
[persar2b] al_mubarak_usd_trade_fund_H1-2022_p03.png: 0.5s, 51 lines
[persar2b] al_mubarak_usd_trade_fund_H1-2022_p04.png: 0.4s, 38 lines
[persar2b] al_mubarak_usd_trade_fund_H1-2022_p05.png: 0.5s, 51 lines
[persar2b] al_mubarak_usd_trade_fund_H1-2022_p06.png: 0.5s, 55 lines
[persar2b] al_rajhi_FY2024_p09.png: 1.1s, 124 lines
[persar2b] al_rajhi_FY2024_p10.png: 0.8s, 94 lines
[persar2b] al_rajhi_FY2024_p11.png: 0.8s, 71 lines
[persar2b] al_rajhi_FY2024_p12.png: 1.2s, 150 lines
[persar2b] al_rajhi_FY2024_p13.png: 0.9s, 115 lines
[persar2b] al_rajhi_FY2024_p14.png: 0.9s, 108 lines
[persar2b] al_rajhi_FY2024_p15.png: 0.9s, 106 lines
[persar2b] alahli_global_trade_fund_H1-2023_p03.png: 0.4s, 42 lines
[persar2b] alahli_global_trade_fund_H1-2023_p04.png: 0.5s, 56 lines
[persar2b] alahli_global_trade_fund_H1-2023_p05.png: 0.5s, 52 lines
[persar2b] alahli_global_trade_fund_H1-2023_p06.png: 0.5s, 52 lines
[persar2b] alif_meem_yaa_FY2023_p06.png: 0.9s, 113 lines
[persar2b] alif_meem_yaa_FY2023_p07.png: 0.7s, 80 lines
[persar2b] alif_meem_yaa_FY2023_p08.png: 0.7s, 79 lines
[persar2b] alif_meem_yaa_FY2023_p09.png: 0.9s, 116 lines
[persar2b] alinma_tokio_marine_FY2022_p07.png: 1.2s, 157 lines
[persar2b] alinma_tokio_marine_FY2022_p08.png: 1.3s, 170 lines
[persar2b] alinma_tokio_marine_FY2022_p09.png: 0.4s, 36 lines
[persar2b] alinma_tokio_marine_FY2022_p10.png: 0.5s, 61 lines
[persar2b] alinma_tokio_marine_FY2022_p11.png: 1.4s, 177 lines
[persar2b] almarai_FY2024_p08.png: 1.4s, 175 lines
[persar2b] almarai_FY2024_p09.png: 0.8s, 94 lines
[persar2b] almarai_FY2024_p10.png: 0.6s, 64 lines
[persar2b] almarai_FY2024_p11.png: 1.7s, 206 lines
[persar2b] almarai_FY2024_p12.png: 1.1s, 139 lines
[persar2b] almarai_FY2024_p13.png: 0.6s, 72 lines
[persar2b] arabian_drilling_FY2024_p08.png: 0.8s, 105 lines
[persar2b] arabian_drilling_FY2024_p09.png: 0.7s, 46 lines
[persar2b] arabian_drilling_FY2024_p10.png: 0.7s, 90 lines
[persar2b] arabian_drilling_FY2024_p11.png: 0.9s, 68 lines
[persar2b] arabian_drilling_FY2024_p12.png: 0.9s, 109 lines
[persar2b] arabian_drilling_FY2024_p13.png: 0.7s, 59 lines
[persar2b] aramco_FY2023_p12.png: 1.1s, 140 lines
[persar2b] aramco_FY2023_p13.png: 0.8s, 93 lines
[persar2b] aramco_FY2023_p14.png: 1.9s, 254 lines
[persar2b] aramco_FY2023_p15.png: 2.1s, 284 lines
[persar2b] aramco_FY2023_p16.png: 2.1s, 273 lines
[persar2b] aramco_FY2024_p12.png: 1.1s, 141 lines
[persar2b] aramco_FY2024_p13.png: 0.8s, 94 lines
[persar2b] aramco_FY2024_p14.png: 1.8s, 255 lines
[persar2b] aramco_FY2024_p15.png: 2.0s, 279 lines
[persar2b] aramco_FY2024_p16.png: 2.1s, 266 lines
[persar2b] ashmore_saudi_equity_fund_H1-2020_p07.png: 0.5s, 57 lines
[persar2b] ashmore_saudi_equity_fund_H1-2020_p08.png: 0.5s, 50 lines
[persar2b] ashmore_saudi_equity_fund_H1-2020_p09.png: 0.3s, 30 lines
[persar2b] ashmore_saudi_equity_fund_H1-2020_p10.png: 0.5s, 53 lines
[persar2b] bahri_FY2024_p07.png: 1.3s, 138 lines
[persar2b] bahri_FY2024_p08.png: 0.7s, 85 lines
[persar2b] bahri_FY2024_p09.png: 0.5s, 45 lines
[persar2b] bahri_FY2024_p10.png: 1.4s, 160 lines
[persar2b] bahri_FY2024_p11.png: 1.0s, 122 lines
[persar2b] bank_aljazira_FY2024_p07.png: 1.0s, 115 lines
[persar2b] bank_aljazira_FY2024_p08.png: 1.0s, 126 lines
[persar2b] bank_aljazira_FY2024_p09.png: 0.5s, 60 lines
[persar2b] bank_aljazira_FY2024_p10.png: 1.6s, 182 lines
[persar2b] bank_aljazira_FY2024_p11.png: 1.1s, 138 lines
[persar2b] bank_aljazira_FY2024_p12.png: 0.5s, 60 lines
[persar2b] bishah_FY2016_p04.png: 1.0s, 124 lines
[persar2b] bishah_FY2016_p05.png: 0.6s, 58 lines
[persar2b] bishah_FY2016_p06.png: 1.0s, 91 lines
[persar2b] bishah_FY2016_p07.png: 0.6s, 73 lines
[persar2b] blom_saudi_fund_FY2022_p04.png: 0.4s, 48 lines
[persar2b] blom_saudi_fund_FY2022_p05.png: 0.4s, 48 lines
[persar2b] blom_saudi_fund_FY2022_p06.png: 0.4s, 49 lines
[persar2b] blom_saudi_fund_FY2022_p07.png: 0.5s, 58 lines
[persar2b] buruj_FY2024_p08.png: 1.1s, 124 lines
[persar2b] buruj_FY2024_p09.png: 0.8s, 100 lines
[persar2b] buruj_FY2024_p10.png: 0.5s, 32 lines
[persar2b] buruj_FY2024_p11.png: 1.2s, 120 lines
[persar2b] buruj_FY2024_p12.png: 1.3s, 128 lines
[persar2b] cenomi_retail_FY2024_p09.png: 1.3s, 149 lines
[persar2b] cenomi_retail_FY2024_p10.png: 1.1s, 118 lines
[persar2b] cenomi_retail_FY2024_p11.png: 0.5s, 52 lines
[persar2b] cenomi_retail_FY2024_p12.png: 1.0s, 102 lines
[persar2b] cenomi_retail_FY2024_p13.png: 1.1s, 132 lines
[persar2b] cenomi_retail_FY2024_p14.png: 0.5s, 51 lines
[persar2b] halwani_FY2024_p07.png: 1.0s, 107 lines
[persar2b] halwani_FY2024_p08.png: 0.8s, 97 lines
[persar2b] halwani_FY2024_p09.png: 0.6s, 63 lines
[persar2b] halwani_FY2024_p10.png: 0.4s, 39 lines
[persar2b] halwani_FY2024_p11.png: 0.5s, 49 lines
[persar2b] halwani_FY2024_p12.png: 1.0s, 94 lines
[persar2b] halwani_FY2024_p13.png: 1.0s, 110 lines
[persar2b] herfy_FY2024_p07.png: 1.0s, 114 lines
[persar2b] herfy_FY2024_p08.png: 0.8s, 85 lines
[persar2b] herfy_FY2024_p09.png: 0.6s, 64 lines
[persar2b] herfy_FY2024_p10.png: 1.2s, 158 lines
[persar2b] kingdom_holding_FY2024_p07.png: 1.4s, 164 lines
[persar2b] kingdom_holding_FY2024_p08.png: 0.8s, 91 lines
[persar2b] kingdom_holding_FY2024_p09.png: 0.5s, 55 lines
[persar2b] kingdom_holding_FY2024_p10.png: 1.4s, 146 lines
[persar2b] kingdom_holding_FY2024_p11.png: 1.4s, 166 lines
[persar2b] liva_FY2024_p07.png: 1.4s, 153 lines
[persar2b] liva_FY2024_p08.png: 0.9s, 85 lines
[persar2b] liva_FY2024_p09.png: 0.4s, 38 lines
[persar2b] liva_FY2024_p10.png: 0.8s, 97 lines
[persar2b] liva_FY2024_p11.png: 1.1s, 114 lines
[persar2b] maadaniyah_Q1-2025_p04.png: 0.9s, 118 lines
[persar2b] maadaniyah_Q1-2025_p05.png: 0.8s, 81 lines
[persar2b] maadaniyah_Q1-2025_p06.png: 0.6s, 41 lines
[persar2b] maadaniyah_Q1-2025_p07.png: 1.1s, 128 lines
[persar2b] maaden_FY2024_p11.png: 1.0s, 105 lines
[persar2b] maaden_FY2024_p12.png: 0.8s, 73 lines
[persar2b] maaden_FY2024_p13.png: 1.7s, 192 lines
[persar2b] maaden_FY2024_p14.png: 1.6s, 157 lines
[persar2b] maaden_FY2024_p15.png: 1.4s, 161 lines
[persar2b] maaden_FY2024_p16.png: 1.4s, 173 lines
[persar2b] mesc_H1-2023_p04.png: 1.2s, 120 lines
[persar2b] mesc_H1-2023_p05.png: 1.2s, 117 lines
[persar2b] mesc_H1-2023_p06.png: 0.8s, 68 lines
[persar2b] mesc_H1-2023_p07.png: 1.3s, 123 lines
[persar2b] musharaka_reit_FY2019_p06.png: 0.6s, 76 lines
[persar2b] musharaka_reit_FY2019_p07.png: 0.6s, 71 lines
[persar2b] musharaka_reit_FY2019_p08.png: 0.4s, 35 lines
[persar2b] musharaka_reit_FY2019_p09.png: 0.6s, 70 lines
[persar2b] musharaka_reit_FY2019_p10.png: 0.5s, 53 lines
[persar2b] nama_FY2024_p07.png: 1.3s, 139 lines
[persar2b] nama_FY2024_p08.png: 0.7s, 89 lines
[persar2b] nama_FY2024_p09.png: 0.7s, 70 lines
[persar2b] nama_FY2024_p10.png: 1.2s, 153 lines
[persar2b] othaim_FY2024_p07.png: 1.6s, 190 lines
[persar2b] othaim_FY2024_p08.png: 0.8s, 98 lines
[persar2b] othaim_FY2024_p09.png: 0.5s, 57 lines
[persar2b] othaim_FY2024_p10.png: 1.6s, 188 lines
[persar2b] othaim_FY2024_p11.png: 1.1s, 120 lines
[persar2b] othaim_FY2024_p12.png: 0.7s, 67 lines
[persar2b] riyad_aliemar_fund_FY2023_p06.png: 0.5s, 47 lines
[persar2b] riyad_aliemar_fund_FY2023_p07.png: 0.4s, 44 lines
[persar2b] riyad_aliemar_fund_FY2023_p08.png: 0.3s, 29 lines
[persar2b] riyad_aliemar_fund_FY2023_p09.png: 0.5s, 60 lines
[persar2b] saudi_re_FY2024_p08.png: 1.2s, 121 lines
[persar2b] saudi_re_FY2024_p09.png: 1.1s, 102 lines
[persar2b] saudi_re_FY2024_p10.png: 0.6s, 37 lines
[persar2b] saudi_re_FY2024_p11.png: 2.1s, 253 lines
[persar2b] saudi_re_FY2024_p12.png: 1.2s, 149 lines
[persar2b] sedco_capital_reit_FY2022_p07.png: 0.7s, 89 lines
[persar2b] sedco_capital_reit_FY2022_p08.png: 0.5s, 60 lines
[persar2b] sedco_capital_reit_FY2022_p09.png: 0.3s, 26 lines
[persar2b] sedco_capital_reit_FY2022_p10.png: 0.9s, 106 lines
[persar2b] snb_FY2024_p12.png: 1.0s, 137 lines
[persar2b] snb_FY2024_p13.png: 1.1s, 118 lines
[persar2b] snb_FY2024_p14.png: 0.5s, 60 lines
[persar2b] snb_FY2024_p15.png: 3.3s, 465 lines
[persar2b] snb_FY2024_p16.png: 1.4s, 173 lines
[persar2b] taiba_FY2024_p09.png: 1.4s, 181 lines
[persar2b] taiba_FY2024_p10.png: 0.8s, 102 lines
[persar2b] taiba_FY2024_p11.png: 0.5s, 59 lines
[persar2b] taiba_FY2024_p12.png: 1.3s, 158 lines
[persar2b] taiba_FY2024_p13.png: 1.1s, 140 lines
[persar2b] taiba_FY2024_p14.png: 1.1s, 124 lines
[persar2b] DONE
