[cmda_vision] arabian_drilling_FY2024_p13.png: 170.4s, 13788 chars, 8192 tok, finish=MAX_TOKENS
[cmda_vision] aramco_FY2023_p12.png: 32.7s, 3302 chars, 1517 tok, finish=COMPLETE
[cmda_vision] aramco_FY2023_p13.png: 23.8s, 2755 chars, 1102 tok, finish=COMPLETE
[cmda_vision] aramco_FY2023_p14.png: 50.1s, 5504 chars, 2314 tok, finish=COMPLETE
[cmda_vision] aramco_FY2023_p15.png: 21.2s, 1470 chars, 932 tok, finish=COMPLETE
[cmda_vision] aramco_FY2023_p16.png: 61.8s, 6006 chars, 2958 tok, finish=COMPLETE
[cmda_vision] aramco_FY2024_p12.png: 39.4s, 5239 chars, 1837 tok, finish=COMPLETE
[cmda_vision] aramco_FY2024_p13.png: 30.2s, 3244 chars, 1372 tok, finish=COMPLETE
[cmda_vision] aramco_FY2024_p14.png: 45.1s, 3584 chars, 2145 tok, finish=COMPLETE
[cmda_vision] aramco_FY2024_p15.png: 169.2s, 13424 chars, 8192 tok, finish=MAX_TOKENS
[cmda_vision] aramco_FY2024_p16.png: 52.2s, 4360 chars, 2436 tok, finish=COMPLETE
[cmda_vision] ashmore_saudi_equity_fund_H1-2020_p07.png: 10.2s, 978 chars, 439 tok, finish=COMPLETE
[cmda_vision] ashmore_saudi_equity_fund_H1-2020_p08.png: 27.5s, 2511 chars, 1231 tok, finish=COMPLETE
[cmda_vision] ashmore_saudi_equity_fund_H1-2020_p09.png: 9.2s, 877 chars, 384 tok, finish=COMPLETE
[cmda_vision] ashmore_saudi_equity_fund_H1-2020_p10.png: 31.7s, 3479 chars, 1434 tok, finish=COMPLETE
[cmda_vision] bahri_FY2024_p07.png: 171.8s, 4164 chars, 8192 tok, finish=MAX_TOKENS
[cmda_vision] bahri_FY2024_p08.png: 15.9s, 1283 chars, 691 tok, finish=COMPLETE
[cmda_vision] bahri_FY2024_p09.png: 15.2s, 2418 chars, 647 tok, finish=COMPLETE
[cmda_vision] bahri_FY2024_p10.png: 17.4s, 2254 chars, 771 tok, finish=COMPLETE
[cmda_vision] bahri_FY2024_p11.png: 169.3s, 22912 chars, 8192 tok, finish=MAX_TOKENS
[cmda_vision] bank_aljazira_FY2024_p07.png: 15.2s, 1556 chars, 658 tok, finish=COMPLETE
[cmda_vision] bank_aljazira_FY2024_p08.png: 33.2s, 4248 chars, 1531 tok, finish=COMPLETE
[cmda_vision] bank_aljazira_FY2024_p09.png: 37.6s, 5443 chars, 1732 tok, finish=COMPLETE
[cmda_vision] bank_aljazira_FY2024_p10.png: 9.1s, 719 chars, 355 tok, finish=COMPLETE
[cmda_vision] bank_aljazira_FY2024_p11.png: 17.1s, 2084 chars, 742 tok, finish=COMPLETE
[cmda_vision] bank_aljazira_FY2024_p12.png: 62.2s, 8452 chars, 2926 tok, finish=COMPLETE
[cmda_vision] bishah_FY2016_p04.png: 46.0s, 5181 chars, 2141 tok, finish=COMPLETE
[cmda_vision] bishah_FY2016_p05.png: 19.6s, 2429 chars, 845 tok, finish=COMPLETE
[cmda_vision] bishah_FY2016_p06.png: 22.1s, 2247 chars, 972 tok, finish=COMPLETE
[cmda_vision] bishah_FY2016_p07.png: 18.8s, 1793 chars, 824 tok, finish=COMPLETE
[cmda_vision] blom_saudi_fund_FY2022_p04.png: 7.2s, 846 chars, 272 tok, finish=COMPLETE
[cmda_vision] blom_saudi_fund_FY2022_p05.png: 7.8s, 932 chars, 329 tok, finish=COMPLETE
[cmda_vision] blom_saudi_fund_FY2022_p06.png: 168.8s, 25426 chars, 8192 tok, finish=MAX_TOKENS
[cmda_vision] blom_saudi_fund_FY2022_p07.png: 15.8s, 2183 chars, 701 tok, finish=COMPLETE
[cmda_vision] buruj_FY2024_p08.png: 36.1s, 3546 chars, 1707 tok, finish=COMPLETE
[cmda_vision] buruj_FY2024_p09.png: 24.6s, 3152 chars, 1115 tok, finish=COMPLETE
[cmda_vision] buruj_FY2024_p10.png: 9.9s, 1172 chars, 408 tok, finish=COMPLETE
[cmda_vision] buruj_FY2024_p11.png: 11.8s, 1920 chars, 484 tok, finish=COMPLETE
[cmda_vision] DONE
