[nace_low] 158 pages, 158 to run
[nace_low] al_khodari_FY2018_p08.png: 7.4s, 2572 chars, 1 credits, succeeded
[nace_low] al_khodari_FY2018_p11.png: 10.1s, 4288 chars, 1 credits, succeeded
[nace_low] al_khodari_FY2018_p10.png: 10.6s, 3687 chars, 1 credits, succeeded
[nace_low] al_mubarak_usd_trade_fund_H1-2022_p03.png: 5.6s, 938 chars, 1 credits, succeeded
[nace_low] al_mubarak_usd_trade_fund_H1-2022_p04.png: 5.6s, 796 chars, 1 credits, succeeded
[nace_low] al_khodari_FY2018_p09.png: 16.7s, 7147 chars, 1 credits, succeeded
[nace_low] al_mubarak_usd_trade_fund_H1-2022_p06.png: 6.3s, 1874 chars, 1 credits, succeeded
[nace_low] al_mubarak_usd_trade_fund_H1-2022_p05.png: 12.4s, 8471 chars, 1 credits, succeeded
[nace_low] al_rajhi_FY2024_p09.png: 8.0s, 3221 chars, 1 credits, succeeded
[nace_low] al_rajhi_FY2024_p10.png: 7.7s, 2442 chars, 1 credits, succeeded
[nace_low] al_rajhi_FY2024_p11.png: 5.8s, 588 chars, 1 credits, succeeded
[nace_low] al_rajhi_FY2024_p13.png: 8.1s, 3421 chars, 1 credits, succeeded
[nace_low] al_rajhi_FY2024_p12.png: 9.8s, 4676 chars, 1 credits, succeeded
[nace_low] al_rajhi_FY2024_p14.png: 8.6s, 3286 chars, 1 credits, succeeded
[nace_low] al_rajhi_FY2024_p15.png: 8.2s, 3443 chars, 1 credits, succeeded
[nace_low] alahli_global_trade_fund_H1-2023_p03.png: 5.2s, 883 chars, 1 credits, succeeded
[nace_low] alahli_global_trade_fund_H1-2023_p04.png: 5.8s, 1454 chars, 1 credits, succeeded
[nace_low] alahli_global_trade_fund_H1-2023_p05.png: 5.7s, 899 chars, 1 credits, succeeded
[nace_low] alahli_global_trade_fund_H1-2023_p06.png: 6.1s, 1162 chars, 1 credits, succeeded
[nace_low] alif_meem_yaa_FY2023_p06.png: 7.9s, 2908 chars, 1 credits, succeeded
[nace_low] alif_meem_yaa_FY2023_p07.png: 6.5s, 1931 chars, 1 credits, succeeded
[nace_low] alif_meem_yaa_FY2023_p08.png: 7.0s, 1496 chars, 1 credits, succeeded
[nace_low] alif_meem_yaa_FY2023_p09.png: 8.8s, 3254 chars, 1 credits, succeeded
[nace_low] alinma_tokio_marine_FY2022_p09.png: 5.6s, 903 chars, 1 credits, succeeded
[nace_low] alinma_tokio_marine_FY2022_p07.png: 8.2s, 2321 chars, 1 credits, succeeded
[nace_low] alinma_tokio_marine_FY2022_p10.png: 5.8s, 1198 chars, 1 credits, succeeded
[nace_low] almarai_FY2024_p08.png: 3.3s, 4021 chars, 1 credits, succeeded
[nace_low] alinma_tokio_marine_FY2022_p11.png: 8.4s, 2808 chars, 1 credits, succeeded
[nace_low] alinma_tokio_marine_FY2022_p08.png: 14.6s, 6055 chars, 1 credits, succeeded
[nace_low] almarai_FY2024_p09.png: 6.9s, 1602 chars, 1 credits, succeeded
[nace_low] almarai_FY2024_p10.png: 7.2s, 1251 chars, 1 credits, succeeded
[nace_low] almarai_FY2024_p13.png: 6.9s, 1411 chars, 1 credits, succeeded
[nace_low] almarai_FY2024_p12.png: 9.0s, 3456 chars, 1 credits, succeeded
[nace_low] almarai_FY2024_p11.png: 9.5s, 4329 chars, 1 credits, succeeded
[nace_low] arabian_drilling_FY2024_p08.png: 6.1s, 1731 chars, 1 credits, succeeded
[nace_low] arabian_drilling_FY2024_p09.png: 6.0s, 867 chars, 1 credits, succeeded
[nace_low] arabian_drilling_FY2024_p10.png: 7.1s, 1590 chars, 1 credits, succeeded
[nace_low] arabian_drilling_FY2024_p11.png: 7.3s, 1698 chars, 1 credits, succeeded
[nace_low] arabian_drilling_FY2024_p12.png: 8.1s, 1961 chars, 1 credits, succeeded
[nace_low] arabian_drilling_FY2024_p13.png: 7.1s, 1539 chars, 1 credits, succeeded
[nace_low] aramco_FY2023_p13.png: 6.3s, 2889 chars, 1 credits, succeeded
[nace_low] aramco_FY2023_p12.png: 7.3s, 3307 chars, 1 credits, succeeded
[nace_low] aramco_FY2023_p15.png: 7.7s, 3993 chars, 1 credits, succeeded
[nace_low] aramco_FY2024_p12.png: 6.7s, 2705 chars, 1 credits, succeeded
[nace_low] aramco_FY2023_p16.png: 7.8s, 5096 chars, 1 credits, succeeded
[nace_low] aramco_FY2024_p13.png: 7.0s, 2816 chars, 1 credits, succeeded
[nace_low] aramco_FY2023_p14.png: 18.9s, 21639 chars, 1 credits, succeeded
[nace_low] aramco_FY2024_p14.png: 7.6s, 3600 chars, 1 credits, succeeded
[nace_low] ashmore_saudi_equity_fund_H1-2020_p07.png: 5.7s, 1451 chars, 1 credits, succeeded
[nace_low] ashmore_saudi_equity_fund_H1-2020_p08.png: 5.4s, 1334 chars, 1 credits, succeeded
[nace_low] aramco_FY2024_p15.png: 12.9s, 10780 chars, 1 credits, succeeded
[nace_low] aramco_FY2024_p16.png: 9.3s, 4941 chars, 1 credits, succeeded
[nace_low] ashmore_saudi_equity_fund_H1-2020_p09.png: 5.2s, 670 chars, 1 credits, succeeded
[nace_low] bahri_FY2024_p07.png: 6.6s, 2527 chars, 1 credits, succeeded
[nace_low] bahri_FY2024_p08.png: 7.7s, 1385 chars, 1 credits, succeeded
[nace_low] bahri_FY2024_p09.png: 5.5s, 934 chars, 1 credits, succeeded
[nace_low] ashmore_saudi_equity_fund_H1-2020_p10.png: 13.0s, 11580 chars, 1 credits, succeeded
[nace_low] bahri_FY2024_p11.png: 7.1s, 2409 chars, 1 credits, succeeded
[nace_low] bahri_FY2024_p10.png: 9.9s, 4336 chars, 1 credits, succeeded
[nace_low] bank_aljazira_FY2024_p08.png: 8.3s, 1875 chars, 1 credits, succeeded
[nace_low] bank_aljazira_FY2024_p09.png: 6.5s, 3507 chars, 1 credits, succeeded
[nace_low] bank_aljazira_FY2024_p10.png: 8.7s, 4482 chars, 1 credits, succeeded
[nace_low] bank_aljazira_FY2024_p12.png: 6.5s, 1370 chars, 1 credits, succeeded
[nace_low] bank_aljazira_FY2024_p07.png: 23.4s, 15308 chars, 1 credits, succeeded
[nace_low] bishah_FY2016_p04.png: 9.6s, 2910 chars, 1 credits, succeeded
[nace_low] bishah_FY2016_p05.png: 7.3s, 1215 chars, 1 credits, succeeded
[nace_low] bank_aljazira_FY2024_p11.png: 19.8s, 13382 chars, 1 credits, succeeded
[nace_low] blom_saudi_fund_FY2022_p04.png: 5.1s, 1005 chars, 1 credits, succeeded
[nace_low] bishah_FY2016_p06.png: 8.5s, 2301 chars, 1 credits, succeeded
[nace_low] bishah_FY2016_p07.png: 8.1s, 1761 chars, 1 credits, succeeded
[nace_low] blom_saudi_fund_FY2022_p05.png: 5.7s, 908 chars, 1 credits, succeeded
[nace_low] blom_saudi_fund_FY2022_p06.png: 6.2s, 1496 chars, 1 credits, succeeded
[nace_low] blom_saudi_fund_FY2022_p07.png: 6.4s, 1705 chars, 1 credits, succeeded
[nace_low] buruj_FY2024_p08.png: 8.2s, 2104 chars, 1 credits, succeeded
[nace_low] buruj_FY2024_p09.png: 7.5s, 1143 chars, 1 credits, succeeded
[nace_low] buruj_FY2024_p10.png: 5.8s, 1078 chars, 1 credits, succeeded
[nace_low] buruj_FY2024_p11.png: 7.1s, 3641 chars, 1 credits, succeeded
[nace_low] buruj_FY2024_p12.png: 7.5s, 2611 chars, 1 credits, succeeded
[nace_low] cenomi_retail_FY2024_p11.png: 7.0s, 1615 chars, 1 credits, succeeded
[nace_low] cenomi_retail_FY2024_p10.png: 9.1s, 2051 chars, 1 credits, succeeded
[nace_low] cenomi_retail_FY2024_p09.png: 10.4s, 3874 chars, 1 credits, succeeded
[nace_low] cenomi_retail_FY2024_p13.png: 5.4s, 659 chars, 1 credits, succeeded
[nace_low] cenomi_retail_FY2024_p14.png: 6.5s, 1517 chars, 1 credits, succeeded
[nace_low] cenomi_retail_FY2024_p12.png: 10.7s, 2312 chars, 1 credits, succeeded
[nace_low] halwani_FY2024_p07.png: 7.5s, 1454 chars, 1 credits, succeeded
[nace_low] halwani_FY2024_p09.png: 6.7s, 746 chars, 1 credits, succeeded
[nace_low] halwani_FY2024_p10.png: 6.9s, 918 chars, 1 credits, succeeded
[nace_low] halwani_FY2024_p08.png: 8.8s, 2658 chars, 1 credits, succeeded
[nace_low] halwani_FY2024_p11.png: 7.5s, 789 chars, 1 credits, succeeded
[nace_low] halwani_FY2024_p12.png: 7.6s, 1621 chars, 1 credits, succeeded
[nace_low] halwani_FY2024_p13.png: 7.6s, 1884 chars, 1 credits, succeeded
[nace_low] herfy_FY2024_p07.png: 8.1s, 2105 chars, 1 credits, succeeded
[nace_low] herfy_FY2024_p08.png: 6.7s, 1153 chars, 1 credits, succeeded
[nace_low] herfy_FY2024_p09.png: 6.3s, 1530 chars, 1 credits, succeeded
[nace_low] kingdom_holding_FY2024_p08.png: 7.9s, 1610 chars, 1 credits, succeeded
[nace_low] kingdom_holding_FY2024_p09.png: 7.3s, 1780 chars, 1 credits, succeeded
[nace_low] kingdom_holding_FY2024_p10.png: 9.5s, 3066 chars, 1 credits, succeeded
[nace_low] herfy_FY2024_p10.png: 19.4s, 13230 chars, 1 credits, succeeded
[nace_low] kingdom_holding_FY2024_p07.png: 19.9s, 13364 chars, 1 credits, succeeded
[nace_low] kingdom_holding_FY2024_p11.png: 9.4s, 2893 chars, 1 credits, succeeded
[nace_low] liva_FY2024_p09.png: 4.9s, 481 chars, 1 credits, succeeded
[nace_low] liva_FY2024_p08.png: 6.0s, 1133 chars, 1 credits, succeeded
[nace_low] liva_FY2024_p07.png: 7.6s, 2603 chars, 1 credits, succeeded
[nace_low] liva_FY2024_p10.png: 6.4s, 1458 chars, 1 credits, succeeded
[nace_low] liva_FY2024_p11.png: 8.0s, 2782 chars, 1 credits, succeeded
[nace_low] maadaniyah_Q1-2025_p05.png: 7.1s, 1520 chars, 1 credits, succeeded
[nace_low] maadaniyah_Q1-2025_p06.png: 6.2s, 1041 chars, 1 credits, succeeded
[nace_low] maadaniyah_Q1-2025_p07.png: 7.0s, 2632 chars, 1 credits, succeeded
[nace_low] maaden_FY2024_p11.png: 8.0s, 2083 chars, 1 credits, succeeded
[nace_low] maaden_FY2024_p12.png: 7.5s, 2030 chars, 1 credits, succeeded
[nace_low] maadaniyah_Q1-2025_p04.png: 18.9s, 10934 chars, 1 credits, succeeded
[nace_low] maaden_FY2024_p13.png: 6.8s, 2196 chars, 1 credits, succeeded
[nace_low] maaden_FY2024_p15.png: 10.6s, 4219 chars, 1 credits, succeeded
[nace_low] maaden_FY2024_p14.png: 12.8s, 8544 chars, 1 credits, succeeded
[nace_low] mesc_H1-2023_p04.png: 9.0s, 3053 chars, 1 credits, succeeded
[nace_low] mesc_H1-2023_p06.png: 6.1s, 1485 chars, 1 credits, succeeded
[nace_low] mesc_H1-2023_p05.png: 8.2s, 2640 chars, 1 credits, succeeded
[nace_low] maaden_FY2024_p16.png: 20.3s, 9475 chars, 1 credits, succeeded
[nace_low] mesc_H1-2023_p07.png: 9.0s, 2426 chars, 1 credits, succeeded
[nace_low] musharaka_reit_FY2019_p07.png: 6.8s, 1857 chars, 1 credits, succeeded
[nace_low] musharaka_reit_FY2019_p06.png: 8.5s, 7883 chars, 1 credits, succeeded
[nace_low] musharaka_reit_FY2019_p08.png: 5.4s, 1255 chars, 1 credits, succeeded
[nace_low] musharaka_reit_FY2019_p09.png: 6.5s, 1176 chars, 1 credits, succeeded
[nace_low] musharaka_reit_FY2019_p10.png: 6.5s, 2039 chars, 1 credits, succeeded
[nace_low] nama_FY2024_p08.png: 6.3s, 967 chars, 1 credits, succeeded
[nace_low] nama_FY2024_p07.png: 7.3s, 2307 chars, 1 credits, succeeded
[nace_low] nama_FY2024_p09.png: 6.2s, 1327 chars, 1 credits, succeeded
[nace_low] nama_FY2024_p10.png: 7.5s, 2170 chars, 1 credits, succeeded
[nace_low] othaim_FY2024_p09.png: 5.7s, 854 chars, 1 credits, succeeded
[nace_low] othaim_FY2024_p08.png: 7.2s, 2006 chars, 1 credits, succeeded
[nace_low] othaim_FY2024_p11.png: 8.4s, 2021 chars, 1 credits, succeeded
[nace_low] othaim_FY2024_p12.png: 8.3s, 2949 chars, 1 credits, succeeded
[nace_low] othaim_FY2024_p07.png: 16.8s, 32261 chars, 1 credits, succeeded
[nace_low] riyad_aliemar_fund_FY2023_p06.png: 5.5s, 744 chars, 1 credits, succeeded
[nace_low] riyad_aliemar_fund_FY2023_p07.png: 5.4s, 904 chars, 1 credits, succeeded
[nace_low] riyad_aliemar_fund_FY2023_p08.png: 5.3s, 665 chars, 1 credits, succeeded
[nace_low] othaim_FY2024_p10.png: 18.3s, 9851 chars, 1 credits, succeeded
[nace_low] riyad_aliemar_fund_FY2023_p09.png: 5.8s, 1255 chars, 1 credits, succeeded
[nace_low] saudi_re_FY2024_p09.png: 7.6s, 1752 chars, 1 credits, succeeded
[nace_low] saudi_re_FY2024_p08.png: 8.7s, 3123 chars, 1 credits, succeeded
[nace_low] saudi_re_FY2024_p10.png: 5.7s, 1340 chars, 1 credits, succeeded
[nace_low] saudi_re_FY2024_p11.png: 9.0s, 4202 chars, 1 credits, succeeded
[nace_low] sedco_capital_reit_FY2022_p07.png: 7.0s, 2038 chars, 1 credits, succeeded
[nace_low] sedco_capital_reit_FY2022_p08.png: 7.2s, 1558 chars, 1 credits, succeeded
[nace_low] sedco_capital_reit_FY2022_p09.png: 5.5s, 235 chars, 1 credits, succeeded
[nace_low] snb_FY2024_p12.png: 7.8s, 3559 chars, 1 credits, succeeded
[nace_low] saudi_re_FY2024_p12.png: 16.9s, 7624 chars, 1 credits, succeeded
[nace_low] snb_FY2024_p13.png: 6.9s, 1799 chars, 1 credits, succeeded
[nace_low] snb_FY2024_p14.png: 6.6s, 1831 chars, 1 credits, succeeded
[nace_low] snb_FY2024_p16.png: 5.4s, 534 chars, 1 credits, succeeded
[nace_low] sedco_capital_reit_FY2022_p10.png: 17.7s, 6877 chars, 1 credits, succeeded
[nace_low] snb_FY2024_p15.png: 18.3s, 15481 chars, 1 credits, succeeded
[nace_low] taiba_FY2024_p09.png: 18.5s, 5537 chars, 1 credits, succeeded
[nace_low] taiba_FY2024_p10.png: 18.7s, 23280 chars, 1 credits, succeeded
[nace_low] taiba_FY2024_p12.png: 8.7s, 2516 chars, 1 credits, succeeded
[nace_low] taiba_FY2024_p11.png: 19.8s, 11815 chars, 1 credits, succeeded
[nace_low] taiba_FY2024_p13.png: 9.8s, 3058 chars, 1 credits, succeeded
[nace_low] taiba_FY2024_p14.png: 8.9s, 2171 chars, 1 credits, succeeded
[nace_low] DONE in 345s
both modes finished 16:20:39
