[ernie45_vl] al_khodari_FY2018_p08.png: 24.9s, 1329 chars, 880 tok, finish=stop, $0.0017
[ernie45_vl] al_khodari_FY2018_p09.png: 25.3s, 1888 chars, 1006 tok, finish=stop, $0.0018
[ernie45_vl] al_khodari_FY2018_p10.png: 33.1s, 1824 chars, 1299 tok, finish=stop, $0.0022
[ernie45_vl] al_khodari_FY2018_p11.png: 38.9s, 2773 chars, 1620 tok, finish=stop, $0.0026
[ernie45_vl] al_mubarak_usd_trade_fund_H1-2022_p03.png: 18.0s, 1054 chars, 551 tok, finish=stop, $0.0013
[ernie45_vl] al_mubarak_usd_trade_fund_H1-2022_p04.png: 9.9s, 552 chars, 334 tok, finish=stop, $0.0010
[ernie45_vl] al_mubarak_usd_trade_fund_H1-2022_p05.png: 26.8s, 1739 chars, 952 tok, finish=stop, $0.0018
[ernie45_vl] al_mubarak_usd_trade_fund_H1-2022_p06.png: 17.6s, 1296 chars, 640 tok, finish=stop, $0.0014
[ernie45_vl] al_rajhi_FY2024_p09.png: 30.2s, 1990 chars, 1171 tok, finish=stop, $0.0021
[ernie45_vl] al_rajhi_FY2024_p10.png: 26.1s, 1786 chars, 1023 tok, finish=stop, $0.0019
[ernie45_vl] al_rajhi_FY2024_p11.png: 22.0s, 1616 chars, 729 tok, finish=stop, $0.0015
[ernie45_vl] al_rajhi_FY2024_p12.png: 29.6s, 1938 chars, 1253 tok, finish=stop, $0.0022
[ernie45_vl] al_rajhi_FY2024_p13.png: 14.4s, 729 chars, 429 tok, finish=stop, $0.0011
[ernie45_vl] al_rajhi_FY2024_p14.png: 33.6s, 2189 chars, 1182 tok, finish=stop, $0.0021
[ernie45_vl] al_rajhi_FY2024_p15.png: 24.5s, 1851 chars, 979 tok, finish=stop, $0.0018
[ernie45_vl] alahli_global_trade_fund_H1-2023_p03.png: 14.7s, 802 chars, 438 tok, finish=stop, $0.0011
[ernie45_vl] alahli_global_trade_fund_H1-2023_p04.png: 15.3s, 1098 chars, 541 tok, finish=stop, $0.0013
[ernie45_vl] alahli_global_trade_fund_H1-2023_p05.png: 15.8s, 1089 chars, 556 tok, finish=stop, $0.0013
[ernie45_vl] alahli_global_trade_fund_H1-2023_p06.png: 15.6s, 1102 chars, 533 tok, finish=stop, $0.0013
[ernie45_vl] alif_meem_yaa_FY2023_p06.png: 20.5s, 1692 chars, 775 tok, finish=stop, $0.0016
[ernie45_vl] alif_meem_yaa_FY2023_p07.png: 21.5s, 1472 chars, 809 tok, finish=stop, $0.0016
[ernie45_vl] alif_meem_yaa_FY2023_p08.png: 20.2s, 1303 chars, 778 tok, finish=stop, $0.0016
[ernie45_vl] alif_meem_yaa_FY2023_p09.png: 42.7s, 1662 chars, 1864 tok, finish=stop, $0.0029
[ernie45_vl] alinma_tokio_marine_FY2022_p07.png: 14.7s, 1087 chars, 487 tok, finish=stop, $0.0012
[ernie45_vl] alinma_tokio_marine_FY2022_p08.png: 40.4s, 2671 chars, 1707 tok, finish=stop, $0.0027
[ernie45_vl] alinma_tokio_marine_FY2022_p09.png: 12.1s, 700 chars, 379 tok, finish=stop, $0.0011
[ernie45_vl] alinma_tokio_marine_FY2022_p10.png: 14.4s, 947 chars, 523 tok, finish=stop, $0.0012
[ernie45_vl] alinma_tokio_marine_FY2022_p11.png: 38.0s, 2874 chars, 1614 tok, finish=stop, $0.0026
[ernie45_vl] almarai_FY2024_p08.png: 22.3s, 1657 chars, 815 tok, finish=stop, $0.0016
[ernie45_vl] almarai_FY2024_p09.png: 20.0s, 1468 chars, 803 tok, finish=stop, $0.0016
[ernie45_vl] almarai_FY2024_p10.png: 12.4s, 771 chars, 439 tok, finish=stop, $0.0011
[ernie45_vl] almarai_FY2024_p11.png: 44.4s, 2941 chars, 1868 tok, finish=stop, $0.0029
[ernie45_vl] almarai_FY2024_p12.png: 32.4s, 2082 chars, 1296 tok, finish=stop, $0.0022
[ernie45_vl] almarai_FY2024_p13.png: 19.9s, 1241 chars, 703 tok, finish=stop, $0.0015
[ernie45_vl] arabian_drilling_FY2024_p08.png: 28.4s, 1673 chars, 1056 tok, finish=stop, $0.0019
[ernie45_vl] arabian_drilling_FY2024_p09.png: 17.6s, 1084 chars, 668 tok, finish=stop, $0.0014
[ernie45_vl] arabian_drilling_FY2024_p10.png: 21.8s, 1016 chars, 867 tok, finish=stop, $0.0017
[ernie45_vl] arabian_drilling_FY2024_p11.png: 25.6s, 1536 chars, 1065 tok, finish=stop, $0.0019
[ernie45_vl] arabian_drilling_FY2024_p12.png: 32.9s, 2185 chars, 1180 tok, finish=stop, $0.0021
