[mistral_ocr] al_khodari_FY2018_p08.png: 3.0s, 3503 chars
[mistral_ocr] al_khodari_FY2018_p09.png: 2.1s, 2368 chars
[mistral_ocr] al_khodari_FY2018_p10.png: 2.8s, 2991 chars
[mistral_ocr] al_khodari_FY2018_p11.png: 2.6s, 3425 chars
[mistral_ocr] al_mubarak_usd_trade_fund_H1-2022_p03.png: 1.0s, 1062 chars
[mistral_ocr] al_mubarak_usd_trade_fund_H1-2022_p04.png: 1.0s, 795 chars
[mistral_ocr] al_mubarak_usd_trade_fund_H1-2022_p05.png: 1.1s, 1246 chars
[mistral_ocr] al_mubarak_usd_trade_fund_H1-2022_p06.png: 1.1s, 1386 chars
[mistral_ocr] al_rajhi_FY2024_p09.png: 1.9s, 2435 chars
[mistral_ocr] al_rajhi_FY2024_p10.png: 1.8s, 1888 chars
[mistral_ocr] al_rajhi_FY2024_p11.png: 1.5s, 1749 chars
[mistral_ocr] al_rajhi_FY2024_p12.png: 2.4s, 3003 chars
[mistral_ocr] al_rajhi_FY2024_p13.png: 1.6s, 2384 chars
[mistral_ocr] al_rajhi_FY2024_p14.png: 1.7s, 2440 chars
[mistral_ocr] al_rajhi_FY2024_p15.png: 1.9s, 2559 chars
[mistral_ocr] alahli_global_trade_fund_H1-2023_p03.png: 1.3s, 832 chars
[mistral_ocr] alahli_global_trade_fund_H1-2023_p04.png: 1.1s, 1044 chars
[mistral_ocr] alahli_global_trade_fund_H1-2023_p05.png: 1.2s, 1316 chars
[mistral_ocr] alahli_global_trade_fund_H1-2023_p06.png: 1.1s, 1147 chars
[mistral_ocr] alif_meem_yaa_FY2023_p06.png: 2.0s, 2204 chars
[mistral_ocr] alif_meem_yaa_FY2023_p07.png: 1.5s, 1674 chars
[mistral_ocr] alif_meem_yaa_FY2023_p08.png: 1.9s, 1640 chars
[mistral_ocr] alif_meem_yaa_FY2023_p09.png: 2.1s, 2488 chars
[mistral_ocr] alinma_tokio_marine_FY2022_p07.png: 2.5s, 2400 chars
[mistral_ocr] alinma_tokio_marine_FY2022_p08.png: 2.1s, 2988 chars
[mistral_ocr] alinma_tokio_marine_FY2022_p09.png: 1.0s, 786 chars
[mistral_ocr] alinma_tokio_marine_FY2022_p10.png: 1.2s, 1096 chars
[mistral_ocr] alinma_tokio_marine_FY2022_p11.png: 2.4s, 3398 chars
[mistral_ocr] almarai_FY2024_p08.png: 2.2s, 2934 chars
[mistral_ocr] almarai_FY2024_p09.png: 1.5s, 1668 chars
[mistral_ocr] almarai_FY2024_p10.png: 1.7s, 1560 chars
[mistral_ocr] almarai_FY2024_p11.png: 2.2s, 2909 chars
[mistral_ocr] almarai_FY2024_p12.png: 1.9s, 2598 chars
[mistral_ocr] almarai_FY2024_p13.png: 1.6s, 1613 chars
[mistral_ocr] arabian_drilling_FY2024_p08.png: 2.3s, 2558 chars
[mistral_ocr] arabian_drilling_FY2024_p09.png: 1.4s, 939 chars
[mistral_ocr] arabian_drilling_FY2024_p10.png: 2.2s, 2040 chars
[mistral_ocr] arabian_drilling_FY2024_p11.png: 1.9s, 1409 chars
[mistral_ocr] arabian_drilling_FY2024_p12.png: 1.9s, 2201 chars
[mistral_ocr] arabian_drilling_FY2024_p13.png: 1.5s, 1303 chars
[mistral_ocr] aramco_FY2023_p12.png: 2.1s, 2378 chars
[mistral_ocr] aramco_FY2023_p13.png: 1.7s, 1866 chars
[mistral_ocr] aramco_FY2023_p14.png: 2.7s, 3808 chars
[mistral_ocr] aramco_FY2023_p15.png: 2.1s, 2357 chars
[mistral_ocr] aramco_FY2023_p16.png: 2.5s, 4400 chars
[mistral_ocr] aramco_FY2024_p12.png: 2.2s, 2358 chars
[mistral_ocr] aramco_FY2024_p13.png: 1.4s, 1848 chars
[mistral_ocr] aramco_FY2024_p14.png: 3.2s, 3969 chars
[mistral_ocr] aramco_FY2024_p15.png: 2.8s, 3162 chars
[mistral_ocr] aramco_FY2024_p16.png: 3.3s, 4291 chars
[mistral_ocr] ashmore_saudi_equity_fund_H1-2020_p07.png: 1.3s, 1126 chars
[mistral_ocr] ashmore_saudi_equity_fund_H1-2020_p08.png: 1.3s, 1020 chars
[mistral_ocr] ashmore_saudi_equity_fund_H1-2020_p09.png: 1.0s, 908 chars
[mistral_ocr] ashmore_saudi_equity_fund_H1-2020_p10.png: 1.2s, 1413 chars
[mistral_ocr] bahri_FY2024_p07.png: 1.8s, 2603 chars
[mistral_ocr] bahri_FY2024_p08.png: 1.6s, 1463 chars
[mistral_ocr] bahri_FY2024_p09.png: 1.1s, 1160 chars
[mistral_ocr] bahri_FY2024_p10.png: 2.4s, 3321 chars
[mistral_ocr] bahri_FY2024_p11.png: 1.7s, 1972 chars
[mistral_ocr] bank_aljazira_FY2024_p07.png: 1.7s, 1278 chars
[mistral_ocr] bank_aljazira_FY2024_p08.png: 2.1s, 2247 chars
[mistral_ocr] bank_aljazira_FY2024_p09.png: 1.5s, 1415 chars
[mistral_ocr] bank_aljazira_FY2024_p10.png: 2.6s, 2862 chars
[mistral_ocr] bank_aljazira_FY2024_p11.png: 2.5s, 3103 chars
[mistral_ocr] bank_aljazira_FY2024_p12.png: 1.4s, 1322 chars
[mistral_ocr] bishah_FY2016_p04.png: 2.4s, 2308 chars
[mistral_ocr] bishah_FY2016_p05.png: 1.4s, 941 chars
[mistral_ocr] bishah_FY2016_p06.png: 1.7s, 1852 chars
[mistral_ocr] bishah_FY2016_p07.png: 1.7s, 1374 chars
[mistral_ocr] blom_saudi_fund_FY2022_p04.png: 1.1s, 1087 chars
[mistral_ocr] blom_saudi_fund_FY2022_p05.png: 0.9s, 969 chars
[mistral_ocr] blom_saudi_fund_FY2022_p06.png: 1.1s, 1132 chars
[mistral_ocr] blom_saudi_fund_FY2022_p07.png: 1.0s, 1416 chars
[mistral_ocr] buruj_FY2024_p08.png: 1.9s, 1957 chars
[mistral_ocr] buruj_FY2024_p09.png: 2.3s, 1078 chars
[mistral_ocr] buruj_FY2024_p10.png: 0.9s, 763 chars
[mistral_ocr] buruj_FY2024_p11.png: 2.0s, 2237 chars
[mistral_ocr] buruj_FY2024_p12.png: 1.9s, 2348 chars
[mistral_ocr] cenomi_retail_FY2024_p09.png: 2.3s, 2877 chars
[mistral_ocr] cenomi_retail_FY2024_p10.png: 2.1s, 2388 chars
[mistral_ocr] cenomi_retail_FY2024_p11.png: 1.2s, 1256 chars
[mistral_ocr] cenomi_retail_FY2024_p12.png: 1.9s, 1946 chars
[mistral_ocr] cenomi_retail_FY2024_p13.png: 2.1s, 2962 chars
[mistral_ocr] cenomi_retail_FY2024_p14.png: 1.3s, 1207 chars
[mistral_ocr] halwani_FY2024_p07.png: 1.8s, 2381 chars
[mistral_ocr] halwani_FY2024_p08.png: 1.6s, 1807 chars
[mistral_ocr] halwani_FY2024_p09.png: 1.3s, 1253 chars
[mistral_ocr] halwani_FY2024_p10.png: 0.9s, 873 chars
[mistral_ocr] halwani_FY2024_p11.png: 1.2s, 1085 chars
[mistral_ocr] halwani_FY2024_p12.png: 1.5s, 2046 chars
[mistral_ocr] halwani_FY2024_p13.png: 2.0s, 2536 chars
[mistral_ocr] herfy_FY2024_p07.png: 1.8s, 2335 chars
[mistral_ocr] herfy_FY2024_p08.png: 1.9s, 1757 chars
[mistral_ocr] herfy_FY2024_p09.png: 1.2s, 1170 chars
[mistral_ocr] herfy_FY2024_p10.png: 2.5s, 3330 chars
[mistral_ocr] kingdom_holding_FY2024_p07.png: 2.5s, 3067 chars
[mistral_ocr] kingdom_holding_FY2024_p08.png: 1.8s, 1753 chars
[mistral_ocr] kingdom_holding_FY2024_p09.png: 1.3s, 1403 chars
[mistral_ocr] kingdom_holding_FY2024_p10.png: 2.0s, 2736 chars
[mistral_ocr] kingdom_holding_FY2024_p11.png: 2.5s, 3705 chars
[mistral_ocr] liva_FY2024_p07.png: 1.8s, 2290 chars
[mistral_ocr] liva_FY2024_p08.png: 1.4s, 1642 chars
[mistral_ocr] liva_FY2024_p09.png: 1.1s, 873 chars
[mistral_ocr] liva_FY2024_p10.png: 1.6s, 1545 chars
[mistral_ocr] liva_FY2024_p11.png: 2.0s, 2425 chars
[mistral_ocr] maadaniyah_Q1-2025_p04.png: 1.9s, 2623 chars
[mistral_ocr] maadaniyah_Q1-2025_p05.png: 1.5s, 1631 chars
[mistral_ocr] maadaniyah_Q1-2025_p06.png: 1.0s, 798 chars
[mistral_ocr] maadaniyah_Q1-2025_p07.png: 2.1s, 2902 chars
[mistral_ocr] maaden_FY2024_p11.png: 1.7s, 1915 chars
[mistral_ocr] maaden_FY2024_p12.png: 1.5s, 1213 chars
[mistral_ocr] maaden_FY2024_p13.png: 2.6s, 3714 chars
[mistral_ocr] maaden_FY2024_p14.png: 3.1s, 3411 chars
[mistral_ocr] maaden_FY2024_p15.png: 3.8s, 2964 chars
[mistral_ocr] maaden_FY2024_p16.png: 3.5s, 4939 chars
[mistral_ocr] mesc_H1-2023_p04.png: 2.6s, 2630 chars
[mistral_ocr] mesc_H1-2023_p05.png: 2.2s, 2388 chars
[mistral_ocr] mesc_H1-2023_p06.png: 1.4s, 981 chars
[mistral_ocr] mesc_H1-2023_p07.png: 2.4s, 2611 chars
[mistral_ocr] musharaka_reit_FY2019_p06.png: 1.3s, 1368 chars
[mistral_ocr] musharaka_reit_FY2019_p07.png: 1.3s, 1374 chars
[mistral_ocr] musharaka_reit_FY2019_p08.png: 2.2s, 825 chars
[mistral_ocr] musharaka_reit_FY2019_p09.png: 2.0s, 1460 chars
[mistral_ocr] musharaka_reit_FY2019_p10.png: 1.8s, 1462 chars
[mistral_ocr] nama_FY2024_p07.png: 1.9s, 2304 chars
[mistral_ocr] nama_FY2024_p08.png: 1.5s, 1629 chars
[mistral_ocr] nama_FY2024_p09.png: 1.5s, 1302 chars
[mistral_ocr] nama_FY2024_p10.png: 1.8s, 2385 chars
[mistral_ocr] othaim_FY2024_p07.png: 2.4s, 3682 chars
[mistral_ocr] othaim_FY2024_p08.png: 1.8s, 1890 chars
[mistral_ocr] othaim_FY2024_p09.png: 1.2s, 1384 chars
[mistral_ocr] othaim_FY2024_p10.png: 2.4s, 2412 chars
[mistral_ocr] othaim_FY2024_p11.png: 2.3s, 2733 chars
[mistral_ocr] othaim_FY2024_p12.png: 1.4s, 1739 chars
[mistral_ocr] riyad_aliemar_fund_FY2023_p06.png: 1.0s, 953 chars
[mistral_ocr] riyad_aliemar_fund_FY2023_p07.png: 1.0s, 997 chars
[mistral_ocr] riyad_aliemar_fund_FY2023_p08.png: 1.0s, 776 chars
[mistral_ocr] riyad_aliemar_fund_FY2023_p09.png: 1.2s, 1444 chars
[mistral_ocr] saudi_re_FY2024_p08.png: 1.6s, 1610 chars
[mistral_ocr] saudi_re_FY2024_p09.png: 1.7s, 2071 chars
[mistral_ocr] saudi_re_FY2024_p10.png: 1.2s, 1044 chars
[mistral_ocr] saudi_re_FY2024_p11.png: 3.3s, 3394 chars
[mistral_ocr] saudi_re_FY2024_p12.png: 2.2s, 3769 chars
[mistral_ocr] sedco_capital_reit_FY2022_p07.png: 1.8s, 1787 chars
[mistral_ocr] sedco_capital_reit_FY2022_p08.png: 1.3s, 1230 chars
[mistral_ocr] sedco_capital_reit_FY2022_p09.png: 1.0s, 680 chars
[mistral_ocr] sedco_capital_reit_FY2022_p10.png: 1.7s, 2455 chars
[mistral_ocr] snb_FY2024_p12.png: 2.6s, 2667 chars
[mistral_ocr] snb_FY2024_p13.png: 1.9s, 2508 chars
[mistral_ocr] snb_FY2024_p14.png: 1.5s, 1606 chars
[mistral_ocr] snb_FY2024_p15.png: 12.1s, 41254 chars
[mistral_ocr] snb_FY2024_p16.png: 2.5s, 4316 chars
[mistral_ocr] taiba_FY2024_p09.png: 2.4s, 3195 chars
[mistral_ocr] taiba_FY2024_p10.png: 2.1s, 2082 chars
[mistral_ocr] taiba_FY2024_p11.png: 1.9s, 1521 chars
[mistral_ocr] taiba_FY2024_p12.png: 2.3s, 2636 chars
[mistral_ocr] taiba_FY2024_p13.png: 2.0s, 2822 chars
[mistral_ocr] taiba_FY2024_p14.png: 2.3s, 2959 chars
[mistral_ocr] DONE
