[ernie45_vl] mesc_H1-2023_p07.png: 33.2s, 2414 chars, 1374 tok, finish=stop, $0.0023
[ernie45_vl] musharaka_reit_FY2019_p06.png: 17.3s, 990 chars, 667 tok, finish=stop, $0.0014
[ernie45_vl] musharaka_reit_FY2019_p07.png: 168.5s, 7824 chars, 8189 tok, finish=stop, $0.0108
[ernie45_vl] musharaka_reit_FY2019_p08.png: 13.3s, 860 chars, 454 tok, finish=stop, $0.0012
[ernie45_vl] musharaka_reit_FY2019_p09.png: 22.5s, 1398 chars, 851 tok, finish=stop, $0.0017
[ernie45_vl] musharaka_reit_FY2019_p10.png: 19.5s, 1302 chars, 686 tok, finish=stop, $0.0014
[ernie45_vl] nama_FY2024_p07.png: 20.8s, 1268 chars, 665 tok, finish=stop, $0.0014
[ernie45_vl] nama_FY2024_p08.png: 16.5s, 1182 chars, 601 tok, finish=stop, $0.0013
[ernie45_vl] nama_FY2024_p09.png: 20.7s, 1257 chars, 723 tok, finish=stop, $0.0015
[ernie45_vl] nama_FY2024_p10.png: 28.1s, 2160 chars, 1046 tok, finish=stop, $0.0019
[ernie45_vl] othaim_FY2024_p07.png: 45.1s, 2743 chars, 1580 tok, finish=stop, $0.0026
[ernie45_vl] othaim_FY2024_p08.png: 163.9s, 5610 chars, 8173 tok, finish=stop, $0.0108
[ernie45_vl] othaim_FY2024_p09.png: 23.0s, 1518 chars, 899 tok, finish=stop, $0.0017
[ernie45_vl] othaim_FY2024_p10.png: 22.0s, 2042 chars, 871 tok, finish=stop, $0.0017
[ernie45_vl] othaim_FY2024_p11.png: 36.4s, 2796 chars, 1489 tok, finish=stop, $0.0024
[ernie45_vl] othaim_FY2024_p12.png: 19.9s, 1231 chars, 749 tok, finish=stop, $0.0015
[ernie45_vl] riyad_aliemar_fund_FY2023_p06.png: 16.2s, 1072 chars, 570 tok, finish=stop, $0.0013
[ernie45_vl] riyad_aliemar_fund_FY2023_p07.png: 16.1s, 1054 chars, 614 tok, finish=stop, $0.0014
[ernie45_vl] riyad_aliemar_fund_FY2023_p08.png: 15.6s, 789 chars, 492 tok, finish=stop, $0.0012
[ernie45_vl] riyad_aliemar_fund_FY2023_p09.png: 17.4s, 1246 chars, 633 tok, finish=stop, $0.0014
[ernie45_vl] saudi_re_FY2024_p08.png: 33.5s, 1814 chars, 1320 tok, finish=stop, $0.0022
[ernie45_vl] saudi_re_FY2024_p09.png: 19.7s, 1625 chars, 697 tok, finish=stop, $0.0015
[ernie45_vl] saudi_re_FY2024_p10.png: 13.4s, 968 chars, 448 tok, finish=stop, $0.0011
[ernie45_vl] saudi_re_FY2024_p11.png: 23.8s, 2044 chars, 908 tok, finish=stop, $0.0017
[ernie45_vl] saudi_re_FY2024_p12.png: 12.8s, 1223 chars, 392 tok, finish=stop, $0.0011
[ernie45_vl] sedco_capital_reit_FY2022_p07.png: 18.1s, 1205 chars, 711 tok, finish=stop, $0.0015
[ernie45_vl] sedco_capital_reit_FY2022_p08.png: 18.5s, 932 chars, 680 tok, finish=stop, $0.0014
[ernie45_vl] sedco_capital_reit_FY2022_p09.png: 12.8s, 638 chars, 367 tok, finish=stop, $0.0010
[ernie45_vl] sedco_capital_reit_FY2022_p10.png: 21.4s, 1559 chars, 633 tok, finish=stop, $0.0014
[ernie45_vl] snb_FY2024_p12.png: 33.0s, 2283 chars, 1352 tok, finish=stop, $0.0023
[ernie45_vl] snb_FY2024_p13.png: 28.7s, 1874 chars, 1168 tok, finish=stop, $0.0020
[ernie45_vl] snb_FY2024_p14.png: 14.8s, 837 chars, 493 tok, finish=stop, $0.0012
[ernie45_vl] snb_FY2024_p15.png: 20.3s, 1551 chars, 816 tok, finish=stop, $0.0016
[ernie45_vl] snb_FY2024_p16.png: 52.3s, 3909 chars, 2244 tok, finish=stop, $0.0034
[ernie45_vl] taiba_FY2024_p09.png: 13.5s, 1132 chars, 349 tok, finish=stop, $0.0010
[ernie45_vl] taiba_FY2024_p10.png: 26.9s, 1673 chars, 1112 tok, finish=stop, $0.0020
[ernie45_vl] taiba_FY2024_p11.png: 17.0s, 1156 chars, 538 tok, finish=stop, $0.0013
[ernie45_vl] taiba_FY2024_p12.png: 19.8s, 1150 chars, 581 tok, finish=stop, $0.0013
[ernie45_vl] taiba_FY2024_p13.png: 25.1s, 1998 chars, 928 tok, finish=stop, $0.0017
[ernie45_vl] taiba_FY2024_p14.png: 24.1s, 1870 chars, 941 tok, finish=stop, $0.0018
[ernie45_vl] DONE
