[nemotron12b_vl] al_khodari_FY2018_p08.png: 0.2s, 0 chars, ? tok, finish=None, $0.0000  ERROR RuntimeError: HTTP 404: {"error":{"message":"No endpoints found for nvidia/nemotron-nano-12b-v2-vl.","code":404},"user_id":"user_30bkkV1aOllwVJux4K0qX3wgU89"}
[nemotron12b_vl] al_khodari_FY2018_p09.png: 0.1s, 0 chars, ? tok, finish=None, $0.0000  ERROR RuntimeError: HTTP 404: {"error":{"message":"No endpoints found for nvidia/nemotron-nano-12b-v2-vl.","code":404},"user_id":"user_30bkkV1aOllwVJux4K0qX3wgU89"}
[nemotron12b_vl] al_khodari_FY2018_p10.png: 0.1s, 0 chars, ? tok, finish=None, $0.0000  ERROR RuntimeError: HTTP 404: {"error":{"message":"No endpoints found for nvidia/nemotron-nano-12b-v2-vl.","code":404},"user_id":"user_30bkkV1aOllwVJux4K0qX3wgU89"}
[nemotron12b_vl] al_khodari_FY2018_p11.png: 0.0s, 0 chars, ? tok, finish=None, $0.0000  ERROR RuntimeError: HTTP 404: {"error":{"message":"No endpoints found for nvidia/nemotron-nano-12b-v2-vl.","code":404},"user_id":"user_30bkkV1aOllwVJux4K0qX3wgU89"}
[nemotron12b_vl] al_mubarak_usd_trade_fund_H1-2022_p03.png: 0.0s, 0 chars, ? tok, finish=None, $0.0000  ERROR RuntimeError: HTTP 404: {"error":{"message":"No endpoints found for nvidia/nemotron-nano-12b-v2-vl.","code":404},"user_id":"user_30bkkV1aOllwVJux4K0qX3wgU89"}
[nemotron12b_vl] al_mubarak_usd_trade_fund_H1-2022_p04.png: 0.0s, 0 chars, ? tok, finish=None, $0.0000  ERROR RuntimeError: HTTP 404: {"error":{"message":"No endpoints found for nvidia/nemotron-nano-12b-v2-vl.","code":404},"user_id":"user_30bkkV1aOllwVJux4K0qX3wgU89"}
[nemotron12b_vl] al_mubarak_usd_trade_fund_H1-2022_p05.png: 0.1s, 0 chars, ? tok, finish=None, $0.0000  ERROR RuntimeError: HTTP 404: {"error":{"message":"No endpoints found for nvidia/nemotron-nano-12b-v2-vl.","code":404},"user_id":"user_30bkkV1aOllwVJux4K0qX3wgU89"}
[nemotron12b_vl] al_mubarak_usd_trade_fund_H1-2022_p06.png: 0.0s, 0 chars, ? tok, finish=None, $0.0000  ERROR RuntimeError: HTTP 404: {"error":{"message":"No endpoints found for nvidia/nemotron-nano-12b-v2-vl.","code":404},"user_id":"user_30bkkV1aOllwVJux4K0qX3wgU89"}
[nemotron12b_vl] al_rajhi_FY2024_p09.png: 0.1s, 0 chars, ? tok, finish=None, $0.0000  ERROR RuntimeError: HTTP 404: {"error":{"message":"No endpoints found for nvidia/nemotron-nano-12b-v2-vl.","code":404},"user_id":"user_30bkkV1aOllwVJux4K0qX3wgU89"}
[nemotron12b_vl] al_rajhi_FY2024_p10.png: 0.1s, 0 chars, ? tok, finish=None, $0.0000  ERROR RuntimeError: HTTP 404: {"error":{"message":"No endpoints found for nvidia/nemotron-nano-12b-v2-vl.","code":404},"user_id":"user_30bkkV1aOllwVJux4K0qX3wgU89"}
[nemotron12b_vl] al_rajhi_FY2024_p11.png: 0.1s, 0 chars, ? tok, finish=None, $0.0000  ERROR RuntimeError: HTTP 404: {"error":{"message":"No endpoints found for nvidia/nemotron-nano-12b-v2-vl.","code":404},"user_id":"user_30bkkV1aOllwVJux4K0qX3wgU89"}
[nemotron12b_vl] al_rajhi_FY2024_p12.png: 0.1s, 0 chars, ? tok, finish=None, $0.0000  ERROR RuntimeError: HTTP 404: {"error":{"message":"No endpoints found for nvidia/nemotron-nano-12b-v2-vl.","code":404},"user_id":"user_30bkkV1aOllwVJux4K0qX3wgU89"}
[nemotron12b_vl] al_rajhi_FY2024_p13.png: 0.1s, 0 chars, ? tok, finish=None, $0.0000  ERROR RuntimeError: HTTP 404: {"error":{"message":"No endpoints found for nvidia/nemotron-nano-12b-v2-vl.","code":404},"user_id":"user_30bkkV1aOllwVJux4K0qX3wgU89"}
[nemotron12b_vl] al_rajhi_FY2024_p14.png: 0.1s, 0 chars, ? tok, finish=None, $0.0000  ERROR RuntimeError: HTTP 404: {"error":{"message":"No endpoints found for nvidia/nemotron-nano-12b-v2-vl.","code":404},"user_id":"user_30bkkV1aOllwVJux4K0qX3wgU89"}
[nemotron12b_vl] al_rajhi_FY2024_p15.png: 0.1s, 0 chars, ? tok, finish=None, $0.0000  ERROR RuntimeError: HTTP 404: {"error":{"message":"No endpoints found for nvidia/nemotron-nano-12b-v2-vl.","code":404},"user_id":"user_30bkkV1aOllwVJux4K0qX3wgU89"}
[nemotron12b_vl] alahli_global_trade_fund_H1-2023_p03.png: 0.0s, 0 chars, ? tok, finish=None, $0.0000  ERROR RuntimeError: HTTP 404: {"error":{"message":"No endpoints found for nvidia/nemotron-nano-12b-v2-vl.","code":404},"user_id":"user_30bkkV1aOllwVJux4K0qX3wgU89"}
[nemotron12b_vl] alahli_global_trade_fund_H1-2023_p04.png: 0.0s, 0 chars, ? tok, finish=None, $0.0000  ERROR RuntimeError: HTTP 404: {"error":{"message":"No endpoints found for nvidia/nemotron-nano-12b-v2-vl.","code":404},"user_id":"user_30bkkV1aOllwVJux4K0qX3wgU89"}
[nemotron12b_vl] alahli_global_trade_fund_H1-2023_p05.png: 0.1s, 0 chars, ? tok, finish=None, $0.0000  ERROR RuntimeError: HTTP 404: {"error":{"message":"No endpoints found for nvidia/nemotron-nano-12b-v2-vl.","code":404},"user_id":"user_30bkkV1aOllwVJux4K0qX3wgU89"}
[nemotron12b_vl] alahli_global_trade_fund_H1-2023_p06.png: 0.1s, 0 chars, ? tok, finish=None, $0.0000  ERROR RuntimeError: HTTP 404: {"error":{"message":"No endpoints found for nvidia/nemotron-nano-12b-v2-vl.","code":404},"user_id":"user_30bkkV1aOllwVJux4K0qX3wgU89"}
[nemotron12b_vl] alif_meem_yaa_FY2023_p06.png: 0.0s, 0 chars, ? tok, finish=None, $0.0000  ERROR RuntimeError: HTTP 404: {"error":{"message":"No endpoints found for nvidia/nemotron-nano-12b-v2-vl.","code":404},"user_id":"user_30bkkV1aOllwVJux4K0qX3wgU89"}
[nemotron12b_vl] alif_meem_yaa_FY2023_p07.png: 0.1s, 0 chars, ? tok, finish=None, $0.0000  ERROR RuntimeError: HTTP 404: {"error":{"message":"No endpoints found for nvidia/nemotron-nano-12b-v2-vl.","code":404},"user_id":"user_30bkkV1aOllwVJux4K0qX3wgU89"}
[nemotron12b_vl] alif_meem_yaa_FY2023_p08.png: 0.0s, 0 chars, ? tok, finish=None, $0.0000  ERROR RuntimeError: HTTP 404: {"error":{"message":"No endpoints found for nvidia/nemotron-nano-12b-v2-vl.","code":404},"user_id":"user_30bkkV1aOllwVJux4K0qX3wgU89"}
[nemotron12b_vl] alif_meem_yaa_FY2023_p09.png: 0.1s, 0 chars, ? tok, finish=None, $0.0000  ERROR RuntimeError: HTTP 404: {"error":{"message":"No endpoints found for nvidia/nemotron-nano-12b-v2-vl.","code":404},"user_id":"user_30bkkV1aOllwVJux4K0qX3wgU89"}
[nemotron12b_vl] alinma_tokio_marine_FY2022_p07.png: 0.1s, 0 chars, ? tok, finish=None, $0.0000  ERROR RuntimeError: HTTP 404: {"error":{"message":"No endpoints found for nvidia/nemotron-nano-12b-v2-vl.","code":404},"user_id":"user_30bkkV1aOllwVJux4K0qX3wgU89"}
[nemotron12b_vl] alinma_tokio_marine_FY2022_p08.png: 0.1s, 0 chars, ? tok, finish=None, $0.0000  ERROR RuntimeError: HTTP 404: {"error":{"message":"No endpoints found for nvidia/nemotron-nano-12b-v2-vl.","code":404},"user_id":"user_30bkkV1aOllwVJux4K0qX3wgU89"}
[nemotron12b_vl] alinma_tokio_marine_FY2022_p09.png: 0.1s, 0 chars, ? tok, finish=None, $0.0000  ERROR RuntimeError: HTTP 404: {"error":{"message":"No endpoints found for nvidia/nemotron-nano-12b-v2-vl.","code":404},"user_id":"user_30bkkV1aOllwVJux4K0qX3wgU89"}
[nemotron12b_vl] alinma_tokio_marine_FY2022_p10.png: 0.1s, 0 chars, ? tok, finish=None, $0.0000  ERROR RuntimeError: HTTP 404: {"error":{"message":"No endpoints found for nvidia/nemotron-nano-12b-v2-vl.","code":404},"user_id":"user_30bkkV1aOllwVJux4K0qX3wgU89"}
[nemotron12b_vl] alinma_tokio_marine_FY2022_p11.png: 0.1s, 0 chars, ? tok, finish=None, $0.0000  ERROR RuntimeError: HTTP 404: {"error":{"message":"No endpoints found for nvidia/nemotron-nano-12b-v2-vl.","code":404},"user_id":"user_30bkkV1aOllwVJux4K0qX3wgU89"}
[nemotron12b_vl] almarai_FY2024_p08.png: 0.1s, 0 chars, ? tok, finish=None, $0.0000  ERROR RuntimeError: HTTP 404: {"error":{"message":"No endpoints found for nvidia/nemotron-nano-12b-v2-vl.","code":404},"user_id":"user_30bkkV1aOllwVJux4K0qX3wgU89"}
[nemotron12b_vl] almarai_FY2024_p09.png: 0.0s, 0 chars, ? tok, finish=None, $0.0000  ERROR RuntimeError: HTTP 404: {"error":{"message":"No endpoints found for nvidia/nemotron-nano-12b-v2-vl.","code":404},"user_id":"user_30bkkV1aOllwVJux4K0qX3wgU89"}
[nemotron12b_vl] almarai_FY2024_p10.png: 0.1s, 0 chars, ? tok, finish=None, $0.0000  ERROR RuntimeError: HTTP 404: {"error":{"message":"No endpoints found for nvidia/nemotron-nano-12b-v2-vl.","code":404},"user_id":"user_30bkkV1aOllwVJux4K0qX3wgU89"}
[nemotron12b_vl] almarai_FY2024_p11.png: 0.1s, 0 chars, ? tok, finish=None, $0.0000  ERROR RuntimeError: HTTP 404: {"error":{"message":"No endpoints found for nvidia/nemotron-nano-12b-v2-vl.","code":404},"user_id":"user_30bkkV1aOllwVJux4K0qX3wgU89"}
[nemotron12b_vl] almarai_FY2024_p12.png: 0.1s, 0 chars, ? tok, finish=None, $0.0000  ERROR RuntimeError: HTTP 404: {"error":{"message":"No endpoints found for nvidia/nemotron-nano-12b-v2-vl.","code":404},"user_id":"user_30bkkV1aOllwVJux4K0qX3wgU89"}
[nemotron12b_vl] almarai_FY2024_p13.png: 0.1s, 0 chars, ? tok, finish=None, $0.0000  ERROR RuntimeError: HTTP 404: {"error":{"message":"No endpoints found for nvidia/nemotron-nano-12b-v2-vl.","code":404},"user_id":"user_30bkkV1aOllwVJux4K0qX3wgU89"}
[nemotron12b_vl] arabian_drilling_FY2024_p08.png: 0.1s, 0 chars, ? tok, finish=None, $0.0000  ERROR RuntimeError: HTTP 404: {"error":{"message":"No endpoints found for nvidia/nemotron-nano-12b-v2-vl.","code":404},"user_id":"user_30bkkV1aOllwVJux4K0qX3wgU89"}
[nemotron12b_vl] arabian_drilling_FY2024_p09.png: 0.1s, 0 chars, ? tok, finish=None, $0.0000  ERROR RuntimeError: HTTP 404: {"error":{"message":"No endpoints found for nvidia/nemotron-nano-12b-v2-vl.","code":404},"user_id":"user_30bkkV1aOllwVJux4K0qX3wgU89"}
[nemotron12b_vl] arabian_drilling_FY2024_p10.png: 0.0s, 0 chars, ? tok, finish=None, $0.0000  ERROR RuntimeError: HTTP 404: {"error":{"message":"No endpoints found for nvidia/nemotron-nano-12b-v2-vl.","code":404},"user_id":"user_30bkkV1aOllwVJux4K0qX3wgU89"}
[nemotron12b_vl] arabian_drilling_FY2024_p11.png: 0.0s, 0 chars, ? tok, finish=None, $0.0000  ERROR RuntimeError: HTTP 404: {"error":{"message":"No endpoints found for nvidia/nemotron-nano-12b-v2-vl.","code":404},"user_id":"user_30bkkV1aOllwVJux4K0qX3wgU89"}
[nemotron12b_vl] arabian_drilling_FY2024_p12.png: 0.0s, 0 chars, ? tok, finish=None, $0.0000  ERROR RuntimeError: HTTP 404: {"error":{"message":"No endpoints found for nvidia/nemotron-nano-12b-v2-vl.","code":404},"user_id":"user_30bkkV1aOllwVJux4K0qX3wgU89"}
[nemotron12b_vl] arabian_drilling_FY2024_p13.png: 0.0s, 0 chars, ? tok, finish=None, $0.0000  ERROR RuntimeError: HTTP 404: {"error":{"message":"No endpoints found for nvidia/nemotron-nano-12b-v2-vl.","code":404},"user_id":"user_30bkkV1aOllwVJux4K0qX3wgU89"}
[nemotron12b_vl] aramco_FY2023_p12.png: 0.0s, 0 chars, ? tok, finish=None, $0.0000  ERROR RuntimeError: HTTP 404: {"error":{"message":"No endpoints found for nvidia/nemotron-nano-12b-v2-vl.","code":404},"user_id":"user_30bkkV1aOllwVJux4K0qX3wgU89"}
[nemotron12b_vl] aramco_FY2023_p13.png: 0.1s, 0 chars, ? tok, finish=None, $0.0000  ERROR RuntimeError: HTTP 404: {"error":{"message":"No endpoints found for nvidia/nemotron-nano-12b-v2-vl.","code":404},"user_id":"user_30bkkV1aOllwVJux4K0qX3wgU89"}
[nemotron12b_vl] aramco_FY2023_p14.png: 0.1s, 0 chars, ? tok, finish=None, $0.0000  ERROR RuntimeError: HTTP 404: {"error":{"message":"No endpoints found for nvidia/nemotron-nano-12b-v2-vl.","code":404},"user_id":"user_30bkkV1aOllwVJux4K0qX3wgU89"}
[nemotron12b_vl] aramco_FY2023_p15.png: 0.0s, 0 chars, ? tok, finish=None, $0.0000  ERROR RuntimeError: HTTP 404: {"error":{"message":"No endpoints found for nvidia/nemotron-nano-12b-v2-vl.","code":404},"user_id":"user_30bkkV1aOllwVJux4K0qX3wgU89"}
[nemotron12b_vl] aramco_FY2023_p16.png: 0.1s, 0 chars, ? tok, finish=None, $0.0000  ERROR RuntimeError: HTTP 404: {"error":{"message":"No endpoints found for nvidia/nemotron-nano-12b-v2-vl.","code":404},"user_id":"user_30bkkV1aOllwVJux4K0qX3wgU89"}
[nemotron12b_vl] aramco_FY2024_p12.png: 0.0s, 0 chars, ? tok, finish=None, $0.0000  ERROR RuntimeError: HTTP 404: {"error":{"message":"No endpoints found for nvidia/nemotron-nano-12b-v2-vl.","code":404},"user_id":"user_30bkkV1aOllwVJux4K0qX3wgU89"}
[nemotron12b_vl] aramco_FY2024_p13.png: 0.1s, 0 chars, ? tok, finish=None, $0.0000  ERROR RuntimeError: HTTP 404: {"error":{"message":"No endpoints found for nvidia/nemotron-nano-12b-v2-vl.","code":404},"user_id":"user_30bkkV1aOllwVJux4K0qX3wgU89"}
[nemotron12b_vl] aramco_FY2024_p14.png: 0.0s, 0 chars, ? tok, finish=None, $0.0000  ERROR RuntimeError: HTTP 404: {"error":{"message":"No endpoints found for nvidia/nemotron-nano-12b-v2-vl.","code":404},"user_id":"user_30bkkV1aOllwVJux4K0qX3wgU89"}
[nemotron12b_vl] aramco_FY2024_p15.png: 0.0s, 0 chars, ? tok, finish=None, $0.0000  ERROR RuntimeError: HTTP 404: {"error":{"message":"No endpoints found for nvidia/nemotron-nano-12b-v2-vl.","code":404},"user_id":"user_30bkkV1aOllwVJux4K0qX3wgU89"}
[nemotron12b_vl] aramco_FY2024_p16.png: 0.1s, 0 chars, ? tok, finish=None, $0.0000  ERROR RuntimeError: HTTP 404: {"error":{"message":"No endpoints found for nvidia/nemotron-nano-12b-v2-vl.","code":404},"user_id":"user_30bkkV1aOllwVJux4K0qX3wgU89"}
[nemotron12b_vl] ashmore_saudi_equity_fund_H1-2020_p07.png: 0.1s, 0 chars, ? tok, finish=None, $0.0000  ERROR RuntimeError: HTTP 404: {"error":{"message":"No endpoints found for nvidia/nemotron-nano-12b-v2-vl.","code":404},"user_id":"user_30bkkV1aOllwVJux4K0qX3wgU89"}
[nemotron12b_vl] ashmore_saudi_equity_fund_H1-2020_p08.png: 0.1s, 0 chars, ? tok, finish=None, $0.0000  ERROR RuntimeError: HTTP 404: {"error":{"message":"No endpoints found for nvidia/nemotron-nano-12b-v2-vl.","code":404},"user_id":"user_30bkkV1aOllwVJux4K0qX3wgU89"}
[nemotron12b_vl] ashmore_saudi_equity_fund_H1-2020_p09.png: 0.1s, 0 chars, ? tok, finish=None, $0.0000  ERROR RuntimeError: HTTP 404: {"error":{"message":"No endpoints found for nvidia/nemotron-nano-12b-v2-vl.","code":404},"user_id":"user_30bkkV1aOllwVJux4K0qX3wgU89"}
[nemotron12b_vl] ashmore_saudi_equity_fund_H1-2020_p10.png: 0.1s, 0 chars, ? tok, finish=None, $0.0000  ERROR RuntimeError: HTTP 404: {"error":{"message":"No endpoints found for nvidia/nemotron-nano-12b-v2-vl.","code":404},"user_id":"user_30bkkV1aOllwVJux4K0qX3wgU89"}
[nemotron12b_vl] bahri_FY2024_p07.png: 0.0s, 0 chars, ? tok, finish=None, $0.0000  ERROR RuntimeError: HTTP 404: {"error":{"message":"No endpoints found for nvidia/nemotron-nano-12b-v2-vl.","code":404},"user_id":"user_30bkkV1aOllwVJux4K0qX3wgU89"}
[nemotron12b_vl] bahri_FY2024_p08.png: 0.0s, 0 chars, ? tok, finish=None, $0.0000  ERROR RuntimeError: HTTP 404: {"error":{"message":"No endpoints found for nvidia/nemotron-nano-12b-v2-vl.","code":404},"user_id":"user_30bkkV1aOllwVJux4K0qX3wgU89"}
[nemotron12b_vl] bahri_FY2024_p09.png: 0.1s, 0 chars, ? tok, finish=None, $0.0000  ERROR RuntimeError: HTTP 404: {"error":{"message":"No endpoints found for nvidia/nemotron-nano-12b-v2-vl.","code":404},"user_id":"user_30bkkV1aOllwVJux4K0qX3wgU89"}
[nemotron12b_vl] bahri_FY2024_p10.png: 0.1s, 0 chars, ? tok, finish=None, $0.0000  ERROR RuntimeError: HTTP 404: {"error":{"message":"No endpoints found for nvidia/nemotron-nano-12b-v2-vl.","code":404},"user_id":"user_30bkkV1aOllwVJux4K0qX3wgU89"}
[nemotron12b_vl] bahri_FY2024_p11.png: 0.1s, 0 chars, ? tok, finish=None, $0.0000  ERROR RuntimeError: HTTP 404: {"error":{"message":"No endpoints found for nvidia/nemotron-nano-12b-v2-vl.","code":404},"user_id":"user_30bkkV1aOllwVJux4K0qX3wgU89"}
[nemotron12b_vl] bank_aljazira_FY2024_p07.png: 0.1s, 0 chars, ? tok, finish=None, $0.0000  ERROR RuntimeError: HTTP 404: {"error":{"message":"No endpoints found for nvidia/nemotron-nano-12b-v2-vl.","code":404},"user_id":"user_30bkkV1aOllwVJux4K0qX3wgU89"}
[nemotron12b_vl] bank_aljazira_FY2024_p08.png: 0.1s, 0 chars, ? tok, finish=None, $0.0000  ERROR RuntimeError: HTTP 404: {"error":{"message":"No endpoints found for nvidia/nemotron-nano-12b-v2-vl.","code":404},"user_id":"user_30bkkV1aOllwVJux4K0qX3wgU89"}
[nemotron12b_vl] bank_aljazira_FY2024_p09.png: 0.1s, 0 chars, ? tok, finish=None, $0.0000  ERROR RuntimeError: HTTP 404: {"error":{"message":"No endpoints found for nvidia/nemotron-nano-12b-v2-vl.","code":404},"user_id":"user_30bkkV1aOllwVJux4K0qX3wgU89"}
[nemotron12b_vl] bank_aljazira_FY2024_p10.png: 0.0s, 0 chars, ? tok, finish=None, $0.0000  ERROR RuntimeError: HTTP 404: {"error":{"message":"No endpoints found for nvidia/nemotron-nano-12b-v2-vl.","code":404},"user_id":"user_30bkkV1aOllwVJux4K0qX3wgU89"}
[nemotron12b_vl] bank_aljazira_FY2024_p11.png: 0.1s, 0 chars, ? tok, finish=None, $0.0000  ERROR RuntimeError: HTTP 404: {"error":{"message":"No endpoints found for nvidia/nemotron-nano-12b-v2-vl.","code":404},"user_id":"user_30bkkV1aOllwVJux4K0qX3wgU89"}
[nemotron12b_vl] bank_aljazira_FY2024_p12.png: 0.1s, 0 chars, ? tok, finish=None, $0.0000  ERROR RuntimeError: HTTP 404: {"error":{"message":"No endpoints found for nvidia/nemotron-nano-12b-v2-vl.","code":404},"user_id":"user_30bkkV1aOllwVJux4K0qX3wgU89"}
[nemotron12b_vl] bishah_FY2016_p04.png: 0.1s, 0 chars, ? tok, finish=None, $0.0000  ERROR RuntimeError: HTTP 404: {"error":{"message":"No endpoints found for nvidia/nemotron-nano-12b-v2-vl.","code":404},"user_id":"user_30bkkV1aOllwVJux4K0qX3wgU89"}
[nemotron12b_vl] bishah_FY2016_p05.png: 0.1s, 0 chars, ? tok, finish=None, $0.0000  ERROR RuntimeError: HTTP 404: {"error":{"message":"No endpoints found for nvidia/nemotron-nano-12b-v2-vl.","code":404},"user_id":"user_30bkkV1aOllwVJux4K0qX3wgU89"}
[nemotron12b_vl] bishah_FY2016_p06.png: 0.1s, 0 chars, ? tok, finish=None, $0.0000  ERROR RuntimeError: HTTP 404: {"error":{"message":"No endpoints found for nvidia/nemotron-nano-12b-v2-vl.","code":404},"user_id":"user_30bkkV1aOllwVJux4K0qX3wgU89"}
[nemotron12b_vl] bishah_FY2016_p07.png: 0.1s, 0 chars, ? tok, finish=None, $0.0000  ERROR RuntimeError: HTTP 404: {"error":{"message":"No endpoints found for nvidia/nemotron-nano-12b-v2-vl.","code":404},"user_id":"user_30bkkV1aOllwVJux4K0qX3wgU89"}
[nemotron12b_vl] blom_saudi_fund_FY2022_p04.png: 0.1s, 0 chars, ? tok, finish=None, $0.0000  ERROR RuntimeError: HTTP 404: {"error":{"message":"No endpoints found for nvidia/nemotron-nano-12b-v2-vl.","code":404},"user_id":"user_30bkkV1aOllwVJux4K0qX3wgU89"}
[nemotron12b_vl] blom_saudi_fund_FY2022_p05.png: 0.0s, 0 chars, ? tok, finish=None, $0.0000  ERROR RuntimeError: HTTP 404: {"error":{"message":"No endpoints found for nvidia/nemotron-nano-12b-v2-vl.","code":404},"user_id":"user_30bkkV1aOllwVJux4K0qX3wgU89"}
[nemotron12b_vl] blom_saudi_fund_FY2022_p06.png: 0.1s, 0 chars, ? tok, finish=None, $0.0000  ERROR RuntimeError: HTTP 404: {"error":{"message":"No endpoints found for nvidia/nemotron-nano-12b-v2-vl.","code":404},"user_id":"user_30bkkV1aOllwVJux4K0qX3wgU89"}
[nemotron12b_vl] blom_saudi_fund_FY2022_p07.png: 0.0s, 0 chars, ? tok, finish=None, $0.0000  ERROR RuntimeError: HTTP 404: {"error":{"message":"No endpoints found for nvidia/nemotron-nano-12b-v2-vl.","code":404},"user_id":"user_30bkkV1aOllwVJux4K0qX3wgU89"}
[nemotron12b_vl] buruj_FY2024_p08.png: 0.1s, 0 chars, ? tok, finish=None, $0.0000  ERROR RuntimeError: HTTP 404: {"error":{"message":"No endpoints found for nvidia/nemotron-nano-12b-v2-vl.","code":404},"user_id":"user_30bkkV1aOllwVJux4K0qX3wgU89"}
[nemotron12b_vl] buruj_FY2024_p09.png: 0.1s, 0 chars, ? tok, finish=None, $0.0000  ERROR RuntimeError: HTTP 404: {"error":{"message":"No endpoints found for nvidia/nemotron-nano-12b-v2-vl.","code":404},"user_id":"user_30bkkV1aOllwVJux4K0qX3wgU89"}
[nemotron12b_vl] buruj_FY2024_p10.png: 0.1s, 0 chars, ? tok, finish=None, $0.0000  ERROR RuntimeError: HTTP 404: {"error":{"message":"No endpoints found for nvidia/nemotron-nano-12b-v2-vl.","code":404},"user_id":"user_30bkkV1aOllwVJux4K0qX3wgU89"}
[nemotron12b_vl] buruj_FY2024_p11.png: 0.1s, 0 chars, ? tok, finish=None, $0.0000  ERROR RuntimeError: HTTP 404: {"error":{"message":"No endpoints found for nvidia/nemotron-nano-12b-v2-vl.","code":404},"user_id":"user_30bkkV1aOllwVJux4K0qX3wgU89"}
[nemotron12b_vl] buruj_FY2024_p12.png: 0.1s, 0 chars, ? tok, finish=None, $0.0000  ERROR RuntimeError: HTTP 404: {"error":{"message":"No endpoints found for nvidia/nemotron-nano-12b-v2-vl.","code":404},"user_id":"user_30bkkV1aOllwVJux4K0qX3wgU89"}
[nemotron12b_vl] cenomi_retail_FY2024_p09.png: 0.1s, 0 chars, ? tok, finish=None, $0.0000  ERROR RuntimeError: HTTP 404: {"error":{"message":"No endpoints found for nvidia/nemotron-nano-12b-v2-vl.","code":404},"user_id":"user_30bkkV1aOllwVJux4K0qX3wgU89"}
[nemotron12b_vl] cenomi_retail_FY2024_p10.png: 0.1s, 0 chars, ? tok, finish=None, $0.0000  ERROR RuntimeError: HTTP 404: {"error":{"message":"No endpoints found for nvidia/nemotron-nano-12b-v2-vl.","code":404},"user_id":"user_30bkkV1aOllwVJux4K0qX3wgU89"}
[nemotron12b_vl] cenomi_retail_FY2024_p11.png: 0.0s, 0 chars, ? tok, finish=None, $0.0000  ERROR RuntimeError: HTTP 404: {"error":{"message":"No endpoints found for nvidia/nemotron-nano-12b-v2-vl.","code":404},"user_id":"user_30bkkV1aOllwVJux4K0qX3wgU89"}
[nemotron12b_vl] cenomi_retail_FY2024_p12.png: 0.0s, 0 chars, ? tok, finish=None, $0.0000  ERROR RuntimeError: HTTP 404: {"error":{"message":"No endpoints found for nvidia/nemotron-nano-12b-v2-vl.","code":404},"user_id":"user_30bkkV1aOllwVJux4K0qX3wgU89"}
[nemotron12b_vl] cenomi_retail_FY2024_p13.png: 0.1s, 0 chars, ? tok, finish=None, $0.0000  ERROR RuntimeError: HTTP 404: {"error":{"message":"No endpoints found for nvidia/nemotron-nano-12b-v2-vl.","code":404},"user_id":"user_30bkkV1aOllwVJux4K0qX3wgU89"}
[nemotron12b_vl] cenomi_retail_FY2024_p14.png: 0.0s, 0 chars, ? tok, finish=None, $0.0000  ERROR RuntimeError: HTTP 404: {"error":{"message":"No endpoints found for nvidia/nemotron-nano-12b-v2-vl.","code":404},"user_id":"user_30bkkV1aOllwVJux4K0qX3wgU89"}
[nemotron12b_vl] halwani_FY2024_p07.png: 0.1s, 0 chars, ? tok, finish=None, $0.0000  ERROR RuntimeError: HTTP 404: {"error":{"message":"No endpoints found for nvidia/nemotron-nano-12b-v2-vl.","code":404},"user_id":"user_30bkkV1aOllwVJux4K0qX3wgU89"}
[nemotron12b_vl] halwani_FY2024_p08.png: 0.1s, 0 chars, ? tok, finish=None, $0.0000  ERROR RuntimeError: HTTP 404: {"error":{"message":"No endpoints found for nvidia/nemotron-nano-12b-v2-vl.","code":404},"user_id":"user_30bkkV1aOllwVJux4K0qX3wgU89"}
[nemotron12b_vl] halwani_FY2024_p09.png: 0.1s, 0 chars, ? tok, finish=None, $0.0000  ERROR RuntimeError: HTTP 404: {"error":{"message":"No endpoints found for nvidia/nemotron-nano-12b-v2-vl.","code":404},"user_id":"user_30bkkV1aOllwVJux4K0qX3wgU89"}
[nemotron12b_vl] halwani_FY2024_p10.png: 0.0s, 0 chars, ? tok, finish=None, $0.0000  ERROR RuntimeError: HTTP 404: {"error":{"message":"No endpoints found for nvidia/nemotron-nano-12b-v2-vl.","code":404},"user_id":"user_30bkkV1aOllwVJux4K0qX3wgU89"}
[nemotron12b_vl] halwani_FY2024_p11.png: 0.1s, 0 chars, ? tok, finish=None, $0.0000  ERROR RuntimeError: HTTP 404: {"error":{"message":"No endpoints found for nvidia/nemotron-nano-12b-v2-vl.","code":404},"user_id":"user_30bkkV1aOllwVJux4K0qX3wgU89"}
[nemotron12b_vl] halwani_FY2024_p12.png: 0.1s, 0 chars, ? tok, finish=None, $0.0000  ERROR RuntimeError: HTTP 404: {"error":{"message":"No endpoints found for nvidia/nemotron-nano-12b-v2-vl.","code":404},"user_id":"user_30bkkV1aOllwVJux4K0qX3wgU89"}
[nemotron12b_vl] halwani_FY2024_p13.png: 0.1s, 0 chars, ? tok, finish=None, $0.0000  ERROR RuntimeError: HTTP 404: {"error":{"message":"No endpoints found for nvidia/nemotron-nano-12b-v2-vl.","code":404},"user_id":"user_30bkkV1aOllwVJux4K0qX3wgU89"}
[nemotron12b_vl] herfy_FY2024_p07.png: 0.0s, 0 chars, ? tok, finish=None, $0.0000  ERROR RuntimeError: HTTP 404: {"error":{"message":"No endpoints found for nvidia/nemotron-nano-12b-v2-vl.","code":404},"user_id":"user_30bkkV1aOllwVJux4K0qX3wgU89"}
[nemotron12b_vl] herfy_FY2024_p08.png: 0.1s, 0 chars, ? tok, finish=None, $0.0000  ERROR RuntimeError: HTTP 404: {"error":{"message":"No endpoints found for nvidia/nemotron-nano-12b-v2-vl.","code":404},"user_id":"user_30bkkV1aOllwVJux4K0qX3wgU89"}
[nemotron12b_vl] herfy_FY2024_p09.png: 0.1s, 0 chars, ? tok, finish=None, $0.0000  ERROR RuntimeError: HTTP 404: {"error":{"message":"No endpoints found for nvidia/nemotron-nano-12b-v2-vl.","code":404},"user_id":"user_30bkkV1aOllwVJux4K0qX3wgU89"}
[nemotron12b_vl] herfy_FY2024_p10.png: 0.0s, 0 chars, ? tok, finish=None, $0.0000  ERROR RuntimeError: HTTP 404: {"error":{"message":"No endpoints found for nvidia/nemotron-nano-12b-v2-vl.","code":404},"user_id":"user_30bkkV1aOllwVJux4K0qX3wgU89"}
[nemotron12b_vl] kingdom_holding_FY2024_p07.png: 0.1s, 0 chars, ? tok, finish=None, $0.0000  ERROR RuntimeError: HTTP 404: {"error":{"message":"No endpoints found for nvidia/nemotron-nano-12b-v2-vl.","code":404},"user_id":"user_30bkkV1aOllwVJux4K0qX3wgU89"}
[nemotron12b_vl] kingdom_holding_FY2024_p08.png: 0.1s, 0 chars, ? tok, finish=None, $0.0000  ERROR RuntimeError: HTTP 404: {"error":{"message":"No endpoints found for nvidia/nemotron-nano-12b-v2-vl.","code":404},"user_id":"user_30bkkV1aOllwVJux4K0qX3wgU89"}
[nemotron12b_vl] kingdom_holding_FY2024_p09.png: 0.1s, 0 chars, ? tok, finish=None, $0.0000  ERROR RuntimeError: HTTP 404: {"error":{"message":"No endpoints found for nvidia/nemotron-nano-12b-v2-vl.","code":404},"user_id":"user_30bkkV1aOllwVJux4K0qX3wgU89"}
[nemotron12b_vl] kingdom_holding_FY2024_p10.png: 0.1s, 0 chars, ? tok, finish=None, $0.0000  ERROR RuntimeError: HTTP 404: {"error":{"message":"No endpoints found for nvidia/nemotron-nano-12b-v2-vl.","code":404},"user_id":"user_30bkkV1aOllwVJux4K0qX3wgU89"}
[nemotron12b_vl] kingdom_holding_FY2024_p11.png: 0.1s, 0 chars, ? tok, finish=None, $0.0000  ERROR RuntimeError: HTTP 404: {"error":{"message":"No endpoints found for nvidia/nemotron-nano-12b-v2-vl.","code":404},"user_id":"user_30bkkV1aOllwVJux4K0qX3wgU89"}
[nemotron12b_vl] liva_FY2024_p07.png: 0.1s, 0 chars, ? tok, finish=None, $0.0000  ERROR RuntimeError: HTTP 404: {"error":{"message":"No endpoints found for nvidia/nemotron-nano-12b-v2-vl.","code":404},"user_id":"user_30bkkV1aOllwVJux4K0qX3wgU89"}
[nemotron12b_vl] liva_FY2024_p08.png: 0.1s, 0 chars, ? tok, finish=None, $0.0000  ERROR RuntimeError: HTTP 404: {"error":{"message":"No endpoints found for nvidia/nemotron-nano-12b-v2-vl.","code":404},"user_id":"user_30bkkV1aOllwVJux4K0qX3wgU89"}
[nemotron12b_vl] liva_FY2024_p09.png: 0.1s, 0 chars, ? tok, finish=None, $0.0000  ERROR RuntimeError: HTTP 404: {"error":{"message":"No endpoints found for nvidia/nemotron-nano-12b-v2-vl.","code":404},"user_id":"user_30bkkV1aOllwVJux4K0qX3wgU89"}
[nemotron12b_vl] liva_FY2024_p10.png: 0.0s, 0 chars, ? tok, finish=None, $0.0000  ERROR RuntimeError: HTTP 404: {"error":{"message":"No endpoints found for nvidia/nemotron-nano-12b-v2-vl.","code":404},"user_id":"user_30bkkV1aOllwVJux4K0qX3wgU89"}
[nemotron12b_vl] liva_FY2024_p11.png: 0.1s, 0 chars, ? tok, finish=None, $0.0000  ERROR RuntimeError: HTTP 404: {"error":{"message":"No endpoints found for nvidia/nemotron-nano-12b-v2-vl.","code":404},"user_id":"user_30bkkV1aOllwVJux4K0qX3wgU89"}
[nemotron12b_vl] maadaniyah_Q1-2025_p04.png: 0.1s, 0 chars, ? tok, finish=None, $0.0000  ERROR RuntimeError: HTTP 404: {"error":{"message":"No endpoints found for nvidia/nemotron-nano-12b-v2-vl.","code":404},"user_id":"user_30bkkV1aOllwVJux4K0qX3wgU89"}
[nemotron12b_vl] maadaniyah_Q1-2025_p05.png: 0.1s, 0 chars, ? tok, finish=None, $0.0000  ERROR RuntimeError: HTTP 404: {"error":{"message":"No endpoints found for nvidia/nemotron-nano-12b-v2-vl.","code":404},"user_id":"user_30bkkV1aOllwVJux4K0qX3wgU89"}
[nemotron12b_vl] maadaniyah_Q1-2025_p06.png: 0.0s, 0 chars, ? tok, finish=None, $0.0000  ERROR RuntimeError: HTTP 404: {"error":{"message":"No endpoints found for nvidia/nemotron-nano-12b-v2-vl.","code":404},"user_id":"user_30bkkV1aOllwVJux4K0qX3wgU89"}
[nemotron12b_vl] maadaniyah_Q1-2025_p07.png: 0.1s, 0 chars, ? tok, finish=None, $0.0000  ERROR RuntimeError: HTTP 404: {"error":{"message":"No endpoints found for nvidia/nemotron-nano-12b-v2-vl.","code":404},"user_id":"user_30bkkV1aOllwVJux4K0qX3wgU89"}
[nemotron12b_vl] maaden_FY2024_p11.png: 0.1s, 0 chars, ? tok, finish=None, $0.0000  ERROR RuntimeError: HTTP 404: {"error":{"message":"No endpoints found for nvidia/nemotron-nano-12b-v2-vl.","code":404},"user_id":"user_30bkkV1aOllwVJux4K0qX3wgU89"}
[nemotron12b_vl] maaden_FY2024_p12.png: 0.0s, 0 chars, ? tok, finish=None, $0.0000  ERROR RuntimeError: HTTP 404: {"error":{"message":"No endpoints found for nvidia/nemotron-nano-12b-v2-vl.","code":404},"user_id":"user_30bkkV1aOllwVJux4K0qX3wgU89"}
[nemotron12b_vl] maaden_FY2024_p13.png: 0.1s, 0 chars, ? tok, finish=None, $0.0000  ERROR RuntimeError: HTTP 404: {"error":{"message":"No endpoints found for nvidia/nemotron-nano-12b-v2-vl.","code":404},"user_id":"user_30bkkV1aOllwVJux4K0qX3wgU89"}
[nemotron12b_vl] maaden_FY2024_p14.png: 0.1s, 0 chars, ? tok, finish=None, $0.0000  ERROR RuntimeError: HTTP 404: {"error":{"message":"No endpoints found for nvidia/nemotron-nano-12b-v2-vl.","code":404},"user_id":"user_30bkkV1aOllwVJux4K0qX3wgU89"}
[nemotron12b_vl] maaden_FY2024_p15.png: 0.0s, 0 chars, ? tok, finish=None, $0.0000  ERROR RuntimeError: HTTP 404: {"error":{"message":"No endpoints found for nvidia/nemotron-nano-12b-v2-vl.","code":404},"user_id":"user_30bkkV1aOllwVJux4K0qX3wgU89"}
[nemotron12b_vl] maaden_FY2024_p16.png: 0.1s, 0 chars, ? tok, finish=None, $0.0000  ERROR RuntimeError: HTTP 404: {"error":{"message":"No endpoints found for nvidia/nemotron-nano-12b-v2-vl.","code":404},"user_id":"user_30bkkV1aOllwVJux4K0qX3wgU89"}
[nemotron12b_vl] mesc_H1-2023_p04.png: 0.1s, 0 chars, ? tok, finish=None, $0.0000  ERROR RuntimeError: HTTP 404: {"error":{"message":"No endpoints found for nvidia/nemotron-nano-12b-v2-vl.","code":404},"user_id":"user_30bkkV1aOllwVJux4K0qX3wgU89"}
[nemotron12b_vl] mesc_H1-2023_p05.png: 0.1s, 0 chars, ? tok, finish=None, $0.0000  ERROR RuntimeError: HTTP 404: {"error":{"message":"No endpoints found for nvidia/nemotron-nano-12b-v2-vl.","code":404},"user_id":"user_30bkkV1aOllwVJux4K0qX3wgU89"}
[nemotron12b_vl] mesc_H1-2023_p06.png: 0.0s, 0 chars, ? tok, finish=None, $0.0000  ERROR RuntimeError: HTTP 404: {"error":{"message":"No endpoints found for nvidia/nemotron-nano-12b-v2-vl.","code":404},"user_id":"user_30bkkV1aOllwVJux4K0qX3wgU89"}
[nemotron12b_vl] mesc_H1-2023_p07.png: 0.1s, 0 chars, ? tok, finish=None, $0.0000  ERROR RuntimeError: HTTP 404: {"error":{"message":"No endpoints found for nvidia/nemotron-nano-12b-v2-vl.","code":404},"user_id":"user_30bkkV1aOllwVJux4K0qX3wgU89"}
[nemotron12b_vl] musharaka_reit_FY2019_p06.png: 0.1s, 0 chars, ? tok, finish=None, $0.0000  ERROR RuntimeError: HTTP 404: {"error":{"message":"No endpoints found for nvidia/nemotron-nano-12b-v2-vl.","code":404},"user_id":"user_30bkkV1aOllwVJux4K0qX3wgU89"}
[nemotron12b_vl] musharaka_reit_FY2019_p07.png: 0.1s, 0 chars, ? tok, finish=None, $0.0000  ERROR RuntimeError: HTTP 404: {"error":{"message":"No endpoints found for nvidia/nemotron-nano-12b-v2-vl.","code":404},"user_id":"user_30bkkV1aOllwVJux4K0qX3wgU89"}
[nemotron12b_vl] musharaka_reit_FY2019_p08.png: 0.1s, 0 chars, ? tok, finish=None, $0.0000  ERROR RuntimeError: HTTP 404: {"error":{"message":"No endpoints found for nvidia/nemotron-nano-12b-v2-vl.","code":404},"user_id":"user_30bkkV1aOllwVJux4K0qX3wgU89"}
[nemotron12b_vl] musharaka_reit_FY2019_p09.png: 0.1s, 0 chars, ? tok, finish=None, $0.0000  ERROR RuntimeError: HTTP 404: {"error":{"message":"No endpoints found for nvidia/nemotron-nano-12b-v2-vl.","code":404},"user_id":"user_30bkkV1aOllwVJux4K0qX3wgU89"}
[nemotron12b_vl] musharaka_reit_FY2019_p10.png: 0.1s, 0 chars, ? tok, finish=None, $0.0000  ERROR RuntimeError: HTTP 404: {"error":{"message":"No endpoints found for nvidia/nemotron-nano-12b-v2-vl.","code":404},"user_id":"user_30bkkV1aOllwVJux4K0qX3wgU89"}
[nemotron12b_vl] nama_FY2024_p07.png: 0.1s, 0 chars, ? tok, finish=None, $0.0000  ERROR RuntimeError: HTTP 404: {"error":{"message":"No endpoints found for nvidia/nemotron-nano-12b-v2-vl.","code":404},"user_id":"user_30bkkV1aOllwVJux4K0qX3wgU89"}
[nemotron12b_vl] nama_FY2024_p08.png: 0.1s, 0 chars, ? tok, finish=None, $0.0000  ERROR RuntimeError: HTTP 404: {"error":{"message":"No endpoints found for nvidia/nemotron-nano-12b-v2-vl.","code":404},"user_id":"user_30bkkV1aOllwVJux4K0qX3wgU89"}
[nemotron12b_vl] nama_FY2024_p09.png: 0.1s, 0 chars, ? tok, finish=None, $0.0000  ERROR RuntimeError: HTTP 404: {"error":{"message":"No endpoints found for nvidia/nemotron-nano-12b-v2-vl.","code":404},"user_id":"user_30bkkV1aOllwVJux4K0qX3wgU89"}
[nemotron12b_vl] nama_FY2024_p10.png: 0.1s, 0 chars, ? tok, finish=None, $0.0000  ERROR RuntimeError: HTTP 404: {"error":{"message":"No endpoints found for nvidia/nemotron-nano-12b-v2-vl.","code":404},"user_id":"user_30bkkV1aOllwVJux4K0qX3wgU89"}
[nemotron12b_vl] othaim_FY2024_p07.png: 0.1s, 0 chars, ? tok, finish=None, $0.0000  ERROR RuntimeError: HTTP 404: {"error":{"message":"No endpoints found for nvidia/nemotron-nano-12b-v2-vl.","code":404},"user_id":"user_30bkkV1aOllwVJux4K0qX3wgU89"}
[nemotron12b_vl] othaim_FY2024_p08.png: 0.1s, 0 chars, ? tok, finish=None, $0.0000  ERROR RuntimeError: HTTP 404: {"error":{"message":"No endpoints found for nvidia/nemotron-nano-12b-v2-vl.","code":404},"user_id":"user_30bkkV1aOllwVJux4K0qX3wgU89"}
[nemotron12b_vl] othaim_FY2024_p09.png: 0.1s, 0 chars, ? tok, finish=None, $0.0000  ERROR RuntimeError: HTTP 404: {"error":{"message":"No endpoints found for nvidia/nemotron-nano-12b-v2-vl.","code":404},"user_id":"user_30bkkV1aOllwVJux4K0qX3wgU89"}
[nemotron12b_vl] othaim_FY2024_p10.png: 0.1s, 0 chars, ? tok, finish=None, $0.0000  ERROR RuntimeError: HTTP 404: {"error":{"message":"No endpoints found for nvidia/nemotron-nano-12b-v2-vl.","code":404},"user_id":"user_30bkkV1aOllwVJux4K0qX3wgU89"}
[nemotron12b_vl] othaim_FY2024_p11.png: 0.1s, 0 chars, ? tok, finish=None, $0.0000  ERROR RuntimeError: HTTP 404: {"error":{"message":"No endpoints found for nvidia/nemotron-nano-12b-v2-vl.","code":404},"user_id":"user_30bkkV1aOllwVJux4K0qX3wgU89"}
[nemotron12b_vl] othaim_FY2024_p12.png: 0.1s, 0 chars, ? tok, finish=None, $0.0000  ERROR RuntimeError: HTTP 404: {"error":{"message":"No endpoints found for nvidia/nemotron-nano-12b-v2-vl.","code":404},"user_id":"user_30bkkV1aOllwVJux4K0qX3wgU89"}
[nemotron12b_vl] riyad_aliemar_fund_FY2023_p06.png: 0.1s, 0 chars, ? tok, finish=None, $0.0000  ERROR RuntimeError: HTTP 404: {"error":{"message":"No endpoints found for nvidia/nemotron-nano-12b-v2-vl.","code":404},"user_id":"user_30bkkV1aOllwVJux4K0qX3wgU89"}
[nemotron12b_vl] riyad_aliemar_fund_FY2023_p07.png: 0.1s, 0 chars, ? tok, finish=None, $0.0000  ERROR RuntimeError: HTTP 404: {"error":{"message":"No endpoints found for nvidia/nemotron-nano-12b-v2-vl.","code":404},"user_id":"user_30bkkV1aOllwVJux4K0qX3wgU89"}
[nemotron12b_vl] riyad_aliemar_fund_FY2023_p08.png: 0.1s, 0 chars, ? tok, finish=None, $0.0000  ERROR RuntimeError: HTTP 404: {"error":{"message":"No endpoints found for nvidia/nemotron-nano-12b-v2-vl.","code":404},"user_id":"user_30bkkV1aOllwVJux4K0qX3wgU89"}
[nemotron12b_vl] riyad_aliemar_fund_FY2023_p09.png: 0.1s, 0 chars, ? tok, finish=None, $0.0000  ERROR RuntimeError: HTTP 404: {"error":{"message":"No endpoints found for nvidia/nemotron-nano-12b-v2-vl.","code":404},"user_id":"user_30bkkV1aOllwVJux4K0qX3wgU89"}
[nemotron12b_vl] saudi_re_FY2024_p08.png: 0.1s, 0 chars, ? tok, finish=None, $0.0000  ERROR RuntimeError: HTTP 404: {"error":{"message":"No endpoints found for nvidia/nemotron-nano-12b-v2-vl.","code":404},"user_id":"user_30bkkV1aOllwVJux4K0qX3wgU89"}
[nemotron12b_vl] saudi_re_FY2024_p09.png: 0.0s, 0 chars, ? tok, finish=None, $0.0000  ERROR RuntimeError: HTTP 404: {"error":{"message":"No endpoints found for nvidia/nemotron-nano-12b-v2-vl.","code":404},"user_id":"user_30bkkV1aOllwVJux4K0qX3wgU89"}
[nemotron12b_vl] saudi_re_FY2024_p10.png: 0.0s, 0 chars, ? tok, finish=None, $0.0000  ERROR RuntimeError: HTTP 404: {"error":{"message":"No endpoints found for nvidia/nemotron-nano-12b-v2-vl.","code":404},"user_id":"user_30bkkV1aOllwVJux4K0qX3wgU89"}
[nemotron12b_vl] saudi_re_FY2024_p11.png: 0.1s, 0 chars, ? tok, finish=None, $0.0000  ERROR RuntimeError: HTTP 404: {"error":{"message":"No endpoints found for nvidia/nemotron-nano-12b-v2-vl.","code":404},"user_id":"user_30bkkV1aOllwVJux4K0qX3wgU89"}
[nemotron12b_vl] saudi_re_FY2024_p12.png: 0.1s, 0 chars, ? tok, finish=None, $0.0000  ERROR RuntimeError: HTTP 404: {"error":{"message":"No endpoints found for nvidia/nemotron-nano-12b-v2-vl.","code":404},"user_id":"user_30bkkV1aOllwVJux4K0qX3wgU89"}
[nemotron12b_vl] sedco_capital_reit_FY2022_p07.png: 0.1s, 0 chars, ? tok, finish=None, $0.0000  ERROR RuntimeError: HTTP 404: {"error":{"message":"No endpoints found for nvidia/nemotron-nano-12b-v2-vl.","code":404},"user_id":"user_30bkkV1aOllwVJux4K0qX3wgU89"}
[nemotron12b_vl] sedco_capital_reit_FY2022_p08.png: 0.0s, 0 chars, ? tok, finish=None, $0.0000  ERROR RuntimeError: HTTP 404: {"error":{"message":"No endpoints found for nvidia/nemotron-nano-12b-v2-vl.","code":404},"user_id":"user_30bkkV1aOllwVJux4K0qX3wgU89"}
[nemotron12b_vl] sedco_capital_reit_FY2022_p09.png: 0.1s, 0 chars, ? tok, finish=None, $0.0000  ERROR RuntimeError: HTTP 404: {"error":{"message":"No endpoints found for nvidia/nemotron-nano-12b-v2-vl.","code":404},"user_id":"user_30bkkV1aOllwVJux4K0qX3wgU89"}
[nemotron12b_vl] sedco_capital_reit_FY2022_p10.png: 0.1s, 0 chars, ? tok, finish=None, $0.0000  ERROR RuntimeError: HTTP 404: {"error":{"message":"No endpoints found for nvidia/nemotron-nano-12b-v2-vl.","code":404},"user_id":"user_30bkkV1aOllwVJux4K0qX3wgU89"}
[nemotron12b_vl] snb_FY2024_p12.png: 0.0s, 0 chars, ? tok, finish=None, $0.0000  ERROR RuntimeError: HTTP 404: {"error":{"message":"No endpoints found for nvidia/nemotron-nano-12b-v2-vl.","code":404},"user_id":"user_30bkkV1aOllwVJux4K0qX3wgU89"}
[nemotron12b_vl] snb_FY2024_p13.png: 0.1s, 0 chars, ? tok, finish=None, $0.0000  ERROR RuntimeError: HTTP 404: {"error":{"message":"No endpoints found for nvidia/nemotron-nano-12b-v2-vl.","code":404},"user_id":"user_30bkkV1aOllwVJux4K0qX3wgU89"}
[nemotron12b_vl] snb_FY2024_p14.png: 0.0s, 0 chars, ? tok, finish=None, $0.0000  ERROR RuntimeError: HTTP 404: {"error":{"message":"No endpoints found for nvidia/nemotron-nano-12b-v2-vl.","code":404},"user_id":"user_30bkkV1aOllwVJux4K0qX3wgU89"}
[nemotron12b_vl] snb_FY2024_p15.png: 0.0s, 0 chars, ? tok, finish=None, $0.0000  ERROR RuntimeError: HTTP 404: {"error":{"message":"No endpoints found for nvidia/nemotron-nano-12b-v2-vl.","code":404},"user_id":"user_30bkkV1aOllwVJux4K0qX3wgU89"}
[nemotron12b_vl] snb_FY2024_p16.png: 0.1s, 0 chars, ? tok, finish=None, $0.0000  ERROR RuntimeError: HTTP 404: {"error":{"message":"No endpoints found for nvidia/nemotron-nano-12b-v2-vl.","code":404},"user_id":"user_30bkkV1aOllwVJux4K0qX3wgU89"}
[nemotron12b_vl] taiba_FY2024_p09.png: 0.1s, 0 chars, ? tok, finish=None, $0.0000  ERROR RuntimeError: HTTP 404: {"error":{"message":"No endpoints found for nvidia/nemotron-nano-12b-v2-vl.","code":404},"user_id":"user_30bkkV1aOllwVJux4K0qX3wgU89"}
[nemotron12b_vl] taiba_FY2024_p10.png: 0.1s, 0 chars, ? tok, finish=None, $0.0000  ERROR RuntimeError: HTTP 404: {"error":{"message":"No endpoints found for nvidia/nemotron-nano-12b-v2-vl.","code":404},"user_id":"user_30bkkV1aOllwVJux4K0qX3wgU89"}
[nemotron12b_vl] taiba_FY2024_p11.png: 0.1s, 0 chars, ? tok, finish=None, $0.0000  ERROR RuntimeError: HTTP 404: {"error":{"message":"No endpoints found for nvidia/nemotron-nano-12b-v2-vl.","code":404},"user_id":"user_30bkkV1aOllwVJux4K0qX3wgU89"}
[nemotron12b_vl] taiba_FY2024_p12.png: 0.1s, 0 chars, ? tok, finish=None, $0.0000  ERROR RuntimeError: HTTP 404: {"error":{"message":"No endpoints found for nvidia/nemotron-nano-12b-v2-vl.","code":404},"user_id":"user_30bkkV1aOllwVJux4K0qX3wgU89"}
[nemotron12b_vl] taiba_FY2024_p13.png: 0.1s, 0 chars, ? tok, finish=None, $0.0000  ERROR RuntimeError: HTTP 404: {"error":{"message":"No endpoints found for nvidia/nemotron-nano-12b-v2-vl.","code":404},"user_id":"user_30bkkV1aOllwVJux4K0qX3wgU89"}
[nemotron12b_vl] taiba_FY2024_p14.png: 0.1s, 0 chars, ? tok, finish=None, $0.0000  ERROR RuntimeError: HTTP 404: {"error":{"message":"No endpoints found for nvidia/nemotron-nano-12b-v2-vl.","code":404},"user_id":"user_30bkkV1aOllwVJux4K0qX3wgU89"}
[nemotron12b_vl] DONE
