[ernie45_vl] arabian_drilling_FY2024_p13.png: 21.1s, 1244 chars, 717 tok, finish=stop, $0.0015
[ernie45_vl] aramco_FY2023_p12.png: 32.0s, 2185 chars, 1385 tok, finish=stop, $0.0023
[ernie45_vl] aramco_FY2023_p13.png: 17.8s, 1109 chars, 745 tok, finish=stop, $0.0015
[ernie45_vl] aramco_FY2023_p14.png: 58.8s, 3979 chars, 2441 tok, finish=stop, $0.0036
[ernie45_vl] aramco_FY2023_p15.png: 27.7s, 1820 chars, 1114 tok, finish=stop, $0.0020
[ernie45_vl] aramco_FY2023_p16.png: 52.5s, 3339 chars, 2154 tok, finish=stop, $0.0033
[ernie45_vl] aramco_FY2024_p12.png: 28.4s, 1478 chars, 1082 tok, finish=stop, $0.0019
[ernie45_vl] aramco_FY2024_p13.png: 23.1s, 1491 chars, 888 tok, finish=stop, $0.0017
[ernie45_vl] aramco_FY2024_p14.png: 62.7s, 3940 chars, 2639 tok, finish=stop, $0.0039
[ernie45_vl] aramco_FY2024_p15.png: 40.1s, 2534 chars, 1620 tok, finish=stop, $0.0026
[ernie45_vl] aramco_FY2024_p16.png: 55.4s, 3709 chars, 2291 tok, finish=stop, $0.0035
[ernie45_vl] ashmore_saudi_equity_fund_H1-2020_p07.png: 16.1s, 1053 chars, 568 tok, finish=stop, $0.0013
[ernie45_vl] ashmore_saudi_equity_fund_H1-2020_p08.png: 15.7s, 968 chars, 518 tok, finish=stop, $0.0012
[ernie45_vl] ashmore_saudi_equity_fund_H1-2020_p09.png: 12.7s, 793 chars, 390 tok, finish=stop, $0.0011
[ernie45_vl] ashmore_saudi_equity_fund_H1-2020_p10.png: 17.6s, 1195 chars, 604 tok, finish=stop, $0.0013
[ernie45_vl] bahri_FY2024_p07.png: 20.5s, 1374 chars, 664 tok, finish=stop, $0.0014
[ernie45_vl] bahri_FY2024_p08.png: 17.2s, 1044 chars, 488 tok, finish=stop, $0.0012
[ernie45_vl] bahri_FY2024_p09.png: 14.1s, 1042 chars, 474 tok, finish=stop, $0.0012
[ernie45_vl] bahri_FY2024_p10.png: 40.8s, 2968 chars, 1607 tok, finish=stop, $0.0026
[ernie45_vl] bahri_FY2024_p11.png: 31.6s, 2725 chars, 1225 tok, finish=stop, $0.0021
[ernie45_vl] bank_aljazira_FY2024_p07.png: 24.6s, 1556 chars, 900 tok, finish=stop, $0.0017
[ernie45_vl] bank_aljazira_FY2024_p08.png: 30.9s, 1898 chars, 1173 tok, finish=stop, $0.0021
[ernie45_vl] bank_aljazira_FY2024_p09.png: 20.1s, 1575 chars, 777 tok, finish=stop, $0.0016
[ernie45_vl] bank_aljazira_FY2024_p10.png: 27.3s, 1681 chars, 1094 tok, finish=stop, $0.0020
[ernie45_vl] bank_aljazira_FY2024_p11.png: 40.9s, 2268 chars, 1697 tok, finish=stop, $0.0027
[ernie45_vl] bank_aljazira_FY2024_p12.png: 23.2s, 1507 chars, 935 tok, finish=stop, $0.0018
[ernie45_vl] bishah_FY2016_p04.png: 37.5s, 2113 chars, 1419 tok, finish=stop, $0.0024
[ernie45_vl] bishah_FY2016_p05.png: 16.9s, 744 chars, 455 tok, finish=stop, $0.0012
[ernie45_vl] bishah_FY2016_p06.png: 23.1s, 1292 chars, 752 tok, finish=stop, $0.0015
[ernie45_vl] bishah_FY2016_p07.png: 19.9s, 985 chars, 656 tok, finish=stop, $0.0014
[ernie45_vl] blom_saudi_fund_FY2022_p04.png: 13.1s, 744 chars, 478 tok, finish=stop, $0.0012
[ernie45_vl] blom_saudi_fund_FY2022_p05.png: 11.5s, 980 chars, 350 tok, finish=stop, $0.0010
[ernie45_vl] blom_saudi_fund_FY2022_p06.png: 18.3s, 1462 chars, 753 tok, finish=stop, $0.0015
[ernie45_vl] blom_saudi_fund_FY2022_p07.png: 19.8s, 1581 chars, 793 tok, finish=stop, $0.0016
[ernie45_vl] buruj_FY2024_p08.png: 27.0s, 1251 chars, 1050 tok, finish=stop, $0.0019
[ernie45_vl] buruj_FY2024_p09.png: 35.3s, 1950 chars, 1520 tok, finish=stop, $0.0025
[ernie45_vl] buruj_FY2024_p10.png: 12.5s, 717 chars, 384 tok, finish=stop, $0.0011
[ernie45_vl] buruj_FY2024_p11.png: 21.8s, 1406 chars, 802 tok, finish=stop, $0.0016
[ernie45_vl] DONE
