[surya2] al_khodari_FY2018_p08.png: 16.2s, 4708 chars
[surya2] al_khodari_FY2018_p09.png: 44.5s, 2157 chars
[surya2] al_khodari_FY2018_p10.png: 49.5s, 5715 chars
[surya2] al_khodari_FY2018_p11.png: 13.8s, 4988 chars
[surya2] al_mubarak_usd_trade_fund_H1-2022_p03.png: 39.7s, 2002 chars
[surya2] al_mubarak_usd_trade_fund_H1-2022_p04.png: 4.4s, 1561 chars
[surya2] al_mubarak_usd_trade_fund_H1-2022_p05.png: 38.9s, 2177 chars
[surya2] al_mubarak_usd_trade_fund_H1-2022_p06.png: 10.5s, 3653 chars
[surya2] al_rajhi_FY2024_p09.png: 9.3s, 4428 chars
[surya2] al_rajhi_FY2024_p10.png: 7.2s, 2842 chars
[surya2] al_rajhi_FY2024_p11.png: 7.1s, 2476 chars
[surya2] al_rajhi_FY2024_p12.png: 79.8s, 4909 chars
[surya2] al_rajhi_FY2024_p13.png: 8.9s, 3848 chars
[surya2] al_rajhi_FY2024_p14.png: 8.9s, 3573 chars
[surya2] al_rajhi_FY2024_p15.png: 9.3s, 4280 chars
[surya2] alahli_global_trade_fund_H1-2023_p03.png: 6.2s, 2425 chars
[surya2] alahli_global_trade_fund_H1-2023_p04.png: 78.3s, 1867 chars
[surya2] alahli_global_trade_fund_H1-2023_p05.png: 8.6s, 2734 chars
[surya2] alahli_global_trade_fund_H1-2023_p06.png: 8.2s, 3076 chars
[surya2] alif_meem_yaa_FY2023_p06.png: 85.5s, 5537 chars
[surya2] alif_meem_yaa_FY2023_p07.png: 6.5s, 2242 chars
[surya2] alif_meem_yaa_FY2023_p08.png: 6.7s, 2506 chars
[surya2] alif_meem_yaa_FY2023_p09.png: 8.8s, 2622 chars
[surya2] alinma_tokio_marine_FY2022_p07.png: 9.1s, 3601 chars
[surya2] alinma_tokio_marine_FY2022_p08.png: 10.0s, 3878 chars
[surya2] alinma_tokio_marine_FY2022_p09.png: 4.0s, 1025 chars
[surya2] alinma_tokio_marine_FY2022_p10.png: 5.3s, 1964 chars
[surya2] alinma_tokio_marine_FY2022_p11.png: 11.5s, 4399 chars
[surya2] almarai_FY2024_p08.png: 85.3s, 3583 chars
[surya2] almarai_FY2024_p09.png: 7.2s, 2815 chars
[surya2] almarai_FY2024_p10.png: 7.0s, 2541 chars
[surya2] almarai_FY2024_p11.png: 11.6s, 4797 chars
[surya2] almarai_FY2024_p12.png: 7.3s, 3194 chars
[surya2] almarai_FY2024_p13.png: 6.9s, 2267 chars
[surya2] arabian_drilling_FY2024_p08.png: 123.6s, 3161 chars
[surya2] arabian_drilling_FY2024_p09.png: 4.6s, 1296 chars
[surya2] arabian_drilling_FY2024_p10.png: 9.1s, 2645 chars
[surya2] arabian_drilling_FY2024_p11.png: 7.6s, 2082 chars
[surya2] arabian_drilling_FY2024_p12.png: 9.4s, 3639 chars
[surya2] arabian_drilling_FY2024_p13.png: 6.3s, 1760 chars
[surya2] aramco_FY2023_p12.png: 8.2s, 3399 chars
[surya2] aramco_FY2023_p13.png: 8.8s, 2869 chars
[surya2] aramco_FY2023_p14.png: 48.8s, 5872 chars
[surya2] aramco_FY2023_p15.png: 13.0s, 6040 chars
[surya2] aramco_FY2023_p16.png: 10.3s, 5410 chars
[surya2] aramco_FY2024_p12.png: 8.3s, 3778 chars
[surya2] aramco_FY2024_p13.png: 42.7s, 2332 chars
[surya2] aramco_FY2024_p14.png: 13.3s, 5751 chars
[surya2] aramco_FY2024_p15.png: 14.7s, 5933 chars
[surya2] aramco_FY2024_p16.png: 16.9s, 6561 chars
[surya2] ashmore_saudi_equity_fund_H1-2020_p07.png: 7.5s, 2422 chars
[surya2] ashmore_saudi_equity_fund_H1-2020_p08.png: 91.4s, 1838 chars
[surya2] ashmore_saudi_equity_fund_H1-2020_p09.png: 5.9s, 1238 chars
[surya2] ashmore_saudi_equity_fund_H1-2020_p10.png: 6.9s, 2283 chars
[surya2] bahri_FY2024_p07.png: 9.2s, 2949 chars
[surya2] bahri_FY2024_p08.png: 7.6s, 1875 chars
[surya2] bahri_FY2024_p09.png: 9.4s, 1756 chars
[surya2] bahri_FY2024_p10.png: 109.0s, 4048 chars
[surya2] bahri_FY2024_p11.png: 10.0s, 3030 chars
[surya2] bank_aljazira_FY2024_p07.png: 9.1s, 2308 chars
[surya2] bank_aljazira_FY2024_p08.png: 12.7s, 2677 chars
[surya2] bank_aljazira_FY2024_p09.png: 9.3s, 1513 chars
[surya2] bank_aljazira_FY2024_p10.png: 3.0s, 272 chars
[surya2] bank_aljazira_FY2024_p11.png: 15.1s, 4122 chars
[surya2] bank_aljazira_FY2024_p12.png: 9.0s, 2035 chars
[surya2] bishah_FY2016_p04.png: 14.6s, 3571 chars
[surya2] bishah_FY2016_p05.png: 8.1s, 1284 chars
[surya2] bishah_FY2016_p06.png: 8.2s, 2864 chars
[surya2] bishah_FY2016_p07.png: 5.4s, 1921 chars
[surya2] blom_saudi_fund_FY2022_p04.png: 5.7s, 1759 chars
[surya2] blom_saudi_fund_FY2022_p05.png: 5.0s, 1844 chars
[surya2] blom_saudi_fund_FY2022_p06.png: 5.9s, 1890 chars
[surya2] blom_saudi_fund_FY2022_p07.png: 7.1s, 1993 chars
[surya2] buruj_FY2024_p08.png: 6.1s, 2191 chars
[surya2] buruj_FY2024_p09.png: 7.9s, 2757 chars
[surya2] buruj_FY2024_p10.png: 4.2s, 893 chars
[surya2] buruj_FY2024_p11.png: 117.0s, 3618 chars
[surya2] buruj_FY2024_p12.png: 11.8s, 3931 chars
[surya2] cenomi_retail_FY2024_p09.png: 10.3s, 3701 chars
[surya2] cenomi_retail_FY2024_p10.png: 8.4s, 3031 chars
[surya2] cenomi_retail_FY2024_p11.png: 6.5s, 1924 chars
[surya2] cenomi_retail_FY2024_p12.png: 8.0s, 2650 chars
[surya2] cenomi_retail_FY2024_p13.png: 9.6s, 3794 chars
[surya2] cenomi_retail_FY2024_p14.png: 5.2s, 1508 chars
[surya2] halwani_FY2024_p07.png: 7.3s, 2598 chars
[surya2] halwani_FY2024_p08.png: 6.8s, 2774 chars
[surya2] halwani_FY2024_p09.png: 6.9s, 2205 chars
[surya2] halwani_FY2024_p10.png: 4.6s, 1267 chars
[surya2] halwani_FY2024_p11.png: 5.3s, 1498 chars
[surya2] halwani_FY2024_p12.png: 6.4s, 2405 chars
[surya2] halwani_FY2024_p13.png: 11.7s, 3624 chars
[surya2] herfy_FY2024_p07.png: 8.9s, 3539 chars
[surya2] herfy_FY2024_p08.png: 6.6s, 2207 chars
[surya2] herfy_FY2024_p09.png: 6.3s, 2047 chars
[surya2] herfy_FY2024_p10.png: 12.1s, 4518 chars
[surya2] kingdom_holding_FY2024_p07.png: 42.5s, 22555 chars
[surya2] kingdom_holding_FY2024_p08.png: 8.7s, 2933 chars
[surya2] kingdom_holding_FY2024_p09.png: 6.6s, 2041 chars
[surya2] kingdom_holding_FY2024_p10.png: 10.3s, 4078 chars
[surya2] kingdom_holding_FY2024_p11.png: 10.3s, 4231 chars
[surya2] liva_FY2024_p07.png: 9.0s, 3338 chars
[surya2] liva_FY2024_p08.png: 168.5s, 2834 chars
[surya2] liva_FY2024_p09.png: 5.4s, 1233 chars
[surya2] liva_FY2024_p10.png: 5.8s, 1615 chars
[surya2] liva_FY2024_p11.png: 9.4s, 3450 chars
[surya2] maadaniyah_Q1-2025_p04.png: 10.1s, 3730 chars
[surya2] maadaniyah_Q1-2025_p05.png: 6.8s, 1921 chars
[surya2] maadaniyah_Q1-2025_p06.png: 4.8s, 1282 chars
[surya2] maadaniyah_Q1-2025_p07.png: 11.9s, 4206 chars
[surya2] maaden_FY2024_p11.png: 8.3s, 2713 chars
[surya2] maaden_FY2024_p12.png: 7.3s, 2266 chars
[surya2] maaden_FY2024_p13.png: 14.5s, 5107 chars
[surya2] maaden_FY2024_p14.png: 76.7s, 4422 chars
[surya2] maaden_FY2024_p15.png: 12.3s, 4206 chars
[surya2] maaden_FY2024_p16.png: 8.5s, 3149 chars
[surya2] mesc_H1-2023_p04.png: 81.4s, 3963 chars
[surya2] mesc_H1-2023_p05.png: 45.8s, 3215 chars
[surya2] mesc_H1-2023_p06.png: 5.9s, 1934 chars
[surya2] mesc_H1-2023_p07.png: 48.3s, 4169 chars
[surya2] musharaka_reit_FY2019_p06.png: 5.8s, 2140 chars
[surya2] musharaka_reit_FY2019_p07.png: 6.6s, 2307 chars
[surya2] musharaka_reit_FY2019_p08.png: 6.1s, 1055 chars
[surya2] musharaka_reit_FY2019_p09.png: 8.2s, 2146 chars
[surya2] musharaka_reit_FY2019_p10.png: 7.2s, 2547 chars
[surya2] nama_FY2024_p07.png: 7.2s, 2837 chars
[surya2] nama_FY2024_p08.png: 6.5s, 1816 chars
[surya2] nama_FY2024_p09.png: 6.5s, 2057 chars
[surya2] nama_FY2024_p10.png: 9.6s, 2893 chars
[surya2] othaim_FY2024_p07.png: 12.2s, 4585 chars
[surya2] othaim_FY2024_p08.png: 7.2s, 2432 chars
[surya2] othaim_FY2024_p09.png: 6.3s, 1623 chars
[surya2] othaim_FY2024_p10.png: 12.2s, 4535 chars
[surya2] othaim_FY2024_p11.png: 86.0s, 4004 chars
[surya2] othaim_FY2024_p12.png: 8.4s, 2133 chars
[surya2] riyad_aliemar_fund_FY2023_p06.png: 4.4s, 1428 chars
[surya2] riyad_aliemar_fund_FY2023_p07.png: 40.8s, 1625 chars
[surya2] riyad_aliemar_fund_FY2023_p08.png: 4.4s, 942 chars
[surya2] riyad_aliemar_fund_FY2023_p09.png: 38.9s, 1768 chars
[surya2] saudi_re_FY2024_p08.png: 8.9s, 3042 chars
[surya2] saudi_re_FY2024_p09.png: 121.6s, 3257 chars
[surya2] saudi_re_FY2024_p10.png: 5.8s, 1351 chars
[surya2] saudi_re_FY2024_p11.png: 13.2s, 5455 chars
[surya2] saudi_re_FY2024_p12.png: 14.1s, 4881 chars
[surya2] sedco_capital_reit_FY2022_p07.png: 8.4s, 1743 chars
[surya2] sedco_capital_reit_FY2022_p08.png: 5.5s, 1758 chars
[surya2] sedco_capital_reit_FY2022_p09.png: 4.1s, 928 chars
[surya2] sedco_capital_reit_FY2022_p10.png: 10.5s, 2349 chars
[surya2] snb_FY2024_p12.png: 8.3s, 3921 chars
[surya2] snb_FY2024_p13.png: 8.4s, 3245 chars
[surya2] snb_FY2024_p14.png: 6.4s, 2030 chars
[surya2] snb_FY2024_p15.png: 15.1s, 8588 chars
[surya2] snb_FY2024_p16.png: 12.1s, 5324 chars
[surya2] taiba_FY2024_p09.png: 44.1s, 3658 chars
[surya2] taiba_FY2024_p10.png: 40.9s, 3167 chars
[surya2] taiba_FY2024_p11.png: 7.0s, 1454 chars
[surya2] taiba_FY2024_p12.png: 10.5s, 4532 chars
[surya2] taiba_FY2024_p13.png: 11.6s, 4441 chars
[surya2] taiba_FY2024_p14.png: 11.0s, 3996 chars
[surya2] DONE
