[cmda_vision] mesc_H1-2023_p07.png: 19.6s, 2305 chars, 861 tok, finish=COMPLETE
[cmda_vision] musharaka_reit_FY2019_p06.png: 167.1s, 21541 chars, 8192 tok, finish=MAX_TOKENS
[cmda_vision] musharaka_reit_FY2019_p07.png: 13.2s, 1463 chars, 584 tok, finish=COMPLETE
[cmda_vision] musharaka_reit_FY2019_p08.png: 32.4s, 4771 chars, 1520 tok, finish=COMPLETE
[cmda_vision] musharaka_reit_FY2019_p09.png: 16.1s, 1889 chars, 691 tok, finish=COMPLETE
[cmda_vision] musharaka_reit_FY2019_p10.png: 11.7s, 1533 chars, 505 tok, finish=COMPLETE
[cmda_vision] nama_FY2024_p07.png: 14.1s, 998 chars, 586 tok, finish=COMPLETE
[cmda_vision] nama_FY2024_p08.png: 57.8s, 5953 chars, 2743 tok, finish=COMPLETE
[cmda_vision] nama_FY2024_p09.png: 95.1s, 12696 chars, 4527 tok, finish=COMPLETE
[cmda_vision] nama_FY2024_p10.png: 34.8s, 3312 chars, 1609 tok, finish=COMPLETE
[cmda_vision] othaim_FY2024_p07.png: 34.4s, 2666 chars, 1561 tok, finish=COMPLETE
[cmda_vision] othaim_FY2024_p08.png: 24.4s, 3288 chars, 1116 tok, finish=COMPLETE
[cmda_vision] othaim_FY2024_p09.png: 15.1s, 1437 chars, 611 tok, finish=COMPLETE
[cmda_vision] othaim_FY2024_p10.png: 15.5s, 1586 chars, 674 tok, finish=COMPLETE
[cmda_vision] othaim_FY2024_p11.png: 171.1s, 28185 chars, 8192 tok, finish=MAX_TOKENS
[cmda_vision] othaim_FY2024_p12.png: 23.8s, 3691 chars, 1070 tok, finish=COMPLETE
[cmda_vision] riyad_aliemar_fund_FY2023_p06.png: 9.2s, 885 chars, 393 tok, finish=COMPLETE
[cmda_vision] riyad_aliemar_fund_FY2023_p07.png: 11.3s, 1391 chars, 505 tok, finish=COMPLETE
[cmda_vision] riyad_aliemar_fund_FY2023_p08.png: 17.0s, 1748 chars, 750 tok, finish=COMPLETE
[cmda_vision] riyad_aliemar_fund_FY2023_p09.png: 13.3s, 1887 chars, 573 tok, finish=COMPLETE
[cmda_vision] saudi_re_FY2024_p08.png: 29.7s, 5382 chars, 1391 tok, finish=COMPLETE
[cmda_vision] saudi_re_FY2024_p09.png: 35.2s, 5637 chars, 1614 tok, finish=COMPLETE
[cmda_vision] saudi_re_FY2024_p10.png: 12.1s, 1880 chars, 530 tok, finish=COMPLETE
[cmda_vision] saudi_re_FY2024_p11.png: 17.5s, 1634 chars, 767 tok, finish=COMPLETE
[cmda_vision] saudi_re_FY2024_p12.png: 29.8s, 5219 chars, 1373 tok, finish=COMPLETE
[cmda_vision] sedco_capital_reit_FY2022_p07.png: 33.5s, 2443 chars, 1485 tok, finish=COMPLETE
[cmda_vision] sedco_capital_reit_FY2022_p08.png: 14.8s, 1526 chars, 605 tok, finish=COMPLETE
[cmda_vision] sedco_capital_reit_FY2022_p09.png: 40.3s, 5788 chars, 1875 tok, finish=COMPLETE
[cmda_vision] sedco_capital_reit_FY2022_p10.png: 168.5s, 23346 chars, 8192 tok, finish=MAX_TOKENS
[cmda_vision] snb_FY2024_p12.png: 33.5s, 3450 chars, 1538 tok, finish=COMPLETE
[cmda_vision] snb_FY2024_p13.png: 30.6s, 4295 chars, 1422 tok, finish=COMPLETE
[cmda_vision] snb_FY2024_p14.png: 30.6s, 4681 chars, 1427 tok, finish=COMPLETE
[cmda_vision] snb_FY2024_p15.png: 37.7s, 4001 chars, 1724 tok, finish=COMPLETE
[cmda_vision] snb_FY2024_p16.png: 40.3s, 4580 chars, 1905 tok, finish=COMPLETE
[cmda_vision] taiba_FY2024_p09.png: 29.8s, 3247 chars, 1351 tok, finish=COMPLETE
[cmda_vision] taiba_FY2024_p10.png: 43.3s, 5908 chars, 2003 tok, finish=COMPLETE
[cmda_vision] taiba_FY2024_p11.png: 26.3s, 3878 chars, 1194 tok, finish=COMPLETE
[cmda_vision] taiba_FY2024_p12.png: 17.5s, 1764 chars, 756 tok, finish=COMPLETE
[cmda_vision] taiba_FY2024_p13.png: 14.2s, 1866 chars, 607 tok, finish=COMPLETE
[cmda_vision] taiba_FY2024_p14.png: 12.6s, 1227 chars, 516 tok, finish=COMPLETE
[cmda_vision] DONE
