[qwen38_27b] cenomi_retail_FY2024_p13.png: 51.9s, 2800 chars, 1493 tok, finish=stop, $0.0040
[qwen38_27b] cenomi_retail_FY2024_p14.png: 18.6s, 1187 chars, 600 tok, finish=stop, $0.0018
[qwen38_27b] halwani_FY2024_p07.png: 14.0s, 2297 chars, 1104 tok, finish=stop, $0.0030
[qwen38_27b] halwani_FY2024_p08.png: 36.2s, 1867 chars, 1077 tok, finish=stop, $0.0025
[qwen38_27b] halwani_FY2024_p09.png: 13.6s, 1179 chars, 583 tok, finish=stop, $0.0017
[qwen38_27b] halwani_FY2024_p10.png: 7.0s, 853 chars, 479 tok, finish=stop, $0.0020
[qwen38_27b] halwani_FY2024_p11.png: 8.2s, 1078 chars, 546 tok, finish=stop, $0.0021
[qwen38_27b] halwani_FY2024_p12.png: 13.0s, 1924 chars, 1026 tok, finish=stop, $0.0033
[qwen38_27b] halwani_FY2024_p13.png: 338.4s, 14139 chars, 8192 tok, finish=length, $0.0208
[qwen38_27b] herfy_FY2024_p07.png: 40.4s, 1716 chars, 1091 tok, finish=stop, $0.0025
[qwen38_27b] herfy_FY2024_p08.png: 20.3s, 1603 chars, 829 tok, finish=stop, $0.0021
[qwen38_27b] herfy_FY2024_p09.png: 12.2s, 1444 chars, 748 tok, finish=stop, $0.0026
[qwen38_27b] herfy_FY2024_p10.png: 60.7s, 3140 chars, 1678 tok, finish=stop, $0.0038
[qwen38_27b] kingdom_holding_FY2024_p07.png: 23.1s, 2819 chars, 1533 tok, finish=stop, $0.0043
[qwen38_27b] kingdom_holding_FY2024_p08.png: 19.8s, 1657 chars, 830 tok, finish=stop, $0.0021
[qwen38_27b] kingdom_holding_FY2024_p09.png: 19.2s, 1368 chars, 614 tok, finish=stop, $0.0018
[qwen38_27b] kingdom_holding_FY2024_p10.png: 20.7s, 2710 chars, 1511 tok, finish=stop, $0.0040
[qwen38_27b] kingdom_holding_FY2024_p11.png: 66.1s, 3395 chars, 1648 tok, finish=stop, $0.0044
[qwen38_27b] liva_FY2024_p07.png: 55.7s, 2155 chars, 1215 tok, finish=stop, $0.0033
[qwen38_27b] liva_FY2024_p08.png: 9.5s, 1549 chars, 704 tok, finish=stop, $0.0025
[qwen38_27b] liva_FY2024_p09.png: 5.3s, 843 chars, 355 tok, finish=stop, $0.0012
[qwen38_27b] liva_FY2024_p10.png: 4.5s, 1719 chars, 885 tok, finish=stop, $0.0025
[qwen38_27b] liva_FY2024_p11.png: 28.3s, 2231 chars, 1056 tok, finish=stop, $0.0029
[qwen38_27b] maadaniyah_Q1-2025_p04.png: 64.7s, 2477 chars, 1341 tok, finish=stop, $0.0037
[qwen38_27b] maadaniyah_Q1-2025_p05.png: 10.1s, 1587 chars, 811 tok, finish=stop, $0.0023
[qwen38_27b] maadaniyah_Q1-2025_p06.png: 9.1s, 978 chars, 515 tok, finish=stop, $0.0024
[qwen38_27b] maadaniyah_Q1-2025_p07.png: 23.8s, 2713 chars, 1390 tok, finish=stop, $0.0040
[qwen38_27b] maaden_FY2024_p11.png: 26.4s, 1859 chars, 1065 tok, finish=stop, $0.0026
[qwen38_27b] maaden_FY2024_p12.png: 11.2s, 1687 chars, 751 tok, finish=stop, $0.0038
[qwen38_27b] maaden_FY2024_p13.png: 22.8s, 2636 chars, 1862 tok, finish=stop, $0.0054
[qwen38_27b] maaden_FY2024_p14.png: 41.6s, 3257 chars, 1927 tok, finish=stop, $0.0042
[qwen38_27b] maaden_FY2024_p15.png: 21.9s, 2984 chars, 1644 tok, finish=stop, $0.0044
[qwen38_27b] maaden_FY2024_p16.png: 27.0s, 3861 chars, 1977 tok, finish=stop, $0.0053
[qwen38_27b] mesc_H1-2023_p04.png: 9.8s, 2458 chars, 1824 tok, finish=stop, $0.0049
[qwen38_27b] mesc_H1-2023_p05.png: 28.6s, 2338 chars, 1270 tok, finish=stop, $0.0029
[qwen38_27b] mesc_H1-2023_p06.png: 65.5s, 1306 chars, 690 tok, finish=stop, $0.0020
[qwen38_27b] mesc_H1-2023_p07.png: 20.0s, 2653 chars, 1348 tok, finish=stop, $0.0039
[qwen38_27b] musharaka_reit_FY2019_p06.png: 16.0s, 1245 chars, 736 tok, finish=stop, $0.0017
[qwen38_27b] musharaka_reit_FY2019_p07.png: 30.8s, 1377 chars, 764 tok, finish=stop, $0.0022
[qwen38_27b] musharaka_reit_FY2019_p08.png: 9.2s, 917 chars, 470 tok, finish=stop, $0.0015
[qwen38_27b] musharaka_reit_FY2019_p09.png: 13.0s, 1498 chars, 800 tok, finish=stop, $0.0027
[qwen38_27b] musharaka_reit_FY2019_p10.png: 16.7s, 1492 chars, 735 tok, finish=stop, $0.0017
[qwen38_27b] nama_FY2024_p07.png: 23.3s, 2305 chars, 1194 tok, finish=stop, $0.0033
[qwen38_27b] nama_FY2024_p08.png: 13.3s, 1552 chars, 793 tok, finish=stop, $0.0027
[qwen38_27b] nama_FY2024_p09.png: 36.7s, 1245 chars, 633 tok, finish=stop, $0.0019
[qwen38_27b] nama_FY2024_p10.png: 19.4s, 2773 chars, 1350 tok, finish=stop, $0.0039
[qwen38_27b] othaim_FY2024_p07.png: 11.4s, 3590 chars, 2187 tok, finish=stop, $0.0058
[qwen38_27b] othaim_FY2024_p08.png: 16.1s, 1777 chars, 1026 tok, finish=stop, $0.0032
[qwen38_27b] othaim_FY2024_p09.png: 3.5s, 1312 chars, 612 tok, finish=stop, $0.0018
[qwen38_27b] othaim_FY2024_p10.png: 8.2s, 3025 chars, 1824 tok, finish=stop, $0.0049
[qwen38_27b] othaim_FY2024_p11.png: 20.6s, 2672 chars, 1480 tok, finish=stop, $0.0060
[qwen38_27b] othaim_FY2024_p12.png: 26.4s, 1654 chars, 773 tok, finish=stop, $0.0018
[qwen38_27b] riyad_aliemar_fund_FY2023_p06.png: 6.6s, 921 chars, 450 tok, finish=stop, $0.0014
[qwen38_27b] riyad_aliemar_fund_FY2023_p07.png: 16.7s, 900 chars, 454 tok, finish=stop, $0.0011
[qwen38_27b] riyad_aliemar_fund_FY2023_p08.png: 5.4s, 783 chars, 340 tok, finish=stop, $0.0016
[qwen38_27b] riyad_aliemar_fund_FY2023_p09.png: 7.3s, 1338 chars, 836 tok, finish=stop, $0.0025
[qwen38_27b] saudi_re_FY2024_p08.png: 41.6s, 2330 chars, 1262 tok, finish=stop, $0.0029
[qwen38_27b] saudi_re_FY2024_p09.png: 12.8s, 1998 chars, 1049 tok, finish=stop, $0.0029
[qwen38_27b] saudi_re_FY2024_p10.png: 17.5s, 951 chars, 404 tok, finish=stop, $0.0010
[qwen38_27b] saudi_re_FY2024_p11.png: 51.9s, 15703 chars, 8192 tok, finish=length, $0.0177
[qwen38_27b] saudi_re_FY2024_p12.png: 20.9s, 3776 chars, 1803 tok, finish=stop, $0.0047
[qwen38_27b] sedco_capital_reit_FY2022_p07.png: 15.1s, 1681 chars, 923 tok, finish=stop, $0.0030
[qwen38_27b] sedco_capital_reit_FY2022_p08.png: 9.6s, 1186 chars, 650 tok, finish=stop, $0.0024
[qwen38_27b] sedco_capital_reit_FY2022_p09.png: 5.0s, 657 chars, 323 tok, finish=stop, $0.0011
[qwen38_27b] sedco_capital_reit_FY2022_p10.png: 19.9s, 2340 chars, 1257 tok, finish=stop, $0.0043
[qwen38_27b] snb_FY2024_p12.png: 41.5s, 2460 chars, 1372 tok, finish=stop, $0.0037
[qwen38_27b] snb_FY2024_p13.png: 17.0s, 2295 chars, 1155 tok, finish=stop, $0.0035
[qwen38_27b] snb_FY2024_p14.png: 8.7s, 1530 chars, 673 tok, finish=stop, $0.0020
[qwen38_27b] snb_FY2024_p15.png: 15.2s, 6443 chars, 3624 tok, finish=stop, $0.0094
[qwen38_27b] snb_FY2024_p16.png: 50.4s, 4140 chars, 2040 tok, finish=stop, $0.0044
[qwen38_27b] taiba_FY2024_p09.png: 25.0s, 3416 chars, 1956 tok, finish=stop, $0.0052
[qwen38_27b] taiba_FY2024_p10.png: 10.9s, 1944 chars, 1047 tok, finish=stop, $0.0032
[qwen38_27b] taiba_FY2024_p11.png: 12.9s, 1487 chars, 685 tok, finish=stop, $0.0024
[qwen38_27b] taiba_FY2024_p12.png: 76.2s, 2575 chars, 1603 tok, finish=stop, $0.0069
[qwen38_27b] taiba_FY2024_p13.png: 18.4s, 2706 chars, 1454 tok, finish=stop, $0.0041
[qwen38_27b] taiba_FY2024_p14.png: 20.7s, 2784 chars, 1380 tok, finish=stop, $0.0040
[qwen38_27b] DONE
