[ernie45_vl] buruj_FY2024_p12.png: 35.8s, 3157 chars, 1455 tok, finish=stop, $0.0024
[ernie45_vl] cenomi_retail_FY2024_p09.png: 29.7s, 1515 chars, 1207 tok, finish=stop, $0.0021
[ernie45_vl] cenomi_retail_FY2024_p10.png: 32.3s, 2082 chars, 1264 tok, finish=stop, $0.0022
[ernie45_vl] cenomi_retail_FY2024_p11.png: 13.4s, 741 chars, 385 tok, finish=stop, $0.0011
[ernie45_vl] cenomi_retail_FY2024_p12.png: 40.0s, 2099 chars, 1494 tok, finish=stop, $0.0025
[ernie45_vl] cenomi_retail_FY2024_p13.png: 45.2s, 3258 chars, 1727 tok, finish=stop, $0.0027
[ernie45_vl] cenomi_retail_FY2024_p14.png: 18.6s, 936 chars, 612 tok, finish=stop, $0.0014
[ernie45_vl] halwani_FY2024_p07.png: 25.5s, 1744 chars, 951 tok, finish=stop, $0.0018
[ernie45_vl] halwani_FY2024_p08.png: 25.4s, 1352 chars, 873 tok, finish=stop, $0.0017
[ernie45_vl] halwani_FY2024_p09.png: 18.9s, 1360 chars, 705 tok, finish=stop, $0.0015
[ernie45_vl] halwani_FY2024_p10.png: 18.2s, 910 chars, 617 tok, finish=stop, $0.0014
[ernie45_vl] halwani_FY2024_p11.png: 14.9s, 915 chars, 520 tok, finish=stop, $0.0012
[ernie45_vl] halwani_FY2024_p12.png: 25.2s, 1217 chars, 888 tok, finish=stop, $0.0017
[ernie45_vl] halwani_FY2024_p13.png: 20.6s, 1752 chars, 630 tok, finish=stop, $0.0014
[ernie45_vl] herfy_FY2024_p07.png: 175.4s, 5154 chars, 8156 tok, finish=stop, $0.0108
[ernie45_vl] herfy_FY2024_p08.png: 25.9s, 1438 chars, 920 tok, finish=stop, $0.0017
[ernie45_vl] herfy_FY2024_p09.png: 24.1s, 1573 chars, 916 tok, finish=stop, $0.0017
[ernie45_vl] herfy_FY2024_p10.png: 38.8s, 3031 chars, 1682 tok, finish=stop, $0.0027
[ernie45_vl] kingdom_holding_FY2024_p07.png: 34.4s, 2200 chars, 1404 tok, finish=stop, $0.0023
[ernie45_vl] kingdom_holding_FY2024_p08.png: 26.6s, 1945 chars, 1084 tok, finish=stop, $0.0019
[ernie45_vl] kingdom_holding_FY2024_p09.png: 16.8s, 1056 chars, 507 tok, finish=stop, $0.0012
[ernie45_vl] kingdom_holding_FY2024_p10.png: 26.4s, 1982 chars, 1088 tok, finish=stop, $0.0019
[ernie45_vl] kingdom_holding_FY2024_p11.png: 41.4s, 2754 chars, 1732 tok, finish=stop, $0.0028
[ernie45_vl] liva_FY2024_p07.png: 22.3s, 1260 chars, 822 tok, finish=stop, $0.0016
[ernie45_vl] liva_FY2024_p08.png: 23.6s, 1635 chars, 872 tok, finish=stop, $0.0017
[ernie45_vl] liva_FY2024_p09.png: 11.6s, 796 chars, 380 tok, finish=stop, $0.0011
[ernie45_vl] liva_FY2024_p10.png: 20.9s, 1289 chars, 846 tok, finish=stop, $0.0016
[ernie45_vl] liva_FY2024_p11.png: 33.3s, 2340 chars, 1311 tok, finish=stop, $0.0022
[ernie45_vl] maadaniyah_Q1-2025_p04.png: 27.8s, 2068 chars, 1139 tok, finish=stop, $0.0020
[ernie45_vl] maadaniyah_Q1-2025_p05.png: 24.8s, 1401 chars, 1009 tok, finish=stop, $0.0018
[ernie45_vl] maadaniyah_Q1-2025_p06.png: 19.3s, 937 chars, 596 tok, finish=stop, $0.0013
[ernie45_vl] maadaniyah_Q1-2025_p07.png: 40.7s, 1924 chars, 1697 tok, finish=stop, $0.0027
[ernie45_vl] maaden_FY2024_p11.png: 32.6s, 1721 chars, 1226 tok, finish=stop, $0.0021
[ernie45_vl] maaden_FY2024_p12.png: 27.1s, 1504 chars, 896 tok, finish=stop, $0.0017
[ernie45_vl] maaden_FY2024_p13.png: 19.3s, 1333 chars, 574 tok, finish=stop, $0.0013
[ernie45_vl] maaden_FY2024_p14.png: 34.2s, 2287 chars, 1419 tok, finish=stop, $0.0024
[ernie45_vl] maaden_FY2024_p15.png: 29.6s, 1400 chars, 1005 tok, finish=stop, $0.0018
[ernie45_vl] maaden_FY2024_p16.png: 173.3s, 8672 chars, 8168 tok, finish=stop, $0.0108
[ernie45_vl] mesc_H1-2023_p04.png: 28.3s, 1693 chars, 1049 tok, finish=stop, $0.0019
[ernie45_vl] mesc_H1-2023_p05.png: 29.7s, 2024 chars, 1229 tok, finish=stop, $0.0021
[ernie45_vl] mesc_H1-2023_p06.png: 15.8s, 1156 chars, 617 tok, finish=stop, $0.0014
[ernie45_vl] DONE
