[cmda_vision] al_khodari_FY2018_p08.png: 15.9s, 1892 chars, 691 tok, finish=COMPLETE
[cmda_vision] al_khodari_FY2018_p09.png: 94.8s, 12630 chars, 4592 tok, finish=COMPLETE
[cmda_vision] al_khodari_FY2018_p10.png: 19.2s, 2004 chars, 844 tok, finish=COMPLETE
[cmda_vision] al_khodari_FY2018_p11.png: 44.4s, 4350 chars, 2099 tok, finish=COMPLETE
[cmda_vision] al_mubarak_usd_trade_fund_H1-2022_p03.png: 15.8s, 1656 chars, 720 tok, finish=COMPLETE
[cmda_vision] al_mubarak_usd_trade_fund_H1-2022_p04.png: 6.7s, 835 chars, 268 tok, finish=COMPLETE
[cmda_vision] al_mubarak_usd_trade_fund_H1-2022_p05.png: 14.4s, 1870 chars, 647 tok, finish=COMPLETE
[cmda_vision] al_mubarak_usd_trade_fund_H1-2022_p06.png: 23.6s, 3388 chars, 1099 tok, finish=COMPLETE
[cmda_vision] al_rajhi_FY2024_p09.png: 17.7s, 894 chars, 775 tok, finish=COMPLETE
[cmda_vision] al_rajhi_FY2024_p10.png: 23.9s, 2466 chars, 1085 tok, finish=COMPLETE
[cmda_vision] al_rajhi_FY2024_p11.png: 12.9s, 1443 chars, 557 tok, finish=COMPLETE
[cmda_vision] al_rajhi_FY2024_p12.png: 21.2s, 2411 chars, 954 tok, finish=COMPLETE
[cmda_vision] al_rajhi_FY2024_p13.png: 17.0s, 1781 chars, 767 tok, finish=COMPLETE
[cmda_vision] al_rajhi_FY2024_p14.png: 29.4s, 3818 chars, 1387 tok, finish=COMPLETE
[cmda_vision] al_rajhi_FY2024_p15.png: 35.8s, 4547 chars, 1633 tok, finish=COMPLETE
[cmda_vision] alahli_global_trade_fund_H1-2023_p03.png: 11.5s, 1610 chars, 499 tok, finish=COMPLETE
[cmda_vision] alahli_global_trade_fund_H1-2023_p04.png: 20.7s, 3367 chars, 956 tok, finish=COMPLETE
[cmda_vision] alahli_global_trade_fund_H1-2023_p05.png: 27.9s, 4096 chars, 1306 tok, finish=COMPLETE
[cmda_vision] alahli_global_trade_fund_H1-2023_p06.png: 14.5s, 1515 chars, 641 tok, finish=COMPLETE
[cmda_vision] alif_meem_yaa_FY2023_p06.png: 41.8s, 4061 chars, 2010 tok, finish=COMPLETE
[cmda_vision] alif_meem_yaa_FY2023_p07.png: 18.7s, 2548 chars, 853 tok, finish=COMPLETE
[cmda_vision] alif_meem_yaa_FY2023_p08.png: 11.2s, 1352 chars, 487 tok, finish=COMPLETE
[cmda_vision] alif_meem_yaa_FY2023_p09.png: 44.7s, 6601 chars, 2138 tok, finish=COMPLETE
[cmda_vision] alinma_tokio_marine_FY2022_p07.png: 26.2s, 4280 chars, 1205 tok, finish=COMPLETE
[cmda_vision] alinma_tokio_marine_FY2022_p08.png: 12.2s, 1484 chars, 511 tok, finish=COMPLETE
[cmda_vision] alinma_tokio_marine_FY2022_p09.png: 16.3s, 2661 chars, 728 tok, finish=COMPLETE
[cmda_vision] alinma_tokio_marine_FY2022_p10.png: 16.9s, 2149 chars, 766 tok, finish=COMPLETE
[cmda_vision] alinma_tokio_marine_FY2022_p11.png: 17.7s, 2690 chars, 788 tok, finish=COMPLETE
[cmda_vision] almarai_FY2024_p08.png: 36.9s, 5504 chars, 1748 tok, finish=COMPLETE
[cmda_vision] almarai_FY2024_p09.png: 11.0s, 1084 chars, 459 tok, finish=COMPLETE
[cmda_vision] almarai_FY2024_p10.png: 10.9s, 966 chars, 466 tok, finish=COMPLETE
[cmda_vision] almarai_FY2024_p11.png: 21.3s, 2609 chars, 964 tok, finish=COMPLETE
[cmda_vision] almarai_FY2024_p12.png: 22.2s, 2869 chars, 1040 tok, finish=COMPLETE
[cmda_vision] almarai_FY2024_p13.png: 16.8s, 2325 chars, 760 tok, finish=COMPLETE
[cmda_vision] arabian_drilling_FY2024_p08.png: 35.6s, 4882 chars, 1680 tok, finish=COMPLETE
[cmda_vision] arabian_drilling_FY2024_p09.png: 13.4s, 1561 chars, 583 tok, finish=COMPLETE
[cmda_vision] arabian_drilling_FY2024_p10.png: 13.3s, 1250 chars, 581 tok, finish=COMPLETE
[cmda_vision] arabian_drilling_FY2024_p11.png: 14.9s, 2157 chars, 638 tok, finish=COMPLETE
[cmda_vision] arabian_drilling_FY2024_p12.png: 11.1s, 1308 chars, 481 tok, finish=COMPLETE
