[qwen36_27b] buruj_FY2024_p10.png: 12.2s, 758 chars, 407 tok, finish=stop, $0.0023
[qwen36_27b] buruj_FY2024_p11.png: 114.2s, 2343 chars, 1615 tok, finish=stop, $0.0063
[qwen36_27b] buruj_FY2024_p12.png: 41.4s, 2617 chars, 1820 tok, finish=stop, $0.0061
[qwen36_27b] cenomi_retail_FY2024_p09.png: 69.9s, 2372 chars, 2126 tok, finish=stop, $0.0070
[qwen36_27b] cenomi_retail_FY2024_p10.png: 69.3s, 2249 chars, 1688 tok, finish=stop, $0.0066
[qwen36_27b] cenomi_retail_FY2024_p11.png: 62.9s, 1210 chars, 789 tok, finish=stop, $0.0038
[qwen36_27b] cenomi_retail_FY2024_p12.png: 26.7s, 1911 chars, 1625 tok, finish=stop, $0.0056
[qwen36_27b] cenomi_retail_FY2024_p13.png: 77.3s, 2742 chars, 2062 tok, finish=stop, $0.0079
[qwen36_27b] cenomi_retail_FY2024_p14.png: 23.2s, 1188 chars, 802 tok, finish=stop, $0.0037
[qwen36_27b] halwani_FY2024_p07.png: 41.6s, 2179 chars, 1481 tok, finish=stop, $0.0052
[qwen36_27b] halwani_FY2024_p08.png: 47.5s, 1363 chars, 1275 tok, finish=stop, $0.0037
[qwen36_27b] halwani_FY2024_p09.png: 15.7s, 1239 chars, 790 tok, finish=stop, $0.0034
[qwen36_27b] halwani_FY2024_p10.png: 24.3s, 854 chars, 659 tok, finish=stop, $0.0025
[qwen36_27b] halwani_FY2024_p11.png: 21.7s, 1060 chars, 712 tok, finish=stop, $0.0034
[qwen36_27b] halwani_FY2024_p12.png: 21.1s, 1850 chars, 1311 tok, finish=stop, $0.0048
[qwen36_27b] halwani_FY2024_p13.png: 53.9s, 2410 chars, 1486 tok, finish=stop, $0.0041
[qwen36_27b] herfy_FY2024_p07.png: 26.5s, 1799 chars, 1598 tok, finish=stop, $0.0055
[qwen36_27b] herfy_FY2024_p08.png: 18.8s, 1663 chars, 1144 tok, finish=stop, $0.0043
[qwen36_27b] herfy_FY2024_p09.png: 32.4s, 1432 chars, 1020 tok, finish=stop, $0.0032
[qwen36_27b] herfy_FY2024_p10.png: 32.9s, 3106 chars, 2248 tok, finish=stop, $0.0073
[qwen36_27b] kingdom_holding_FY2024_p07.png: 57.7s, 2726 chars, 1974 tok, finish=stop, $0.0075
[qwen36_27b] kingdom_holding_FY2024_p08.png: 26.6s, 1592 chars, 1034 tok, finish=stop, $0.0040
[qwen36_27b] kingdom_holding_FY2024_p09.png: 21.7s, 1370 chars, 759 tok, finish=stop, $0.0037
[qwen36_27b] kingdom_holding_FY2024_p10.png: 42.6s, 2720 chars, 1487 tok, finish=stop, $0.0060
[qwen36_27b] kingdom_holding_FY2024_p11.png: 59.4s, 3472 chars, 2234 tok, finish=stop, $0.0085
[qwen36_27b] liva_FY2024_p07.png: 191.7s, 12153 chars, 8192 tok, finish=length, $0.0274
[qwen36_27b] liva_FY2024_p08.png: 195.9s, 13509 chars, 8192 tok, finish=length, $0.0274
[qwen36_27b] liva_FY2024_p09.png: 112.0s, 13242 chars, 8192 tok, finish=length, $0.0279
[qwen36_27b] liva_FY2024_p10.png: 9.6s, 1499 chars, 818 tok, finish=stop, $0.0035
[qwen36_27b] liva_FY2024_p11.png: 35.7s, 2177 chars, 1349 tok, finish=stop, $0.0055
[qwen36_27b] maadaniyah_Q1-2025_p04.png: 45.8s, 2395 chars, 1790 tok, finish=stop, $0.0069
[qwen36_27b] maadaniyah_Q1-2025_p05.png: 19.0s, 1585 chars, 1087 tok, finish=stop, $0.0048
[qwen36_27b] maadaniyah_Q1-2025_p06.png: 12.7s, 954 chars, 690 tok, finish=stop, $0.0031
[qwen36_27b] maadaniyah_Q1-2025_p07.png: 24.3s, 2644 chars, 1806 tok, finish=stop, $0.0070
[qwen36_27b] maaden_FY2024_p11.png: 31.1s, 1768 chars, 1393 tok, finish=stop, $0.0056
[qwen36_27b] maaden_FY2024_p12.png: 14.1s, 1574 chars, 925 tok, finish=stop, $0.0043
[qwen36_27b] maaden_FY2024_p13.png: 50.1s, 3236 chars, 2835 tok, finish=stop, $0.0089
[qwen36_27b] maaden_FY2024_p14.png: 76.9s, 3140 chars, 2665 tok, finish=stop, $0.0084
[qwen36_27b] maaden_FY2024_p15.png: 49.2s, 3038 chars, 2314 tok, finish=stop, $0.0075
[qwen36_27b] maaden_FY2024_p16.png: 61.7s, 3722 chars, 2445 tok, finish=stop, $0.0090
[qwen36_27b] mesc_H1-2023_p04.png: 40.1s, 2415 chars, 1832 tok, finish=stop, $0.0070
[qwen36_27b] mesc_H1-2023_p05.png: 354.4s, 13567 chars, 8192 tok, finish=length, $0.0278
[qwen36_27b] DONE
