[qwen36_27b] mesc_H1-2023_p06.png: 20.2s, 1423 chars, 791 tok, finish=stop, $0.0033
[qwen36_27b] mesc_H1-2023_p07.png: 59.1s, 2640 chars, 1770 tok, finish=stop, $0.0059
[qwen36_27b] musharaka_reit_FY2019_p06.png: 23.7s, 981 chars, 950 tok, finish=stop, $0.0038
[qwen36_27b] musharaka_reit_FY2019_p07.png: 285.0s, 13150 chars, 8192 tok, finish=length, $0.0274
[qwen36_27b] musharaka_reit_FY2019_p08.png: 13.8s, 917 chars, 631 tok, finish=stop, $0.0029
[qwen36_27b] musharaka_reit_FY2019_p09.png: 36.7s, 1211 chars, 997 tok, finish=stop, $0.0043
[qwen36_27b] musharaka_reit_FY2019_p10.png: 35.6s, 1291 chars, 844 tok, finish=stop, $0.0040
[qwen36_27b] nama_FY2024_p07.png: 60.1s, 2330 chars, 1524 tok, finish=stop, $0.0061
[qwen36_27b] nama_FY2024_p08.png: 37.5s, 1570 chars, 1009 tok, finish=stop, $0.0032
[qwen36_27b] nama_FY2024_p09.png: 25.5s, 1246 chars, 825 tok, finish=stop, $0.0038
[qwen36_27b] nama_FY2024_p10.png: 68.3s, 2712 chars, 1697 tok, finish=stop, $0.0045
[qwen36_27b] othaim_FY2024_p07.png: 46.9s, 3498 chars, 3115 tok, finish=stop, $0.0096
[qwen36_27b] othaim_FY2024_p08.png: 45.3s, 1811 chars, 1014 tok, finish=stop, $0.0044
[qwen36_27b] othaim_FY2024_p09.png: 262.4s, 13125 chars, 8192 tok, finish=length, $0.0279
[qwen36_27b] othaim_FY2024_p10.png: 218.9s, 14164 chars, 8192 tok, finish=length, $0.0274
[qwen36_27b] othaim_FY2024_p11.png: 35.7s, 2608 chars, 2008 tok, finish=stop, $0.0066
[qwen36_27b] othaim_FY2024_p12.png: 69.4s, 8204 chars, 8192 tok, finish=length, $0.0233
[qwen36_27b] riyad_aliemar_fund_FY2023_p06.png: 13.2s, 888 chars, 568 tok, finish=stop, $0.0027
[qwen36_27b] riyad_aliemar_fund_FY2023_p07.png: 16.1s, 1000 chars, 641 tok, finish=stop, $0.0033
[qwen36_27b] riyad_aliemar_fund_FY2023_p08.png: 14.8s, 804 chars, 454 tok, finish=stop, $0.0026
[qwen36_27b] riyad_aliemar_fund_FY2023_p09.png: 24.8s, 1372 chars, 859 tok, finish=stop, $0.0039
[qwen36_27b] saudi_re_FY2024_p08.png: 48.1s, 2351 chars, 1788 tok, finish=stop, $0.0068
[qwen36_27b] saudi_re_FY2024_p09.png: 23.3s, 2053 chars, 1459 tok, finish=stop, $0.0051
[qwen36_27b] saudi_re_FY2024_p10.png: 17.9s, 1058 chars, 593 tok, finish=stop, $0.0030
[qwen36_27b] saudi_re_FY2024_p11.png: 101.2s, 16368 chars, 8192 tok, finish=length, $0.0274
[qwen36_27b] saudi_re_FY2024_p12.png: 186.9s, 12866 chars, 8192 tok, finish=length, $0.0273
[qwen36_27b] sedco_capital_reit_FY2022_p07.png: 15.2s, 1619 chars, 1252 tok, finish=stop, $0.0046
[qwen36_27b] sedco_capital_reit_FY2022_p08.png: 30.1s, 1178 chars, 874 tok, finish=stop, $0.0036
[qwen36_27b] sedco_capital_reit_FY2022_p09.png: 98.8s, 656 chars, 428 tok, finish=stop, $0.0026
[qwen36_27b] sedco_capital_reit_FY2022_p10.png: 25.1s, 2529 chars, 1790 tok, finish=stop, $0.0061
[qwen36_27b] snb_FY2024_p12.png: 33.9s, 2451 chars, 1365 tok, finish=stop, $0.0048
[qwen36_27b] snb_FY2024_p13.png: 354.8s, 13483 chars, 8192 tok, finish=length, $0.0279
[qwen36_27b] snb_FY2024_p14.png: 28.5s, 1853 chars, 887 tok, finish=stop, $0.0029
[qwen36_27b] snb_FY2024_p15.png: 69.4s, 16422 chars, 8192 tok, finish=length, $0.0233
[qwen36_27b] snb_FY2024_p16.png: 38.9s, 3544 chars, 1772 tok, finish=stop, $0.0068
[qwen36_27b] taiba_FY2024_p09.png: 47.1s, 3355 chars, 2776 tok, finish=stop, $0.0086
[qwen36_27b] taiba_FY2024_p10.png: 40.5s, 1877 chars, 1357 tok, finish=stop, $0.0057
[qwen36_27b] taiba_FY2024_p11.png: 15.3s, 1416 chars, 826 tok, finish=stop, $0.0035
[qwen36_27b] taiba_FY2024_p12.png: 64.5s, 2551 chars, 2288 tok, finish=stop, $0.0057
[qwen36_27b] taiba_FY2024_p13.png: 61.0s, 2626 chars, 1948 tok, finish=stop, $0.0050
[qwen36_27b] taiba_FY2024_p14.png: 60.7s, 2506 chars, 1492 tok, finish=stop, $0.0060
[qwen36_27b] DONE
