/home/myenv/venv_pvl/lib/python3.12/site-packages/paddle/utils/cpp_extension/extension_utils.py:718: UserWarning: No ccache found. Please be aware that recompiling all source files may be required. You can download and install ccache from: https://github.com/ccache/ccache/blob/master/doc/INSTALL.md
  warnings.warn(warning_message)
[32mCreating model: ('PP-DocLayoutV3', None, None)[0m
[32mModel files already exist. Using cached files. To redownload, please delete the directory manually: `/home/myenv/.paddlex/official_models/PP-DocLayoutV3`.[0m
[32mCreating model: ('PaddleOCR-VL-1.6-0.9B', None, None)[0m
[paddleocr_vl16] al_khodari_FY2018_p08.png: 29109 chars
[paddleocr_vl16] al_khodari_FY2018_p09.png: 21503 chars
[paddleocr_vl16] al_khodari_FY2018_p10.png: 6263 chars
[paddleocr_vl16] al_khodari_FY2018_p11.png: 10493 chars
[paddleocr_vl16] al_mubarak_usd_trade_fund_H1-2022_p03.png: 421 chars
[paddleocr_vl16] al_mubarak_usd_trade_fund_H1-2022_p04.png: 2524 chars
[paddleocr_vl16] al_mubarak_usd_trade_fund_H1-2022_p05.png: 2727 chars
[paddleocr_vl16] al_mubarak_usd_trade_fund_H1-2022_p06.png: 3845 chars
[paddleocr_vl16] al_rajhi_FY2024_p09.png: 14163 chars
[paddleocr_vl16] al_rajhi_FY2024_p10.png: 7349 chars
[paddleocr_vl16] al_rajhi_FY2024_p11.png: 6769 chars
[paddleocr_vl16] al_rajhi_FY2024_p12.png: 15542 chars
[paddleocr_vl16] al_rajhi_FY2024_p13.png: 12146 chars
[paddleocr_vl16] al_rajhi_FY2024_p14.png: 9181 chars
[paddleocr_vl16] al_rajhi_FY2024_p15.png: 5774 chars
[paddleocr_vl16] alahli_global_trade_fund_H1-2023_p03.png: 1116 chars
[paddleocr_vl16] alahli_global_trade_fund_H1-2023_p04.png: 4788 chars
[paddleocr_vl16] alahli_global_trade_fund_H1-2023_p05.png: 3281 chars
[paddleocr_vl16] alahli_global_trade_fund_H1-2023_p06.png: 2848 chars
[paddleocr_vl16] alif_meem_yaa_FY2023_p06.png: 8477 chars
[paddleocr_vl16] alif_meem_yaa_FY2023_p07.png: 6741 chars
[paddleocr_vl16] alif_meem_yaa_FY2023_p08.png: 4360 chars
[paddleocr_vl16] alif_meem_yaa_FY2023_p09.png: 4556 chars
[paddleocr_vl16] alinma_tokio_marine_FY2022_p07.png: 10511 chars
[paddleocr_vl16] alinma_tokio_marine_FY2022_p08.png: 21182 chars
[paddleocr_vl16] alinma_tokio_marine_FY2022_p09.png: 1969 chars
[paddleocr_vl16] alinma_tokio_marine_FY2022_p10.png: 3949 chars
[paddleocr_vl16] alinma_tokio_marine_FY2022_p11.png: 466 chars
[paddleocr_vl16] almarai_FY2024_p08.png: 10551 chars
[paddleocr_vl16] almarai_FY2024_p09.png: 6497 chars
[paddleocr_vl16] almarai_FY2024_p10.png: 2458 chars
[paddleocr_vl16] almarai_FY2024_p11.png: 11017 chars
[paddleocr_vl16] almarai_FY2024_p12.png: 5706 chars
[paddleocr_vl16] almarai_FY2024_p13.png: 4771 chars
[paddleocr_vl16] arabian_drilling_FY2024_p08.png: 6207 chars
[paddleocr_vl16] arabian_drilling_FY2024_p09.png: 3060 chars
[paddleocr_vl16] arabian_drilling_FY2024_p10.png: 6007 chars
[paddleocr_vl16] arabian_drilling_FY2024_p11.png: 4400 chars
[paddleocr_vl16] arabian_drilling_FY2024_p12.png: 7406 chars
[paddleocr_vl16] arabian_drilling_FY2024_p13.png: 3834 chars
[paddleocr_vl16] aramco_FY2023_p12.png: 9596 chars
[paddleocr_vl16] aramco_FY2023_p13.png: 5234 chars
[paddleocr_vl16] aramco_FY2023_p14.png: 22749 chars
[paddleocr_vl16] aramco_FY2023_p15.png: 19530 chars
[paddleocr_vl16] aramco_FY2023_p16.png: 18137 chars
[paddleocr_vl16] aramco_FY2024_p12.png: 10398 chars
[paddleocr_vl16] aramco_FY2024_p13.png: 4997 chars
[paddleocr_vl16] aramco_FY2024_p14.png: 20444 chars
[paddleocr_vl16] aramco_FY2024_p15.png: 17538 chars
[paddleocr_vl16] aramco_FY2024_p16.png: 16219 chars
[paddleocr_vl16] ashmore_saudi_equity_fund_H1-2020_p07.png: 3834 chars
[paddleocr_vl16] ashmore_saudi_equity_fund_H1-2020_p08.png: 3986 chars
[paddleocr_vl16] ashmore_saudi_equity_fund_H1-2020_p09.png: 1557 chars
[paddleocr_vl16] ashmore_saudi_equity_fund_H1-2020_p10.png: 4359 chars
[paddleocr_vl16] bahri_FY2024_p07.png: 5832 chars
[paddleocr_vl16] bahri_FY2024_p08.png: 947 chars
[paddleocr_vl16] bahri_FY2024_p09.png: 2549 chars
[paddleocr_vl16] bahri_FY2024_p10.png: 13467 chars
[paddleocr_vl16] bahri_FY2024_p11.png: 9284 chars
[paddleocr_vl16] bank_aljazira_FY2024_p07.png: 5739 chars
[paddleocr_vl16] bank_aljazira_FY2024_p08.png: 9275 chars
[paddleocr_vl16] bank_aljazira_FY2024_p09.png: 2472 chars
[paddleocr_vl16] bank_aljazira_FY2024_p10.png: 9844 chars
[paddleocr_vl16] bank_aljazira_FY2024_p11.png: 12140 chars
[paddleocr_vl16] bank_aljazira_FY2024_p12.png: 2733 chars
[paddleocr_vl16] bishah_FY2016_p04.png: 9076 chars
[paddleocr_vl16] bishah_FY2016_p05.png: 3563 chars
[paddleocr_vl16] bishah_FY2016_p06.png: 7064 chars
[paddleocr_vl16] bishah_FY2016_p07.png: 5357 chars
[paddleocr_vl16] blom_saudi_fund_FY2022_p04.png: 3263 chars
[paddleocr_vl16] blom_saudi_fund_FY2022_p05.png: 3017 chars
[paddleocr_vl16] blom_saudi_fund_FY2022_p06.png: 2788 chars
[paddleocr_vl16] blom_saudi_fund_FY2022_p07.png: 3310 chars
[paddleocr_vl16] buruj_FY2024_p08.png: 8832 chars
[paddleocr_vl16] buruj_FY2024_p09.png: 6041 chars
[paddleocr_vl16] buruj_FY2024_p10.png: 1761 chars
[paddleocr_vl16] buruj_FY2024_p11.png: 8388 chars
[paddleocr_vl16] buruj_FY2024_p12.png: 7255 chars
[paddleocr_vl16] cenomi_retail_FY2024_p09.png: 5573 chars
[paddleocr_vl16] cenomi_retail_FY2024_p10.png: 9566 chars
[paddleocr_vl16] cenomi_retail_FY2024_p11.png: 4533 chars
[paddleocr_vl16] cenomi_retail_FY2024_p12.png: 6596 chars
[paddleocr_vl16] cenomi_retail_FY2024_p13.png: 6226 chars
[paddleocr_vl16] cenomi_retail_FY2024_p14.png: 4475 chars
[paddleocr_vl16] halwani_FY2024_p07.png: 7409 chars
[paddleocr_vl16] halwani_FY2024_p08.png: 3075 chars
[paddleocr_vl16] halwani_FY2024_p09.png: 3564 chars
[paddleocr_vl16] halwani_FY2024_p10.png: 2718 chars
[paddleocr_vl16] halwani_FY2024_p11.png: 2339 chars
[paddleocr_vl16] halwani_FY2024_p12.png: 4910 chars
[paddleocr_vl16] halwani_FY2024_p13.png: 7255 chars
[paddleocr_vl16] herfy_FY2024_p07.png: 6972 chars
[paddleocr_vl16] herfy_FY2024_p08.png: 4587 chars
[paddleocr_vl16] herfy_FY2024_p09.png: 4335 chars
[paddleocr_vl16] herfy_FY2024_p10.png: 4293 chars
[paddleocr_vl16] kingdom_holding_FY2024_p07.png: 2857 chars
[paddleocr_vl16] kingdom_holding_FY2024_p08.png: 5815 chars
[paddleocr_vl16] kingdom_holding_FY2024_p09.png: 3476 chars
[paddleocr_vl16] kingdom_holding_FY2024_p10.png: 11248 chars
[paddleocr_vl16] kingdom_holding_FY2024_p11.png: 5876 chars
[paddleocr_vl16] liva_FY2024_p07.png: 22135 chars
[paddleocr_vl16] liva_FY2024_p08.png: 3755 chars
[paddleocr_vl16] liva_FY2024_p09.png: 5491 chars
[paddleocr_vl16] liva_FY2024_p10.png: 6731 chars
[paddleocr_vl16] liva_FY2024_p11.png: 7834 chars
[paddleocr_vl16] maadaniyah_Q1-2025_p04.png: 6677 chars
[paddleocr_vl16] maadaniyah_Q1-2025_p05.png: 4358 chars
[paddleocr_vl16] maadaniyah_Q1-2025_p06.png: 1843 chars
[paddleocr_vl16] maadaniyah_Q1-2025_p07.png: 6831 chars
[paddleocr_vl16] maaden_FY2024_p11.png: 4364 chars
[paddleocr_vl16] maaden_FY2024_p12.png: 3404 chars
[paddleocr_vl16] maaden_FY2024_p13.png: 5504 chars
[paddleocr_vl16] maaden_FY2024_p14.png: 12668 chars
[paddleocr_vl16] maaden_FY2024_p15.png: 11433 chars
[paddleocr_vl16] maaden_FY2024_p16.png: 12365 chars
[paddleocr_vl16] mesc_H1-2023_p04.png: 10341 chars
[paddleocr_vl16] mesc_H1-2023_p05.png: 6588 chars
[paddleocr_vl16] mesc_H1-2023_p06.png: 4599 chars
[paddleocr_vl16] mesc_H1-2023_p07.png: 5706 chars
[paddleocr_vl16] musharaka_reit_FY2019_p06.png: 4070 chars
[paddleocr_vl16] musharaka_reit_FY2019_p07.png: 5843 chars
[paddleocr_vl16] musharaka_reit_FY2019_p08.png: 2657 chars
[paddleocr_vl16] musharaka_reit_FY2019_p09.png: 5582 chars
[paddleocr_vl16] musharaka_reit_FY2019_p10.png: 981 chars
[paddleocr_vl16] nama_FY2024_p07.png: 2321 chars
[paddleocr_vl16] nama_FY2024_p08.png: 6702 chars
[paddleocr_vl16] nama_FY2024_p09.png: 4209 chars
[paddleocr_vl16] nama_FY2024_p10.png: 669 chars
[paddleocr_vl16] othaim_FY2024_p07.png: 25233 chars
[paddleocr_vl16] othaim_FY2024_p08.png: 7056 chars
[paddleocr_vl16] othaim_FY2024_p09.png: 5067 chars
[paddleocr_vl16] othaim_FY2024_p10.png: 4798 chars
[paddleocr_vl16] othaim_FY2024_p11.png: 8827 chars
[paddleocr_vl16] othaim_FY2024_p12.png: 4480 chars
[paddleocr_vl16] riyad_aliemar_fund_FY2023_p06.png: 985 chars
[paddleocr_vl16] riyad_aliemar_fund_FY2023_p07.png: 3016 chars
[paddleocr_vl16] riyad_aliemar_fund_FY2023_p08.png: 1688 chars
[paddleocr_vl16] riyad_aliemar_fund_FY2023_p09.png: 2902 chars
[paddleocr_vl16] saudi_re_FY2024_p08.png: 536 chars
[paddleocr_vl16] saudi_re_FY2024_p09.png: 3591 chars
[paddleocr_vl16] saudi_re_FY2024_p10.png: 3077 chars
[paddleocr_vl16] saudi_re_FY2024_p11.png: 21183 chars
[paddleocr_vl16] saudi_re_FY2024_p12.png: 11202 chars
[paddleocr_vl16] sedco_capital_reit_FY2022_p07.png: 492 chars
[paddleocr_vl16] sedco_capital_reit_FY2022_p08.png: 6638 chars
[paddleocr_vl16] sedco_capital_reit_FY2022_p09.png: 1250 chars
[paddleocr_vl16] sedco_capital_reit_FY2022_p10.png: 7011 chars
[paddleocr_vl16] snb_FY2024_p12.png: 7002 chars
[paddleocr_vl16] snb_FY2024_p13.png: 7908 chars
[paddleocr_vl16] snb_FY2024_p14.png: 4436 chars
[paddleocr_vl16] snb_FY2024_p15.png: 36199 chars
[paddleocr_vl16] snb_FY2024_p16.png: 11604 chars
[paddleocr_vl16] taiba_FY2024_p09.png: 4959 chars
[paddleocr_vl16] taiba_FY2024_p10.png: 4064 chars
[paddleocr_vl16] taiba_FY2024_p11.png: 2324 chars
[paddleocr_vl16] taiba_FY2024_p12.png: 6379 chars
[paddleocr_vl16] taiba_FY2024_p13.png: 10854 chars
[paddleocr_vl16] taiba_FY2024_p14.png: 11283 chars
[paddleocr_vl16] DONE 158 pages in 72s
